83c00000 T _start
83c00400 t reset
83c00418 t romReserved
83c0041c t romExcHandle
83c00420 t ramExcHandle
83c00430 T mips_cache_reset
83c00468 T dcache_status
83c00478 T dcache_disable
83c00490 T rlx5281_cache_flush_dcache
83c004c0 T rlx5281_cache_invali_icache
83c004f0 T set_exception_base
83c004f8 T set_cpu_config
83c00598 T next_cpu_config
83c005e8 T flush_cache
83c00604 T do_reset
83c00640 T enable_interrupts
83c00648 T disable_interrupts
83c00650 T lowlevel_init
83c00720 T CP0_status_read
83c0072c T CP0_status_write
83c00740 T en_wb_buf_merge
83c00770 T dis_wb_buf_merge
83c007a0 T is_wb_buf_merge_en
83c007c8 T en_wb_buf
83c007f8 T dis_wb_buf
83c00828 T is_wb_en
83c00850 T en_cache_wa
83c00880 T dis_cache_wa
83c008b0 T is_wa_en
83c008dc T en_uncache_write_merg
83c008f8 T dis_uncache_write_merg
83c00914 T dis_bran_predic
83c00924 T en_bran_predic
83c00938 T is_b_predic_en
83c00960 T lx5281_WriteBpctl
83c00974 T lx5281_ReadBpctl
83c00990 T cpu_eth_init
83c00a48 t rtl8676_write_hwaddr
83c00a68 t rtl8676_halt
83c00a70 t rtl8676_recv
83c00aac t rtl8676_send
83c00ad0 t rtl8676_init
83c00af0 T Lan_RXENABLE
83c00af8 T Lan_RXDISABLE
83c00b00 T Lan_Stop
83c00b58 T Lan_Initialize
83c00d6c T Lan_WriteMac
83c00dc8 T isEthDbgLv
83c00e04 T Lan_Transmit
83c0100c T Lan_Receive
83c0120c T swCore_init
83c014fc T __board_early_init_f
83c014fc W board_early_init_f
83c01504 T boot_gpio_state_set
83c0156c T boot_gpio_value_set
83c01604 T swp_pci
83c0160c T swp_spi
83c01614 T swp_misc
83c0161c T hang
83c01638 t init_func_ram
83c016ac t display_banner
83c01768 T swp_eth
83c01828 T swp_post
83c018a4 T swp_env_set
83c0190c T swp_console_r
83c01914 T swp_studio
83c01930 T swp_uart
83c01a68 T swp_env
83c01aa8 T swp_flash_init
83c01aec T board_init_r
83c01c7c T led_test
83c01d8c T board_init_f
83c01ee4 t linux_env_set
83c01fd4 T do_bootm_linux
83c0235c T __ashldi3
83c023a0 T __lshrdi3
83c023e4 T serial_putc
83c02434 T serial_puts
83c02470 T serial_getc
83c02498 T serial_tstc
83c024ac T serial_setbrg
83c02520 T serial_init
83c0254c T timer_init
83c0255c T get_timer
83c025dc T __udelay
83c025f0 T do_sleep
83c02670 T spi_flash_probe
83c026a8 T spi_flash_free
83c026b0 T otto_spi_flash_read
83c027c8 T spi_flash_init
83c02878 T otto_spi_flash_erase
83c02a18 T otto_spi_flash_write
83c02d20 T AscToBin
83c02db4 T des_encrypt
83c0370c T des_ecb_encrypt
83c037d8 T IsStringN63Cipher
83c03838 T des_is_weak_key
83c0389c T des_set_key
83c03c20 T DecryptN63Password
83c03d34 W do_go_exec
83c03d48 T do_go
83c03de8 T __arch_preboot_os
83c03de8 W arch_preboot_os
83c03df0 t do_bootm_rtems
83c03e48 t do_bootm_netbsd
83c03fe4 t bootm_load_os
83c04218 t bootm_start
83c04600 T do_bootm_subcommand
83c0480c T do_bootm
83c04b04 T bootm_maybe_autostart
83c04b90 T do_debug
83c04c0c T do_help
83c04c68 t SHA256Block
83c04e7c T Check_MAC
83c04f0c T getnext
83c04f94 T str_to_mac
83c05100 t SHA256Write
83c05220 t SHA256Fetch
83c05340 T HPAVKeyDAK
83c05514 t mac_auth
83c05770 T do_manufacture_set
83c058b0 T do_mem_crc
83c059a0 T do_mem_base
83c059ec T do_mem_mtest
83c05be4 T do_mem_cp
83c05d20 T do_mem_cmp
83c05f0c T do_mem_mw
83c06030 t mod_mem
83c06200 T do_mem_nm
83c0622c T do_mem_mm
83c06258 T do_mem_md
83c06394 T do_ping
83c06434 t netboot_common
83c06728 T do_tftpb
83c06738 T do_bootp
83c06748 T get_env_id
83c06758 t do_env
83c067e4 t do_env_delete
83c06808 t do_env_import
83c06aac t do_env_default
83c06b10 T envmatch
83c06ba0 T getenv_f
83c06cb0 T do_env_save
83c06ce4 T getenv
83c06e04 T getenv_ulong
83c06e54 t env_print
83c06f04 T do_env_print
83c06fc8 T _do_env_set
83c073b0 T do_env_set
83c073d8 T setenv
83c07430 t do_env_export
83c07718 T setenv_ulong
83c07748 T do_restore
83c079cc t do_spi_flash
83c07fa8 T fw_head_check
83c0806c T promt_cancel
83c08130 T do_uuimage
83c08384 T do_uuboot
83c085dc T do_uuapp
83c0891c T cmd_get_data_size
83c08998 T cmd_usage
83c08a10 T find_cmd_tbl
83c08aec T find_cmd
83c08b1c T _do_help
83c08e68 t console_setfile
83c08f2c T fgetc
83c08f60 T ftstc
83c08f94 T fputc
83c08fd0 T fputs
83c09008 T had_ctrlc
83c09018 T clear_ctrlc
83c09024 T console_init_r
83c09114 T search_device
83c09150 T console_assign
83c091b0 T fprintf
83c0920c T puts
83c09288 T vprintf
83c092c8 T printf
83c0931c T putc
83c0937c T console_init_f
83c0940c T tstc
83c09440 T getc
83c09474 T ctrlc
83c094dc T mem_malloc_init
83c0950c T sbrk
83c09584 T malloc_trim
83c0967c T free
83c098d4 T malloc
83c09fc8 T calloc
83c0a0b8 T set_default_env
83c0a160 T env_relocate
83c0a1a0 T env_import
83c0a280 T env_get_char
83c0a2ec T env_get_char_spec
83c0a300 T restore_flash
83c0a340 T init_env
83c0a400 T env_init
83c0a420 T env_relocate_spec
83c0a434 T saveenv
83c0a6cc t dummy
83c0a6d4 T get_version
83c0a6dc T jumptable_init
83c0a8a0 T image_multi_getimg
83c0a928 T genimg_get_os_name
83c0a968 T genimg_get_type_name
83c0a9a8 T genimg_get_format
83c0a9c0 T genimg_get_image
83c0a9c8 T genimg_print_size
83c0aa08 T memmove_wd
83c0aa20 T getenv_yesno
83c0aa54 T image_print_contents
83c0ad38 T image_check_dcrc
83c0ad78 T image_check_hcrc
83c0add4 T boot_get_ramdisk
83c0b068 T xmodemGetc
83c0b0c4 t flushinput
83c0b108 T Xdown
83c0b4c4 T update
83c0b8bc T do_update
83c0b97c T __show_boot_progress
83c0b97c W show_boot_progress
83c0b984 T parse_line
83c0ba3c T run_command
83c0be74 T do_run
83c0bf40 t delete_char
83c0c078 t cread_add_char
83c0c1b4 T readline_into_buffer
83c0cb94 T readline
83c0cba8 T main_loop
83c0ce40 t MD5Transform
83c0dcdc T MD5Update
83c0de14 T MD5Final
83c0df14 T MD5Calc
83c0df8c T read_count
83c0e000 T get_key_press
83c0e210 T oplbootMenuShow
83c0e358 T oplbootInitial
83c0e3b0 T SetAppRestoreFlag
83c0e3d8 T oplbootSaveConfig
83c0e3ec T oplbootLoadSystem
83c0e50c t T.80
83c0e644 T MenuReadline
83c0e844 T oplbootParseInput
83c0e8a0 T oplReadline
83c0eb54 T oplbootNameSet
83c0eb90 T oplCommandLineInterface
83c0ed00 T PwReadline
83c0eef4 T bootPwCheck
83c0f15c T menuPasswdmod
83c0f2d0 T oplbootDataType
83c0f39c T oplbootMenuChange
83c0f5cc T oplbootMainloop
83c0f618 T stdio_get_list
83c0f624 T stdio_clone
83c0f68c T stdio_register
83c0f6e0 T stdio_init
83c0f780 T stdio_get_by_name
83c0f7f8 T GregorianDay
83c0f940 T to_tm
83c0fa38 T crc32_no_comp
83c0fbb4 T crc32
83c0fbd4 T crc32_wd
83c0fbdc T print_size
83c0fd9c T print_buffer
83c0ff94 T zunzip
83c100e8 T gunzip
83c101b8 T zfree
83c101c4 T zalloc
83c101e0 T hdestroy_r
83c10288 t cmpkey
83c102a0 T hcreate_r
83c10364 T hexport_r
83c10688 T hsearch_r
83c10970 T hdelete_r
83c10a10 T himport_r
83c10cc8 T string_to_ip
83c10d68 T qsort
83c10efc T __div64_32
83c11058 T strcpy
83c1107c T strncpy
83c110a8 T strcat
83c110dc T strcmp
83c1110c T strncmp
83c11150 T strchr
83c11188 T strlen
83c111a4 T strnlen
83c111cc T strtok
83c11298 T memset
83c11310 T memcpy
83c11394 T memmove
83c113fc T memcmp
83c11434 T strdup
83c11498 T udelay
83c114f4 T mdelay
83c11528 T simple_strtoul
83c115f8 T simple_strtol
83c11634 t put_dec_trunc
83c11768 T simple_itoa
83c117b0 t string
83c11874 t put_dec
83c11a3c t number
83c11d08 T vsprintf
83c12480 T sprintf
83c124ac T strict_strtoul
83c12544 t LzmaDec_WriteRem
83c12604 t LzmaDec_DecodeReal2
83c135c4 t LzmaDec_TryDummy
83c13d30 T LzmaDec_FreeProbs
83c13d68 T LzmaProps_Decode
83c13e10 t LzmaDec_AllocateProbs2
83c13ea0 T LzmaDec_AllocateProbs
83c13f30 T LzmaDec_DecodeToDic
83c1430c T LzmaDecode
83c14440 T lzmaBuffToBuffDecompress
83c14550 t SzFree
83c1455c t SzAlloc
83c14568 T inflate_fast
83c14b1c T inflate_table
83c15028 T inflateReset
83c150a0 T inflateInit2_
83c151c0 T inflateEnd
83c15238 T adler32
83c15538 T zcfree
83c15544 T zcalloc
83c15554 T inflate
83c16c6c T BootpRequest
83c16ed0 t BootpHandler
83c172d4 t BootpTimeout
83c17320 W board_eth_init
83c17320 t __def_eth_init
83c17328 T eth_get_dev
83c17338 T eth_get_dev_index
83c17384 T eth_halt
83c173c8 T eth_send
83c173f4 T eth_rx
83c17418 T eth_get_name
83c17438 t eth_current_changed
83c174b8 T eth_set_current
83c1758c T eth_try_another
83c1761c T eth_register
83c17694 T eth_parse_enetaddr
83c1772c T eth_getenv_enetaddr
83c1779c T eth_getenv_enetaddr_by_index
83c177fc T eth_init
83c17900 T eth_write_hwaddr
83c17a98 T eth_initialize
83c17ca0 t startAgainTimeout
83c17cb0 t startAgainHandler
83c17cb8 T NetSetHandler
83c17cc4 t PingHandler
83c17ce4 T NetCksumOk
83c17d24 T NetEthHdrSize
83c17d54 T copy_filename
83c17da0 T string_to_VLAN
83c17de8 T getenv_VLAN
83c17e08 T ip_to_string
83c17e50 T print_IPaddr
83c17e80 T NetSetIP
83c17f98 T NetSetEther
83c1802c T NetReceive
83c18530 T NetSendPacket
83c18538 T NetSetTimeout
83c18584 t PingTimeout
83c185ac T NetStartAgain
83c186dc T ArpRequest
83c18818 T PingSend
83c189e4 T NetSendUDPPacket
83c18b74 T ArpTimeoutCheck
83c18c08 T net_auto_load
83c18c58 t getenv_IPaddr
83c18c78 T NetLoop
83c1918c t TftpSend
83c19370 T TftpStart
83c196a4 t TftpTimeout
83c19738 t TftpHandler
83c19ad0 T memctls_is_DDR
83c19b0c T memctls_is_DDR2
83c19b48 T memctls_is_DDR3
83c19b8c t pat_start
83c19c00 T dsp_burst_read_write
83c19c00 t pat_end
83c19c50 T memctls_trig_dram_reinit
83c19c50 t dsp_burst_read_write_end
83c19c68 t _dram_init_busy_loop
83c19c84 t DDR3_param_start
83c19d30 T _sys_adj_mem_clk
83c19dfc T sys_adj_mem_clk
83c19dfc t _sys_adj_mem_clk_end
83c19e58 t skip_pll_init
83c19e60 T get_cpu_cycle_per_ms
83c19fa0 T memctlc_dram_size
83c19ff4 T memctlc_is_DDR
83c1a010 T memctlc_is_DDR3
83c1a034 T memctlc_is_DDR2
83c1a054 T _DTR_wtr_frq_mhz
83c1a090 T _DTR_rtp_frq_mhz
83c1a0cc T _DTR_rrd_frq_mhz
83c1a108 T _DTR_rcd_frq_mhz
83c1a144 T _DTR_ras_frq_mhz
83c1a188 T _DTR_wr_frq_mhz
83c1a1c4 T _DTR_DDR2_MRS_setting
83c1a2c4 T _DTR_DDR1_MRS_setting
83c1a340 T memctlc_check_90phase_range
83c1a4a0 T memctlc_check_DQS_range
83c1a668 T _DCR_get_colcnt
83c1a6bc T _DCR_get_buswidth
83c1a720 T memctlc_check_DCR
83c1a890 T _DTR_suggestion
83c1ac68 T _DTR_refresh_freq_mhz
83c1ad04 T memctlc_check_DTR_DDR
83c1b300 T memctlc_check_DTR_DDR2
83c1bbb0 T memctlc_check_DTR_DDR3
83c1c678 T memctlc_check_DTR
83c1c700 T memctlc_check_ZQ
83c1c790 T enable_DRAM_prefech
83c1c800 T cache_flush_adjacent_toggle_line128
83c1cacc T cache_flush_dispersed_toggle_word
83c1ce0c T cache_flush_adjacent_toggle_word
83c1cfc8 T cache_flush_adj_addr
83c1d148 T unaligned_test
83c1d758 T dram_byte_access
83c1d93c T dram_half_word_access
83c1db08 T dram_com_addr_rot
83c1dd48 T dram_addr_rot
83c1df84 T dram_walking_of_0
83c1e140 T dram_walking_of_1
83c1e2fc T dram_normal_patterns
83c1e4b8 T ddr_cmd_parsing
83c1e8a8 T cache_flush_dispersed
83c1ecf0 T cache_flush_adjacent
83c1efb8 T cache_flush_test
83c1f418 T memcpy_test
83c1f5e4 T _dram_test
83c1f714 T dram_test
83c1fa70 T checkboard
83c1fcd8 T initdram
83c1fce8 T board_DSP_freq_hz
83c1fd20 T board_CPU_freq_hz
83c1fd58 T board_LX_freq_hz
83c1fd90 T show_DRAM_phy_parameters
83c1fe70 T chk_dram_cfg
83c200c4 T do_reset_all
83c20104 T do_dram_test
83c20120 T do_dram_dig
83c20330 r C.28.3334
83c20360 r C.33.3490
83c20368 r CSWTCH.204
83c20374 r CSWTCH.47
83c203cc r K.3344
83c20548 r __FUNCTION__.3659
83c20560 r __FUNCTION__.3702
83c20574 r __FUNCTION__.3743
83c20588 r __FUNCTION__.3785
83c20598 r __FUNCTION__.3835
83c205ac r __FUNCTION__.3886
83c205c4 r __FUNCTION__.3931
83c205d8 r __FUNCTION__.3980
83c205e4 r __FUNCTION__.4044
83c205f4 r __FUNCTION__.4639
83c20608 r __func__.3438
83c20614 r __func__.3490
83c20624 r __func__.3619
83c20634 r __func__.3644
83c20640 r __func__.3700
83c20648 r __func__.4335
83c20658 r __func__.4415
83c20668 R _ctype
83c20798 r boot_os
83c207e4 r crc16tab
83c209e4 r crc_table
83c20de4 r dbase.3893
83c20e24 R default_environment
83c20f50 r des_SPtrans
83c21750 r des_skb
83c21f50 r dext.3894
83c21f90 r digits.3644
83c21fa0 r distfix
83c22020 R dram_patterns
83c22070 r erase_seq
83c22074 r failed
83c220f8 R hex_asc
83c22180 r kLiteralNextStates
83c22198 r lbase.3891
83c221d8 r lenfix
83c229d8 r lext.3892
83c22a18 R line_toggle_pattern
83c22a38 r names.3627
83c22a40 r odd_parity
83c22b40 r order.4195
83c22b88 r shifts2.3592
83c28e5c r tab_seq
83c28e68 R toggle_pattern
83c28e98 r uimage_arch
83c28f88 r uimage_comp
83c28fd0 r uimage_os
83c29024 r uimage_type
83c290f4 D regbase
83c290f8 D init_sequence
83c29114 d enable_message
83c29118 D g_szKeyData
83c29124 d weak_keys
83c291a4 d cmd_bootm_sub
83c29234 d dp_last_length
83c29238 D load_addr
83c2923c d cmd_env_sub
83c292fc d env_id
83c29300 d trim_threshold
83c29304 d av_
83c2970c d sbrk_base
83c29710 D env_name_spec
83c29714 d hist_cur
83c29718 d PADDING
83c29758 d erase_seq
83c2975c d tab_seq
83c29768 d menuMain
83c29848 d netUpdateMenu
83c298b8 D stdio_names
83c298c4 d month_days
83c298f4 D NetBcastAddr
83c298fc D NetOurVLAN
83c298fe D NetOurNativeVLAN
83c29900 D TftpRRQTimeoutCountMax
83c29904 d TftpBlkSizeOption
83c29908 d TftpTimeoutMSecs
83c2990c d TftpTimeoutCountMax
83c29910 d TftpBlkSize
83c29914 D DQS_RANGE
83c299b4 D W90_RANGE
83c29a54 D LS_sw_patch_start
83c29a54 D __got_end
83c29a54 D __got_start
83c29a54 D __swp_swp_flash_init
83c29a58 D __swp_swp_env
83c29a5c D __swp_swp_uart
83c29a60 D __swp_swp_pci
83c29a64 D __swp_swp_studio
83c29a68 D __swp_swp_console_r
83c29a6c D __swp_swp_env_set
83c29a70 D __swp_swp_spi
83c29a74 D __swp_swp_misc
83c29a78 D __swp_swp_post
83c29a7c D __swp_swp_eth
83c29a80 D LS_bootm_stack
83c29a80 D LS_sw_patch_end
83c29a80 D __u_boot_cmd_sleep
83c29a80 D __u_boot_cmd_start
83c29a98 D __u_boot_cmd_go
83c29ab0 D __u_boot_cmd_reset
83c29ac8 D __u_boot_cmd_bootm
83c29ae0 D __u_boot_cmd_debug
83c29af8 D __u_boot_cmd_help
83c29b10 D __u_boot_cmd_question_mark
83c29b28 D __u_boot_cmd_manufacture
83c29b40 D __u_boot_cmd_md
83c29b58 D __u_boot_cmd_mm
83c29b70 D __u_boot_cmd_nm
83c29b88 D __u_boot_cmd_mw
83c29ba0 D __u_boot_cmd_cp
83c29bb8 D __u_boot_cmd_cmp
83c29bd0 D __u_boot_cmd_crc32
83c29be8 D __u_boot_cmd_base
83c29c00 D __u_boot_cmd_mtest
83c29c18 D __u_boot_cmd_bootp
83c29c30 D __u_boot_cmd_tftpboot
83c29c48 D __u_boot_cmd_ping
83c29c60 D __u_boot_cmd_saveenv
83c29c78 D __u_boot_cmd_env
83c29c90 D __u_boot_cmd_printenv
83c29ca8 D __u_boot_cmd_setenv
83c29cc0 D __u_boot_cmd_run
83c29cd8 D __u_boot_cmd_restore
83c29cf0 D __u_boot_cmd_sf
83c29d08 D __u_boot_cmd_uuboot
83c29d20 D __u_boot_cmd_uuapp
83c29d38 D __u_boot_cmd_uuimage
83c29d50 D __u_boot_cmd_update
83c29d68 D __u_boot_cmd_mdram_dig
83c29d80 D __u_boot_cmd_mdram_test
83c29d98 D __u_boot_cmd_reset_all
83c29db0 A uboot_end_data
83c29db0 B txBDtail
83c29db0 D __u_boot_cmd_end
83c29db4 B rxBDtail
83c29db8 B Lan_Initialed
83c29dbc B gpio_state_orig_val
83c29dc0 b linux_argc
83c29dc4 b linux_argv
83c29dc8 b linux_env
83c29dcc b linux_env_p
83c29dd0 b linux_env_idx
83c29dd4 b _accumulate_time_ms
83c29dd8 b otto_slave
83c29de0 b otto_sf
83c29e00 B des_check_key
83c29e04 b g_stPwdKey
83c29e84 B debug_flag
83c29e88 b base_address
83c29e8c b dp_last_addr
83c29e90 b dp_last_size
83c29e94 b mm_last_addr
83c29e98 b mm_last_size
83c29e9c B tftp_file_size
83c29ea0 b flash
83c29ea4 b ctrlc_was_pressed
83c29ea8 b ctrlc_disabled
83c29eac B mem_malloc_start
83c29eb0 B mem_malloc_end
83c29eb4 B mem_malloc_brk
83c29eb8 b top_pad
83c29ebc b current_mallinfo
83c29ee4 b max_sbrked_mem
83c29ee8 b max_total_mem
83c29eec B env_htab
83c29ef8 b env_flash
83c29efc b flash_addr
83c29f00 B hist_num
83c29f04 b initted.3991
83c29f08 b hist_max
83c29f0c b hist_add_idx
83c29f10 b lastcommand.3673
83c2a110 b pNow
83c2a114 b oplbootConsoleBuffer
83c2a314 B stdio_devices
83c2a320 b devs
83c2a35c B errno
83c2a360 b local.4088
83c2a378 b env_changed_id.4274
83c2a37c b act.4273
83c2a380 b first_failed.4253
83c2a384 b eth_devices
83c2a388 b eth_current
83c2a38c B NetOurNISDomain
83c2a3ac B NetOurHostName
83c2a3cc B NetOurRootPath
83c2a40c b mac.3653
83c2a414 b env_changed_id.3447
83c2a418 b NetRestarted
83c2a41c b NetDevExists
83c2a420 b packetHandler
83c2a424 b timeHandler
83c2a428 b timeStart
83c2a42c b timeDelta
83c2a430 b NetTryCount
83c2a434 b PingSeqNo
83c2a438 b TftpRemoteIP
83c2a43c b TftpRemotePort
83c2a440 b TftpOurPort
83c2a444 b TftpTimeoutCount
83c2a448 b TftpBlock
83c2a44c b TftpLastBlock
83c2a450 b TftpBlockWrap
83c2a454 b TftpBlockWrapOffset
83c2a458 b TftpState
83c2a45c b default_filename
83c2a46c b tftp_filename
83c2a4ec b g_reset_flag
83c2a4f0 b g_err_handle_block_mode
83c2a500 B pTxBDPtr
83c2a504 B pRxBDPtr
83c2a508 B descriptor_tx
83c2a888 B descriptor_rx
83c2aa88 B monitor_flash_len
83c2aa8c B console_buffer
83c2ac90 B hist_list
83c2ace0 B hist_lines
83c2d4f4 B save_addr
83c2d4f8 B images
83c2d584 B save_size
83c2d588 B ___strtok
83c2d58c B NetArpWaitTry
83c2d590 B NetArpWaitPacketMAC
83c2d594 B NetOurEther
83c2d59c B NetOurIP
83c2d5a0 B NetPingIP
83c2d5a4 B NetServerIP
83c2d5a8 B NetArpWaitTxPacketSize
83c2d5ac B NetArpWaitReplyIP
83c2d5b0 B NetArpWaitTxPacket
83c2d5b4 B NetRxPackets
83c2d5c4 B NetArpWaitPacketIP
83c2d5c8 B NetState
83c2d5cc B BootpTry
83c2d5d0 B BootFile
83c2d650 B NetServerEther
83c2d658 B NetOurSubnetMask
83c2d65c B NetBootFileSize
83c2d660 B NetIPID
83c2d664 B NetRxPacket
83c2d668 B BootpID
83c2d66c B NetOurGatewayIP
83c2d670 B NetEtherNullAddr
83c2d678 B NetRestartWrap
83c2d67c B NetArpWaitPacketBuf
83c2dc9c B NetTxPacket
83c2dca0 B NetBootFileXferSize
83c2dca4 B NetOurDNSIP
83c2dca8 B NetRxPacketLen
83c2dcac B PktBuf
83c2facc B NetArpWaitTimerStart
83c2fad0 A uboot_end
83c31a50 A _gp
