83c00000 T _start
83c00400 t reset
83c00418 t romReserved
83c0041c t romExcHandle
83c00420 t ramExcHandle
83c00430 T mips_cache_reset
83c00468 T dcache_status
83c00478 T dcache_disable
83c00490 T rlx5281_cache_flush_dcache
83c004c0 T rlx5281_cache_invali_icache
83c004f0 T set_exception_base
83c004f8 T set_cpu_config
83c00598 T next_cpu_config
83c005e8 T flush_cache
83c00604 T do_reset
83c00640 T enable_interrupts
83c00648 T disable_interrupts
83c00650 T lowlevel_init
83c00720 T CP0_status_read
83c0072c T CP0_status_write
83c00740 T en_wb_buf_merge
83c00770 T dis_wb_buf_merge
83c007a0 T is_wb_buf_merge_en
83c007c8 T en_wb_buf
83c007f8 T dis_wb_buf
83c00828 T is_wb_en
83c00850 T en_cache_wa
83c00880 T dis_cache_wa
83c008b0 T is_wa_en
83c008dc T en_uncache_write_merg
83c008f8 T dis_uncache_write_merg
83c00914 T dis_bran_predic
83c00924 T en_bran_predic
83c00938 T is_b_predic_en
83c00960 T lx5281_WriteBpctl
83c00974 T lx5281_ReadBpctl
83c00990 T cpu_eth_init
83c00a48 t rtl8676_write_hwaddr
83c00a68 t rtl8676_halt
83c00a70 t rtl8676_recv
83c00aac t rtl8676_send
83c00ad0 t rtl8676_init
83c00af0 T Lan_RXENABLE
83c00af8 T Lan_RXDISABLE
83c00b00 T Lan_Stop
83c00b58 T Lan_Initialize
83c00d6c T Lan_WriteMac
83c00dc8 T isEthDbgLv
83c00e04 T Lan_Transmit
83c0100c T Lan_Receive
83c0120c T swCore_init
83c014fc T __board_early_init_f
83c014fc W board_early_init_f
83c01504 T boot_gpio_state_set
83c0156c T boot_gpio_value_set
83c01604 T swp_pci
83c0160c T swp_spi
83c01614 T swp_misc
83c0161c T hang
83c01638 t init_func_ram
83c016ac t display_banner
83c01768 T swp_eth
83c01828 T swp_post
83c018a4 T swp_env_set
83c0190c T swp_console_r
83c01914 T swp_studio
83c01930 T swp_uart
83c01a68 T swp_env
83c01aa8 T swp_flash_init
83c01aec T board_init_r
83c01c7c T led_test
83c01d8c T board_init_f
83c01ee4 t linux_env_set
83c01fd4 T do_bootm_linux
83c0235c T __ashldi3
83c023a0 T __lshrdi3
83c023e4 T serial_putc
83c02434 T serial_puts
83c02470 T serial_getc
83c02498 T serial_tstc
83c024ac T serial_setbrg
83c02520 T serial_init
83c0254c T timer_init
83c0255c T get_timer
83c025dc T __udelay
83c025f0 T do_sleep
83c02670 T spi_flash_probe
83c026a8 T spi_flash_free
83c026b0 T otto_spi_flash_read
83c027c8 T spi_flash_init
83c02878 T otto_spi_flash_erase
83c02a18 T otto_spi_flash_write
83c02d20 T AscToBin
83c02db4 T des_encrypt
83c0370c T des_ecb_encrypt
83c037d8 T IsStringN63Cipher
83c03838 T des_is_weak_key
83c0389c T des_set_key
83c03c20 T DecryptN63Password
83c03d34 W do_go_exec
83c03d48 T do_go
83c03de8 T __arch_preboot_os
83c03de8 W arch_preboot_os
83c03df0 t do_bootm_rtems
83c03e48 t do_bootm_netbsd
83c03fe4 t bootm_load_os
83c041b4 t bootm_start
83c0459c T do_bootm_subcommand
83c047a8 T do_bootm
83c04aa0 T bootm_maybe_autostart
83c04b2c T do_debug
83c04ba8 T do_help
83c04c04 t SHA256Block
83c04e18 T Check_MAC
83c04ea8 T getnext
83c04f30 T str_to_mac
83c0509c t SHA256Write
83c051bc t SHA256Fetch
83c052dc T HPAVKeyDAK
83c054b0 t mac_auth
83c0570c T do_manufacture_set
83c0584c T do_mem_crc
83c0593c T do_mem_base
83c05988 T do_mem_mtest
83c05b80 T do_mem_cp
83c05cbc T do_mem_cmp
83c05ea8 T do_mem_mw
83c05fcc t mod_mem
83c0619c T do_mem_nm
83c061c8 T do_mem_mm
83c061f4 T do_mem_md
83c06330 T do_ping
83c063d0 t netboot_common
83c066c4 T do_tftpb
83c066d4 T do_bootp
83c066e4 T get_env_id
83c066f4 t do_env
83c06780 t do_env_delete
83c067a4 t do_env_import
83c06a48 t do_env_default
83c06aac T envmatch
83c06b3c T getenv_f
83c06c4c T do_env_save
83c06c80 T getenv
83c06da0 T getenv_ulong
83c06df0 t env_print
83c06ea0 T do_env_print
83c06f64 T _do_env_set
83c0734c T do_env_set
83c07374 T setenv
83c073cc t do_env_export
83c076b4 T setenv_ulong
83c076e4 T do_restore
83c07968 t do_spi_flash
83c07f44 T fw_head_check
83c08008 T promt_cancel
83c080cc T do_uuimage
83c08320 T do_uuboot
83c08578 T do_uuapp
83c088b8 T cmd_get_data_size
83c08934 T cmd_usage
83c089ac T find_cmd_tbl
83c08a88 T find_cmd
83c08ab8 T _do_help
83c08e04 t console_setfile
83c08ec8 T fgetc
83c08efc T ftstc
83c08f30 T fputc
83c08f6c T fputs
83c08fa4 T had_ctrlc
83c08fb4 T clear_ctrlc
83c08fc0 T console_init_r
83c090b0 T search_device
83c090ec T console_assign
83c0914c T fprintf
83c091a8 T puts
83c09224 T vprintf
83c09264 T printf
83c092b8 T putc
83c09318 T console_init_f
83c093a8 T tstc
83c093dc T getc
83c09410 T ctrlc
83c09478 T mem_malloc_init
83c094a8 T sbrk
83c09520 T malloc_trim
83c09618 T free
83c09870 T malloc
83c09f64 T calloc
83c0a054 T set_default_env
83c0a0fc T env_relocate
83c0a13c T env_import
83c0a21c T env_get_char
83c0a288 T env_get_char_spec
83c0a29c T restore_flash
83c0a2dc T init_env
83c0a39c T env_init
83c0a3bc T env_relocate_spec
83c0a3d0 T saveenv
83c0a668 t dummy
83c0a670 T get_version
83c0a678 T jumptable_init
83c0a83c T image_multi_getimg
83c0a8c4 T genimg_get_os_name
83c0a904 T genimg_get_type_name
83c0a944 T genimg_get_format
83c0a95c T genimg_get_image
83c0a964 T genimg_print_size
83c0a9a4 T memmove_wd
83c0a9bc T getenv_yesno
83c0a9f0 T image_print_contents
83c0acd4 T image_check_dcrc
83c0ad14 T image_check_hcrc
83c0ad70 T boot_get_ramdisk
83c0b004 T xmodemGetc
83c0b060 t flushinput
83c0b0a4 T Xdown
83c0b460 T update
83c0b858 T do_update
83c0b918 T __show_boot_progress
83c0b918 W show_boot_progress
83c0b920 T parse_line
83c0b9d8 T run_command
83c0be10 T do_run
83c0bedc t delete_char
83c0c014 t cread_add_char
83c0c150 T readline_into_buffer
83c0cb30 T readline
83c0cb44 T main_loop
83c0cddc t MD5Transform
83c0dc78 T MD5Update
83c0ddb0 T MD5Final
83c0deb0 T MD5Calc
83c0df28 T read_count
83c0df9c T get_key_press
83c0e1ac T oplbootMenuShow
83c0e2f4 T oplbootInitial
83c0e34c T SetAppRestoreFlag
83c0e374 T oplbootSaveConfig
83c0e388 T oplbootLoadSystem
83c0e4a8 t T.80
83c0e5e0 T MenuReadline
83c0e7e0 T oplbootParseInput
83c0e83c T oplReadline
83c0eaf0 T oplbootNameSet
83c0eb2c T oplCommandLineInterface
83c0ec9c T PwReadline
83c0ee90 T bootPwCheck
83c0f0f8 T menuPasswdmod
83c0f26c T oplbootDataType
83c0f338 T oplbootMenuChange
83c0f568 T oplbootMainloop
83c0f5b4 T stdio_get_list
83c0f5c0 T stdio_clone
83c0f628 T stdio_register
83c0f67c T stdio_init
83c0f71c T stdio_get_by_name
83c0f794 T GregorianDay
83c0f8dc T to_tm
83c0f9d4 T crc32_no_comp
83c0fb50 T crc32
83c0fb70 T crc32_wd
83c0fb78 T print_size
83c0fd38 T print_buffer
83c0ff30 T hdestroy_r
83c0ffd8 t cmpkey
83c0fff0 T hcreate_r
83c100b4 T hexport_r
83c103d8 T hsearch_r
83c106c0 T hdelete_r
83c10760 T himport_r
83c10a18 T string_to_ip
83c10ab8 T qsort
83c10c4c T __div64_32
83c10da8 T strcpy
83c10dcc T strncpy
83c10df8 T strcat
83c10e2c T strcmp
83c10e5c T strncmp
83c10ea0 T strchr
83c10ed8 T strlen
83c10ef4 T strnlen
83c10f1c T strtok
83c10fe8 T memset
83c11060 T memcpy
83c110e4 T memmove
83c1114c T memcmp
83c11184 T strdup
83c111e8 T udelay
83c11244 T mdelay
83c11278 T simple_strtoul
83c11348 T simple_strtol
83c11384 t put_dec_trunc
83c114b8 T simple_itoa
83c11500 t string
83c115c4 t put_dec
83c1178c t number
83c11a58 T vsprintf
83c121d0 T sprintf
83c121fc T strict_strtoul
83c12294 t LzmaDec_WriteRem
83c12354 t LzmaDec_DecodeReal2
83c13314 t LzmaDec_TryDummy
83c13a80 T LzmaDec_FreeProbs
83c13ab8 T LzmaProps_Decode
83c13b60 t LzmaDec_AllocateProbs2
83c13bf0 T LzmaDec_AllocateProbs
83c13c80 T LzmaDec_DecodeToDic
83c1405c T LzmaDecode
83c14190 T lzmaBuffToBuffDecompress
83c142a0 t SzFree
83c142ac t SzAlloc
83c142b8 T BootpRequest
83c1451c t BootpHandler
83c14920 t BootpTimeout
83c1496c W board_eth_init
83c1496c t __def_eth_init
83c14974 T eth_get_dev
83c14984 T eth_get_dev_index
83c149d0 T eth_halt
83c14a14 T eth_send
83c14a40 T eth_rx
83c14a64 T eth_get_name
83c14a84 t eth_current_changed
83c14b04 T eth_set_current
83c14bd8 T eth_try_another
83c14c68 T eth_register
83c14ce0 T eth_parse_enetaddr
83c14d78 T eth_getenv_enetaddr
83c14de8 T eth_getenv_enetaddr_by_index
83c14e48 T eth_init
83c14f4c T eth_write_hwaddr
83c150e4 T eth_initialize
83c152ec t startAgainTimeout
83c152fc t startAgainHandler
83c15304 T NetSetHandler
83c15310 t PingHandler
83c15330 T NetCksumOk
83c15370 T NetEthHdrSize
83c153a0 T copy_filename
83c153ec T string_to_VLAN
83c15434 T getenv_VLAN
83c15454 T ip_to_string
83c1549c T print_IPaddr
83c154cc T NetSetIP
83c155e4 T NetSetEther
83c15678 T NetReceive
83c15b7c T NetSendPacket
83c15b84 T NetSetTimeout
83c15bd0 t PingTimeout
83c15bf8 T NetStartAgain
83c15d28 T ArpRequest
83c15e64 T PingSend
83c16030 T NetSendUDPPacket
83c161c0 T ArpTimeoutCheck
83c16254 T net_auto_load
83c162a4 t getenv_IPaddr
83c162c4 T NetLoop
83c167d8 t TftpSend
83c169bc T TftpStart
83c16cf0 t TftpTimeout
83c16d84 t TftpHandler
83c17120 T memctls_is_DDR
83c1715c T memctls_is_DDR2
83c17198 T memctls_is_DDR3
83c171dc t pat_start
83c17250 T dsp_burst_read_write
83c17250 t pat_end
83c172a0 T memctls_trig_dram_reinit
83c172a0 t dsp_burst_read_write_end
83c172b8 t _dram_init_busy_loop
83c172d4 t DDR3_param_start
83c17380 T _sys_adj_mem_clk
83c1744c T sys_adj_mem_clk
83c1744c t _sys_adj_mem_clk_end
83c174a8 t skip_pll_init
83c174b0 T get_cpu_cycle_per_ms
83c175f0 T memctlc_dram_size
83c17644 T memctlc_is_DDR
83c17660 T memctlc_is_DDR3
83c17684 T memctlc_is_DDR2
83c176a4 T _DTR_wtr_frq_mhz
83c176e0 T _DTR_rtp_frq_mhz
83c1771c T _DTR_rrd_frq_mhz
83c17758 T _DTR_rcd_frq_mhz
83c17794 T _DTR_ras_frq_mhz
83c177d8 T _DTR_wr_frq_mhz
83c17814 T _DTR_DDR2_MRS_setting
83c17914 T _DTR_DDR1_MRS_setting
83c17990 T memctlc_check_90phase_range
83c17af0 T memctlc_check_DQS_range
83c17cb8 T _DCR_get_colcnt
83c17d0c T _DCR_get_buswidth
83c17d70 T memctlc_check_DCR
83c17ee0 T _DTR_suggestion
83c182b8 T _DTR_refresh_freq_mhz
83c18354 T memctlc_check_DTR_DDR
83c18950 T memctlc_check_DTR_DDR2
83c19200 T memctlc_check_DTR_DDR3
83c19cc8 T memctlc_check_DTR
83c19d50 T memctlc_check_ZQ
83c19de0 T enable_DRAM_prefech
83c19e50 T cache_flush_adjacent_toggle_line128
83c1a11c T cache_flush_dispersed_toggle_word
83c1a45c T cache_flush_adjacent_toggle_word
83c1a618 T cache_flush_adj_addr
83c1a798 T unaligned_test
83c1ada8 T dram_byte_access
83c1af8c T dram_half_word_access
83c1b158 T dram_com_addr_rot
83c1b398 T dram_addr_rot
83c1b5d4 T dram_walking_of_0
83c1b790 T dram_walking_of_1
83c1b94c T dram_normal_patterns
83c1bb08 T ddr_cmd_parsing
83c1bef8 T cache_flush_dispersed
83c1c340 T cache_flush_adjacent
83c1c608 T cache_flush_test
83c1ca68 T memcpy_test
83c1cc34 T _dram_test
83c1cd64 T dram_test
83c1d0c0 T checkboard
83c1d328 T initdram
83c1d338 T board_DSP_freq_hz
83c1d370 T board_CPU_freq_hz
83c1d3a8 T board_LX_freq_hz
83c1d3e0 T show_DRAM_phy_parameters
83c1d4c0 T chk_dram_cfg
83c1d714 T do_reset_all
83c1d754 T do_dram_test
83c1d770 T do_dram_dig
83c1d980 r C.28.3334
83c1d9b0 r C.33.3490
83c1d9b8 r CSWTCH.204
83c1d9c4 r CSWTCH.47
83c1da1c r K.3344
83c1db98 r __FUNCTION__.3659
83c1dbb0 r __FUNCTION__.3702
83c1dbc4 r __FUNCTION__.3743
83c1dbd8 r __FUNCTION__.3785
83c1dbe8 r __FUNCTION__.3835
83c1dbfc r __FUNCTION__.3886
83c1dc14 r __FUNCTION__.3931
83c1dc28 r __FUNCTION__.3980
83c1dc34 r __FUNCTION__.4044
83c1dc44 r __FUNCTION__.4639
83c1dc58 r __func__.3438
83c1dc64 r __func__.3490
83c1dc74 r __func__.3619
83c1dc84 r __func__.3644
83c1dc90 r __func__.3700
83c1dc98 r __func__.4335
83c1dca8 r __func__.4415
83c1dcb8 R _ctype
83c1dde8 r boot_os
83c1de34 r crc16tab
83c1e034 r crc_table
83c1e434 R default_environment
83c1e560 r des_SPtrans
83c1ed60 r des_skb
83c1f560 r digits.3644
83c1f570 R dram_patterns
83c1f5c0 r erase_seq
83c1f5c4 r failed
83c1f648 R hex_asc
83c1f65c r kLiteralNextStates
83c1f674 R line_toggle_pattern
83c1f694 r names.3627
83c1f69c r odd_parity
83c1f7bc r shifts2.3592
83c2576c r tab_seq
83c25778 R toggle_pattern
83c257a8 r uimage_arch
83c25898 r uimage_comp
83c258e0 r uimage_os
83c25934 r uimage_type
83c25a04 D regbase
83c25a08 D init_sequence
83c25a24 d enable_message
83c25a28 D g_szKeyData
83c25a34 d weak_keys
83c25ab4 d cmd_bootm_sub
83c25b44 d dp_last_length
83c25b48 D load_addr
83c25b4c d cmd_env_sub
83c25c0c d env_id
83c25c10 d trim_threshold
83c25c14 d av_
83c2601c d sbrk_base
83c26020 D env_name_spec
83c26024 d hist_cur
83c26028 d PADDING
83c26068 d erase_seq
83c2606c d tab_seq
83c26078 d menuMain
83c26158 d netUpdateMenu
83c261c8 D stdio_names
83c261d4 d month_days
83c26204 D NetBcastAddr
83c2620c D NetOurVLAN
83c2620e D NetOurNativeVLAN
83c26210 D TftpRRQTimeoutCountMax
83c26214 d TftpBlkSizeOption
83c26218 d TftpTimeoutMSecs
83c2621c d TftpTimeoutCountMax
83c26220 d TftpBlkSize
83c26224 D DQS_RANGE
83c262c4 D W90_RANGE
83c26364 D LS_sw_patch_start
83c26364 D __got_end
83c26364 D __got_start
83c26364 D __swp_swp_flash_init
83c26368 D __swp_swp_env
83c2636c D __swp_swp_uart
83c26370 D __swp_swp_pci
83c26374 D __swp_swp_studio
83c26378 D __swp_swp_console_r
83c2637c D __swp_swp_env_set
83c26380 D __swp_swp_spi
83c26384 D __swp_swp_misc
83c26388 D __swp_swp_post
83c2638c D __swp_swp_eth
83c26390 D LS_bootm_stack
83c26390 D LS_sw_patch_end
83c26390 D __u_boot_cmd_sleep
83c26390 D __u_boot_cmd_start
83c263a8 D __u_boot_cmd_go
83c263c0 D __u_boot_cmd_reset
83c263d8 D __u_boot_cmd_bootm
83c263f0 D __u_boot_cmd_debug
83c26408 D __u_boot_cmd_help
83c26420 D __u_boot_cmd_question_mark
83c26438 D __u_boot_cmd_manufacture
83c26450 D __u_boot_cmd_md
83c26468 D __u_boot_cmd_mm
83c26480 D __u_boot_cmd_nm
83c26498 D __u_boot_cmd_mw
83c264b0 D __u_boot_cmd_cp
83c264c8 D __u_boot_cmd_cmp
83c264e0 D __u_boot_cmd_crc32
83c264f8 D __u_boot_cmd_base
83c26510 D __u_boot_cmd_mtest
83c26528 D __u_boot_cmd_bootp
83c26540 D __u_boot_cmd_tftpboot
83c26558 D __u_boot_cmd_ping
83c26570 D __u_boot_cmd_saveenv
83c26588 D __u_boot_cmd_env
83c265a0 D __u_boot_cmd_printenv
83c265b8 D __u_boot_cmd_setenv
83c265d0 D __u_boot_cmd_run
83c265e8 D __u_boot_cmd_restore
83c26600 D __u_boot_cmd_sf
83c26618 D __u_boot_cmd_uuboot
83c26630 D __u_boot_cmd_uuapp
83c26648 D __u_boot_cmd_uuimage
83c26660 D __u_boot_cmd_update
83c26678 D __u_boot_cmd_mdram_dig
83c26690 D __u_boot_cmd_mdram_test
83c266a8 D __u_boot_cmd_reset_all
83c266c0 A uboot_end_data
83c266c0 B txBDtail
83c266c0 D __u_boot_cmd_end
83c266c4 B rxBDtail
83c266c8 B Lan_Initialed
83c266cc B gpio_state_orig_val
83c266d0 b linux_argc
83c266d4 b linux_argv
83c266d8 b linux_env
83c266dc b linux_env_p
83c266e0 b linux_env_idx
83c266e4 b _accumulate_time_ms
83c266e8 b otto_slave
83c266f0 b otto_sf
83c26710 B des_check_key
83c26714 b g_stPwdKey
83c26794 B debug_flag
83c26798 b base_address
83c2679c b dp_last_addr
83c267a0 b dp_last_size
83c267a4 b mm_last_addr
83c267a8 b mm_last_size
83c267ac B tftp_file_size
83c267b0 b flash
83c267b4 b ctrlc_was_pressed
83c267b8 b ctrlc_disabled
83c267bc B mem_malloc_start
83c267c0 B mem_malloc_end
83c267c4 B mem_malloc_brk
83c267c8 b top_pad
83c267cc b current_mallinfo
83c267f4 b max_sbrked_mem
83c267f8 b max_total_mem
83c267fc B env_htab
83c26808 b env_flash
83c2680c b flash_addr
83c26810 B hist_num
83c26814 b initted.3991
83c26818 b hist_max
83c2681c b hist_add_idx
83c26820 b lastcommand.3673
83c26a20 b pNow
83c26a24 b oplbootConsoleBuffer
83c26c24 B stdio_devices
83c26c30 b devs
83c26c6c B errno
83c26c70 b local.4088
83c26c88 b env_changed_id.4274
83c26c8c b act.4273
83c26c90 b first_failed.4253
83c26c94 b eth_devices
83c26c98 b eth_current
83c26c9c B NetOurNISDomain
83c26cbc B NetOurHostName
83c26cdc B NetOurRootPath
83c26d1c b mac.3653
83c26d24 b env_changed_id.3447
83c26d28 b NetRestarted
83c26d2c b NetDevExists
83c26d30 b packetHandler
83c26d34 b timeHandler
83c26d38 b timeStart
83c26d3c b timeDelta
83c26d40 b NetTryCount
83c26d44 b PingSeqNo
83c26d48 b TftpRemoteIP
83c26d4c b TftpRemotePort
83c26d50 b TftpOurPort
83c26d54 b TftpTimeoutCount
83c26d58 b TftpBlock
83c26d5c b TftpLastBlock
83c26d60 b TftpBlockWrap
83c26d64 b TftpBlockWrapOffset
83c26d68 b TftpState
83c26d6c b default_filename
83c26d7c b tftp_filename
83c26dfc b g_reset_flag
83c26e00 b g_err_handle_block_mode
83c26e10 B pTxBDPtr
83c26e14 B pRxBDPtr
83c26e18 B descriptor_tx
83c27198 B descriptor_rx
83c27398 B monitor_flash_len
83c2739c B console_buffer
83c275a0 B hist_list
83c275f0 B hist_lines
83c29e04 B save_addr
83c29e08 B images
83c29e94 B save_size
83c29e98 B ___strtok
83c29e9c B NetArpWaitTry
83c29ea0 B NetArpWaitPacketMAC
83c29ea4 B NetOurEther
83c29eac B NetOurIP
83c29eb0 B NetPingIP
83c29eb4 B NetServerIP
83c29eb8 B NetArpWaitTxPacketSize
83c29ebc B NetArpWaitReplyIP
83c29ec0 B NetArpWaitTxPacket
83c29ec4 B NetRxPackets
83c29ed4 B NetArpWaitPacketIP
83c29ed8 B NetState
83c29edc B BootpTry
83c29ee0 B BootFile
83c29f60 B NetServerEther
83c29f68 B NetOurSubnetMask
83c29f6c B NetBootFileSize
83c29f70 B NetIPID
83c29f74 B NetRxPacket
83c29f78 B BootpID
83c29f7c B NetOurGatewayIP
83c29f80 B NetEtherNullAddr
83c29f88 B NetRestartWrap
83c29f8c B NetArpWaitPacketBuf
83c2a5ac B NetTxPacket
83c2a5b0 B NetBootFileXferSize
83c2a5b4 B NetOurDNSIP
83c2a5b8 B NetRxPacketLen
83c2a5bc B PktBuf
83c2c3dc B NetArpWaitTimerStart
83c2c3e0 A uboot_end
83c2e360 A _gp
