
Allocating common symbols
Common symbol       size              file

console_buffer      0x201             common/libcommon.o
NetArpWaitTry       0x4               net/libnet.o
NetArpWaitPacketMAC
                    0x4               net/libnet.o
hist_list           0x50              common/libcommon.o
hist_lines          0x2814            common/libcommon.o
NetOurEther         0x6               net/libnet.o
NetOurIP            0x4               net/libnet.o
NetPingIP           0x4               net/libnet.o
NetServerIP         0x4               net/libnet.o
monitor_flash_len   0x4               arch/otto/lib/libotto.o
save_addr           0x4               common/libcommon.o
___strtok           0x4               lib/libgeneric.o
NetArpWaitTxPacketSize
                    0x4               net/libnet.o
NetArpWaitReplyIP   0x4               net/libnet.o
NetArpWaitTxPacket  0x4               net/libnet.o
NetRxPackets        0x10              net/libnet.o
NetArpWaitPacketIP  0x4               net/libnet.o
NetState            0x4               net/libnet.o
BootpTry            0x4               net/libnet.o
BootFile            0x80              net/libnet.o
NetServerEther      0x6               net/libnet.o
pTxBDPtr            0x4               arch/otto/cpu/rlx5281/luna/libluna.o
pRxBDPtr            0x4               arch/otto/cpu/rlx5281/luna/libluna.o
NetOurSubnetMask    0x4               net/libnet.o
NetBootFileSize     0x2               net/libnet.o
descriptor_tx       0x380             arch/otto/cpu/rlx5281/luna/libluna.o
NetIPID             0x4               net/libnet.o
NetRxPacket         0x4               net/libnet.o
images              0x8c              common/libcommon.o
BootpID             0x4               net/libnet.o
NetOurGatewayIP     0x4               net/libnet.o
NetEtherNullAddr    0x6               net/libnet.o
NetRestartWrap      0x4               net/libnet.o
save_size           0x4               common/libcommon.o
descriptor_rx       0x200             arch/otto/cpu/rlx5281/luna/libluna.o
NetArpWaitPacketBuf
                    0x620             net/libnet.o
NetTxPacket         0x4               net/libnet.o
NetBootFileXferSize
                    0x4               net/libnet.o
NetOurDNSIP         0x4               net/libnet.o
NetRxPacketLen      0x4               net/libnet.o
PktBuf              0x1e20            net/libnet.o
NetArpWaitTimerStart
                    0x4               net/libnet.o

Discarded input sections

 .data          0x00000000        0x0 arch/otto/cpu/rlx5281/start.o
 .bss           0x00000000        0x0 arch/otto/cpu/rlx5281/start.o
 .reginfo       0x00000000       0x18 arch/otto/cpu/rlx5281/start.o
 .reginfo       0x00000000       0x18 arch/otto/cpu/rlx5281/librlx5281.o
 .text.write_one_tlb
                0x00000000       0x1c arch/otto/cpu/rlx5281/librlx5281.o
 .text.show_cpu_config
                0x00000000       0xc8 arch/otto/cpu/rlx5281/librlx5281.o
 .data          0x00000000        0x0 arch/otto/cpu/rlx5281/librlx5281.o
 .bss           0x00000000        0x0 arch/otto/cpu/rlx5281/librlx5281.o
 .pdr           0x00000000      0x1c0 arch/otto/cpu/rlx5281/librlx5281.o
 .reginfo       0x00000000       0x18 arch/otto/cpu/rlx5281/luna/libluna.o
 .text.rtl8676_get_busfreq
                0x00000000        0x8 arch/otto/cpu/rlx5281/luna/libluna.o
 .data          0x00000000        0x0 arch/otto/cpu/rlx5281/luna/libluna.o
 .bss           0x00000000        0x0 arch/otto/cpu/rlx5281/luna/libluna.o
 .bss.txBDhead  0x00000000        0x4 arch/otto/cpu/rlx5281/luna/libluna.o
 .pdr           0x00000000      0x460 arch/otto/cpu/rlx5281/luna/libluna.o
 .reginfo       0x00000000       0x18 arch/otto/lib/libotto.o
 .text          0x00000000        0x0 arch/otto/lib/libotto.o
 .text.boot_gpio_mode_set
                0x00000000       0x44 arch/otto/lib/libotto.o
 .text.boot_gpio_databit_set
                0x00000000       0x44 arch/otto/lib/libotto.o
 .text.__ashrdi3
                0x00000000       0x44 arch/otto/lib/libotto.o
 .text.serial_putc_raw
                0x00000000       0x1c arch/otto/lib/libotto.o
 .text.spi_disable_message
                0x00000000        0xc arch/otto/lib/libotto.o
 .text.spi_enable_message
                0x00000000       0x10 arch/otto/lib/libotto.o
 .data          0x00000000        0x0 arch/otto/lib/libotto.o
 .data.mips_io_port_base
                0x00000000        0x4 arch/otto/lib/libotto.o
 .bss           0x00000000        0x0 arch/otto/lib/libotto.o
 .pdr           0x00000000      0x5c0 arch/otto/lib/libotto.o
 .reginfo       0x00000000       0x18 common/libcommon.o
 .text          0x00000000        0x0 common/libcommon.o
 .text.QuestionMarkToa
                0x00000000       0x14 common/libcommon.o
 .text.aToQuestionMark
                0x00000000       0x14 common/libcommon.o
 .text.BinToAsc
                0x00000000       0x9c common/libcommon.o
 .text.des_set_odd_parity
[...]
Memory Configuration

Name             Origin             Length             Attributes
*default*        0x00000000         0xffffffff

Linker script and memory map

                0x00000000                . = 0x0
                0x00000000                . = ALIGN (0x4)

.text           0x83c00000    0x1d7b4
 *(.text*)
 .text          0x83c00000      0x430 arch/otto/cpu/rlx5281/start.o
                0x83c00000                _start
 .text          0x83c00430       0xc0 arch/otto/cpu/rlx5281/librlx5281.o
                0x83c00430                mips_cache_reset
                0x83c00468                dcache_status
                0x83c00478                dcache_disable
                0x83c00490                rlx5281_cache_flush_dcache
                0x83c004c0                rlx5281_cache_invali_icache
 .text.set_exception_base
                0x83c004f0        0x8 arch/otto/cpu/rlx5281/librlx5281.o
                0x83c004f0                set_exception_base
 .text.set_cpu_config
                0x83c004f8       0xa0 arch/otto/cpu/rlx5281/librlx5281.o
                0x83c004f8                set_cpu_config
 .text.next_cpu_config
                0x83c00598       0x50 arch/otto/cpu/rlx5281/librlx5281.o
                0x83c00598                next_cpu_config
 .text.flush_cache
                0x83c005e8       0x1c arch/otto/cpu/rlx5281/librlx5281.o
                0x83c005e8                flush_cache
 .text.do_reset
                0x83c00604       0x3c arch/otto/cpu/rlx5281/librlx5281.o
                0x83c00604                do_reset
 .text.enable_interrupts
                0x83c00640        0x8 arch/otto/cpu/rlx5281/librlx5281.o
                0x83c00640                enable_interrupts
 .text.disable_interrupts
                0x83c00648        0x8 arch/otto/cpu/rlx5281/librlx5281.o
                0x83c00648                disable_interrupts
 .text          0x83c00650      0x340 arch/otto/cpu/rlx5281/luna/libluna.o
                0x83c00650                lowlevel_init
                0x83c00720                CP0_status_read
                0x83c0072c                CP0_status_write
                0x83c00740                en_wb_buf_merge
                0x83c00770                dis_wb_buf_merge
                0x83c007a0                is_wb_buf_merge_en
                0x83c007c8                en_wb_buf
                0x83c007f8                dis_wb_buf
                0x83c00828                is_wb_en
                0x83c00850                en_cache_wa
                0x83c00880                dis_cache_wa
                0x83c008b0                is_wa_en
                0x83c008dc                en_uncache_write_merg
                0x83c008f8                dis_uncache_write_merg
                0x83c00914                dis_bran_predic
                0x83c00924                en_bran_predic
                0x83c00938                is_b_predic_en
                0x83c00960                lx5281_WriteBpctl
                0x83c00974                lx5281_ReadBpctl
 .text.cpu_eth_init
                0x83c00990       0xb8 arch/otto/cpu/rlx5281/luna/libluna.o
                0x83c00990                cpu_eth_init
 .text.rtl8676_write_hwaddr
                0x83c00a48       0x20 arch/otto/cpu/rlx5281/luna/libluna.o
 .text.rtl8676_halt
                0x83c00a68        0x8 arch/otto/cpu/rlx5281/luna/libluna.o
 .text.rtl8676_recv
                0x83c00a70       0x3c arch/otto/cpu/rlx5281/luna/libluna.o
 .text.rtl8676_send
                0x83c00aac       0x24 arch/otto/cpu/rlx5281/luna/libluna.o
 .text.rtl8676_init
                0x83c00ad0       0x20 arch/otto/cpu/rlx5281/luna/libluna.o
 .text.Lan_RXENABLE
                0x83c00af0        0x8 arch/otto/cpu/rlx5281/luna/libluna.o
                0x83c00af0                Lan_RXENABLE
 .text.Lan_RXDISABLE
                0x83c00af8        0x8 arch/otto/cpu/rlx5281/luna/libluna.o
                0x83c00af8                Lan_RXDISABLE
 .text.Lan_Stop
                0x83c00b00       0x58 arch/otto/cpu/rlx5281/luna/libluna.o
                0x83c00b00                Lan_Stop
 .text.Lan_Initialize
                0x83c00b58      0x214 arch/otto/cpu/rlx5281/luna/libluna.o
                0x83c00b58                Lan_Initialize
 .text.Lan_WriteMac
                0x83c00d6c       0x5c arch/otto/cpu/rlx5281/luna/libluna.o
                0x83c00d6c                Lan_WriteMac
 .text.isEthDbgLv
                0x83c00dc8       0x3c arch/otto/cpu/rlx5281/luna/libluna.o
                0x83c00dc8                isEthDbgLv
 .text.Lan_Transmit
                0x83c00e04      0x208 arch/otto/cpu/rlx5281/luna/libluna.o
                0x83c00e04                Lan_Transmit
 .text.Lan_Receive
                0x83c0100c      0x200 arch/otto/cpu/rlx5281/luna/libluna.o
                0x83c0100c                Lan_Receive
 .text.swCore_init
                0x83c0120c      0x2f0 arch/otto/cpu/rlx5281/luna/libluna.o
                0x83c0120c                swCore_init
 .text.__board_early_init_f
                0x83c014fc        0x8 arch/otto/lib/libotto.o
                0x83c014fc                __board_early_init_f
                0x83c014fc                board_early_init_f
 .text.boot_gpio_state_set
                0x83c01504       0x68 arch/otto/lib/libotto.o
                0x83c01504                boot_gpio_state_set
 .text.boot_gpio_value_set
                0x83c0156c       0x98 arch/otto/lib/libotto.o
                0x83c0156c                boot_gpio_value_set
 .text.swp_pci  0x83c01604        0x8 arch/otto/lib/libotto.o
                0x83c01604                swp_pci
 .text.swp_spi  0x83c0160c        0x8 arch/otto/lib/libotto.o
                0x83c0160c                swp_spi
 .text.swp_misc
                0x83c01614        0x8 arch/otto/lib/libotto.o
                0x83c01614                swp_misc
 .text.hang     0x83c0161c       0x1c arch/otto/lib/libotto.o
                0x83c0161c                hang
 .text.init_func_ram
                0x83c01638       0x74 arch/otto/lib/libotto.o
 .text.display_banner
                0x83c016ac       0xbc arch/otto/lib/libotto.o
 .text.swp_eth  0x83c01768       0xc0 arch/otto/lib/libotto.o
                0x83c01768                swp_eth
 .text.swp_post
                0x83c01828       0x7c arch/otto/lib/libotto.o
                0x83c01828                swp_post
 .text.swp_env_set
                0x83c018a4       0x68 arch/otto/lib/libotto.o
                0x83c018a4                swp_env_set
 .text.swp_console_r
                0x83c0190c        0x8 arch/otto/lib/libotto.o
                0x83c0190c                swp_console_r
 .text.swp_studio
                0x83c01914       0x1c arch/otto/lib/libotto.o
                0x83c01914                swp_studio
 .text.swp_uart
                0x83c01930      0x138 arch/otto/lib/libotto.o
                0x83c01930                swp_uart
 .text.swp_env  0x83c01a68       0x40 arch/otto/lib/libotto.o
                0x83c01a68                swp_env
 .text.swp_flash_init
                0x83c01aa8       0x44 arch/otto/lib/libotto.o
                0x83c01aa8                swp_flash_init
 .text.board_init_r
                0x83c01aec      0x190 arch/otto/lib/libotto.o
                0x83c01aec                board_init_r
 .text.led_test
                0x83c01c7c      0x110 arch/otto/lib/libotto.o
                0x83c01c7c                led_test
 .text.board_init_f
                0x83c01d8c      0x158 arch/otto/lib/libotto.o
                0x83c01d8c                board_init_f
 .text.linux_env_set
                0x83c01ee4       0xf0 arch/otto/lib/libotto.o
 .text.do_bootm_linux
                0x83c01fd4      0x388 arch/otto/lib/libotto.o
                0x83c01fd4                do_bootm_linux
 .text.__ashldi3
                0x83c0235c       0x44 arch/otto/lib/libotto.o
                0x83c0235c                __ashldi3
 .text.__lshrdi3
                0x83c023a0       0x44 arch/otto/lib/libotto.o
                0x83c023a0                __lshrdi3
 .text.serial_putc
                0x83c023e4       0x50 arch/otto/lib/libotto.o
                0x83c023e4                serial_putc
 .text.serial_puts
                0x83c02434       0x3c arch/otto/lib/libotto.o
                0x83c02434                serial_puts
 .text.serial_getc
                0x83c02470       0x28 arch/otto/lib/libotto.o
                0x83c02470                serial_getc
 .text.serial_tstc
                0x83c02498       0x14 arch/otto/lib/libotto.o
                0x83c02498                serial_tstc
 .text.serial_setbrg
                0x83c024ac       0x74 arch/otto/lib/libotto.o
                0x83c024ac                serial_setbrg
 .text.serial_init
                0x83c02520       0x2c arch/otto/lib/libotto.o
                0x83c02520                serial_init
 .text.timer_init
                0x83c0254c       0x10 arch/otto/lib/libotto.o
                0x83c0254c                timer_init
 .text.get_timer
                0x83c0255c       0x80 arch/otto/lib/libotto.o
                0x83c0255c                get_timer
 .text.__udelay
                0x83c025dc       0x14 arch/otto/lib/libotto.o
                0x83c025dc                __udelay
 .text.do_sleep
                0x83c025f0       0x80 arch/otto/lib/libotto.o
                0x83c025f0                do_sleep
 .text.spi_flash_probe
                0x83c02670       0x38 arch/otto/lib/libotto.o
                0x83c02670                spi_flash_probe
 .text.spi_flash_free
                0x83c026a8        0x8 arch/otto/lib/libotto.o
                0x83c026a8                spi_flash_free
 .text.otto_spi_flash_read
                0x83c026b0      0x118 arch/otto/lib/libotto.o
                0x83c026b0                otto_spi_flash_read
 .text.spi_flash_init
                0x83c027c8       0xb0 arch/otto/lib/libotto.o
                0x83c027c8                spi_flash_init
 .text.otto_spi_flash_erase
                0x83c02878      0x1a0 arch/otto/lib/libotto.o
                0x83c02878                otto_spi_flash_erase
 .text.otto_spi_flash_write
                0x83c02a18      0x308 arch/otto/lib/libotto.o
                0x83c02a18                otto_spi_flash_write
 .text.AscToBin
                0x83c02d20       0x94 common/libcommon.o
                0x83c02d20                AscToBin
 .text.des_encrypt
                0x83c02db4      0x958 common/libcommon.o
                0x83c02db4                des_encrypt
 .text.des_ecb_encrypt
                0x83c0370c       0xcc common/libcommon.o
                0x83c0370c                des_ecb_encrypt
 .text.IsStringN63Cipher
                0x83c037d8       0x60 common/libcommon.o
                0x83c037d8                IsStringN63Cipher
 .text.des_is_weak_key
                0x83c03838       0x64 common/libcommon.o
                0x83c03838                des_is_weak_key
 .text.des_set_key
                0x83c0389c      0x384 common/libcommon.o
                0x83c0389c                des_set_key
 .text.DecryptN63Password
                0x83c03c20      0x114 common/libcommon.o
                0x83c03c20                DecryptN63Password
 .text.do_go_exec
                0x83c03d34       0x14 common/libcommon.o
                0x83c03d34                do_go_exec
 .text.do_go    0x83c03d48       0xa0 common/libcommon.o
                0x83c03d48                do_go
 .text.__arch_preboot_os
                0x83c03de8        0x8 common/libcommon.o
                0x83c03de8                arch_preboot_os
                0x83c03de8                __arch_preboot_os
 .text.do_bootm_rtems
                0x83c03df0       0x58 common/libcommon.o
 .text.do_bootm_netbsd
                0x83c03e48      0x19c common/libcommon.o
 .text.bootm_load_os
                0x83c03fe4      0x1d0 common/libcommon.o
 .text.bootm_start
                0x83c041b4      0x3e8 common/libcommon.o
 .text.do_bootm_subcommand
                0x83c0459c      0x20c common/libcommon.o
                0x83c0459c                do_bootm_subcommand
 .text.do_bootm
                0x83c047a8      0x2f8 common/libcommon.o
                0x83c047a8                do_bootm
 .text.bootm_maybe_autostart
                0x83c04aa0       0x8c common/libcommon.o
                0x83c04aa0                bootm_maybe_autostart
 .text.do_debug
                0x83c04b2c       0x7c common/libcommon.o
                0x83c04b2c                do_debug
 .text.do_help  0x83c04ba8       0x5c common/libcommon.o
                0x83c04ba8                do_help
 .text.SHA256Block
                0x83c04c04      0x214 common/libcommon.o
 .text.Check_MAC
                0x83c04e18       0x90 common/libcommon.o
                0x83c04e18                Check_MAC
 .text.getnext  0x83c04ea8       0x88 common/libcommon.o
                0x83c04ea8                getnext
 .text.str_to_mac
                0x83c04f30      0x16c common/libcommon.o
                0x83c04f30                str_to_mac
 .text.SHA256Write
                0x83c0509c      0x120 common/libcommon.o
 .text.SHA256Fetch
                0x83c051bc      0x120 common/libcommon.o
 .text.HPAVKeyDAK
                0x83c052dc      0x1d4 common/libcommon.o
                0x83c052dc                HPAVKeyDAK
 .text.mac_auth
                0x83c054b0      0x25c common/libcommon.o
 .text.do_manufacture_set
                0x83c0570c      0x140 common/libcommon.o
                0x83c0570c                do_manufacture_set
 .text.do_mem_crc
                0x83c0584c       0xf0 common/libcommon.o
                0x83c0584c                do_mem_crc
 .text.do_mem_base
                0x83c0593c       0x4c common/libcommon.o
                0x83c0593c                do_mem_base
 .text.do_mem_mtest
                0x83c05988      0x1f8 common/libcommon.o
                0x83c05988                do_mem_mtest
 .text.do_mem_cp
                0x83c05b80      0x13c common/libcommon.o
                0x83c05b80                do_mem_cp
 .text.do_mem_cmp
                0x83c05cbc      0x1ec common/libcommon.o
                0x83c05cbc                do_mem_cmp
 .text.do_mem_mw
                0x83c05ea8      0x124 common/libcommon.o
                0x83c05ea8                do_mem_mw
 .text.mod_mem  0x83c05fcc      0x1d0 common/libcommon.o
 .text.do_mem_nm
                0x83c0619c       0x2c common/libcommon.o
                0x83c0619c                do_mem_nm
 .text.do_mem_mm
                0x83c061c8       0x2c common/libcommon.o
                0x83c061c8                do_mem_mm
 .text.do_mem_md
                0x83c061f4      0x13c common/libcommon.o
                0x83c061f4                do_mem_md
 .text.do_ping  0x83c06330       0xa0 common/libcommon.o
                0x83c06330                do_ping
 .text.netboot_common
                0x83c063d0      0x2f4 common/libcommon.o
 .text.do_tftpb
                0x83c066c4       0x10 common/libcommon.o
                0x83c066c4                do_tftpb
 .text.do_bootp
                0x83c066d4       0x10 common/libcommon.o
                0x83c066d4                do_bootp
 .text.get_env_id
                0x83c066e4       0x10 common/libcommon.o
                0x83c066e4                get_env_id
 .text.do_env   0x83c066f4       0x8c common/libcommon.o
 .text.do_env_delete
                0x83c06780       0x24 common/libcommon.o
 .text.do_env_import
                0x83c067a4      0x2a4 common/libcommon.o
 .text.do_env_default
                0x83c06a48       0x64 common/libcommon.o
 .text.envmatch
                0x83c06aac       0x90 common/libcommon.o
                0x83c06aac                envmatch
 .text.getenv_f
                0x83c06b3c      0x110 common/libcommon.o
                0x83c06b3c                getenv_f
 .text.do_env_save
                0x83c06c4c       0x34 common/libcommon.o
                0x83c06c4c                do_env_save
 .text.getenv   0x83c06c80      0x120 common/libcommon.o
                0x83c06c80                getenv
 .text.getenv_ulong
                0x83c06da0       0x50 common/libcommon.o
                0x83c06da0                getenv_ulong
 .text.env_print
                0x83c06df0       0xb0 common/libcommon.o
 .text.do_env_print
                0x83c06ea0       0xc4 common/libcommon.o
                0x83c06ea0                do_env_print
 .text._do_env_set
                0x83c06f64      0x3e8 common/libcommon.o
                0x83c06f64                _do_env_set
 .text.do_env_set
                0x83c0734c       0x28 common/libcommon.o
                0x83c0734c                do_env_set
 .text.setenv   0x83c07374       0x58 common/libcommon.o
                0x83c07374                setenv
 .text.do_env_export
                0x83c073cc      0x2e8 common/libcommon.o
 .text.setenv_ulong
                0x83c076b4       0x30 common/libcommon.o
                0x83c076b4                setenv_ulong
 .text.do_restore
                0x83c076e4      0x284 common/libcommon.o
                0x83c076e4                do_restore
 .text.do_spi_flash
                0x83c07968      0x5dc common/libcommon.o
 .text.fw_head_check
                0x83c07f44       0xc4 common/libcommon.o
                0x83c07f44                fw_head_check
 .text.promt_cancel
                0x83c08008       0xc4 common/libcommon.o
                0x83c08008                promt_cancel
 .text.do_uuimage
                0x83c080cc      0x254 common/libcommon.o
                0x83c080cc                do_uuimage
 .text.do_uuboot
                0x83c08320      0x258 common/libcommon.o
                0x83c08320                do_uuboot
 .text.do_uuapp
                0x83c08578      0x340 common/libcommon.o
                0x83c08578                do_uuapp
 .text.cmd_get_data_size
                0x83c088b8       0x7c common/libcommon.o
                0x83c088b8                cmd_get_data_size
 .text.cmd_usage
                0x83c08934       0x78 common/libcommon.o
                0x83c08934                cmd_usage
 .text.find_cmd_tbl
                0x83c089ac       0xdc common/libcommon.o
                0x83c089ac                find_cmd_tbl
 .text.find_cmd
                0x83c08a88       0x30 common/libcommon.o
                0x83c08a88                find_cmd
 .text._do_help
                0x83c08ab8      0x34c common/libcommon.o
                0x83c08ab8                _do_help
 .text.console_setfile
                0x83c08e04       0xc4 common/libcommon.o
 .text.fgetc    0x83c08ec8       0x34 common/libcommon.o
                0x83c08ec8                fgetc
 .text.ftstc    0x83c08efc       0x34 common/libcommon.o
                0x83c08efc                ftstc
 .text.fputc    0x83c08f30       0x3c common/libcommon.o
                0x83c08f30                fputc
 .text.fputs    0x83c08f6c       0x38 common/libcommon.o
                0x83c08f6c                fputs
 .text.had_ctrlc
                0x83c08fa4       0x10 common/libcommon.o
                0x83c08fa4                had_ctrlc
 .text.clear_ctrlc
                0x83c08fb4        0xc common/libcommon.o
                0x83c08fb4                clear_ctrlc
 .text.console_init_r
                0x83c08fc0       0xf0 common/libcommon.o
                0x83c08fc0                console_init_r
 .text.search_device
                0x83c090b0       0x3c common/libcommon.o
                0x83c090b0                search_device
 .text.console_assign
                0x83c090ec       0x60 common/libcommon.o
                0x83c090ec                console_assign
 .text.fprintf  0x83c0914c       0x5c common/libcommon.o
                0x83c0914c                fprintf
 .text.puts     0x83c091a8       0x7c common/libcommon.o
                0x83c091a8                puts
 .text.vprintf  0x83c09224       0x40 common/libcommon.o
                0x83c09224                vprintf
 .text.printf   0x83c09264       0x54 common/libcommon.o
                0x83c09264                printf
 .text.putc     0x83c092b8       0x60 common/libcommon.o
                0x83c092b8                putc
 .text.console_init_f
                0x83c09318       0x90 common/libcommon.o
                0x83c09318                console_init_f
 .text.tstc     0x83c093a8       0x34 common/libcommon.o
                0x83c093a8                tstc
 .text.getc     0x83c093dc       0x34 common/libcommon.o
                0x83c093dc                getc
 .text.ctrlc    0x83c09410       0x68 common/libcommon.o
                0x83c09410                ctrlc
 .text.mem_malloc_init
                0x83c09478       0x30 common/libcommon.o
                0x83c09478                mem_malloc_init
 .text.sbrk     0x83c094a8       0x78 common/libcommon.o
                0x83c094a8                sbrk
 .text.malloc_trim
                0x83c09520       0xf8 common/libcommon.o
                0x83c09520                malloc_trim
 .text.free     0x83c09618      0x258 common/libcommon.o
                0x83c09618                free
 .text.malloc   0x83c09870      0x6f4 common/libcommon.o
                0x83c09870                malloc
 .text.calloc   0x83c09f64       0xf0 common/libcommon.o
                0x83c09f64                calloc
 .text.set_default_env
                0x83c0a054       0xa8 common/libcommon.o
                0x83c0a054                set_default_env
 .text.env_relocate
                0x83c0a0fc       0x40 common/libcommon.o
                0x83c0a0fc                env_relocate
 .text.env_import
                0x83c0a13c       0xe0 common/libcommon.o
                0x83c0a13c                env_import
 .text.env_get_char
                0x83c0a21c       0x6c common/libcommon.o
                0x83c0a21c                env_get_char
 .text.env_get_char_spec
                0x83c0a288       0x14 common/libcommon.o
                0x83c0a288                env_get_char_spec
 .text.restore_flash
                0x83c0a29c       0x40 common/libcommon.o
                0x83c0a29c                restore_flash
 .text.init_env
                0x83c0a2dc       0xc0 common/libcommon.o
                0x83c0a2dc                init_env
 .text.env_init
                0x83c0a39c       0x20 common/libcommon.o
                0x83c0a39c                env_init
 .text.env_relocate_spec
                0x83c0a3bc       0x14 common/libcommon.o
                0x83c0a3bc                env_relocate_spec
 .text.saveenv  0x83c0a3d0      0x298 common/libcommon.o
                0x83c0a3d0                saveenv
 .text.dummy    0x83c0a668        0x8 common/libcommon.o
 .text.get_version
                0x83c0a670        0x8 common/libcommon.o
                0x83c0a670                get_version
 .text.jumptable_init
                0x83c0a678      0x1c4 common/libcommon.o
                0x83c0a678                jumptable_init
 .text.image_multi_getimg
                0x83c0a83c       0x88 common/libcommon.o
                0x83c0a83c                image_multi_getimg
 .text.genimg_get_os_name
                0x83c0a8c4       0x40 common/libcommon.o
                0x83c0a8c4                genimg_get_os_name
 .text.genimg_get_type_name
                0x83c0a904       0x40 common/libcommon.o
                0x83c0a904                genimg_get_type_name
 .text.genimg_get_format
                0x83c0a944       0x18 common/libcommon.o
                0x83c0a944                genimg_get_format
 .text.genimg_get_image
                0x83c0a95c        0x8 common/libcommon.o
                0x83c0a95c                genimg_get_image
 .text.genimg_print_size
                0x83c0a964       0x40 common/libcommon.o
                0x83c0a964                genimg_print_size
 .text.memmove_wd
                0x83c0a9a4       0x18 common/libcommon.o
                0x83c0a9a4                memmove_wd
 .text.getenv_yesno
                0x83c0a9bc       0x34 common/libcommon.o
                0x83c0a9bc                getenv_yesno
 .text.image_print_contents
                0x83c0a9f0      0x2e4 common/libcommon.o
                0x83c0a9f0                image_print_contents
 .text.image_check_dcrc
                0x83c0acd4       0x40 common/libcommon.o
                0x83c0acd4                image_check_dcrc
 .text.image_check_hcrc
                0x83c0ad14       0x5c common/libcommon.o
                0x83c0ad14                image_check_hcrc
 .text.boot_get_ramdisk
                0x83c0ad70      0x294 common/libcommon.o
                0x83c0ad70                boot_get_ramdisk
 .text.xmodemGetc
                0x83c0b004       0x5c common/libcommon.o
                0x83c0b004                xmodemGetc
 .text.flushinput
                0x83c0b060       0x44 common/libcommon.o
 .text.Xdown    0x83c0b0a4      0x3bc common/libcommon.o
                0x83c0b0a4                Xdown
 .text.update   0x83c0b460      0x3f8 common/libcommon.o
                0x83c0b460                update
 .text.do_update
                0x83c0b858       0xc0 common/libcommon.o
                0x83c0b858                do_update
 .text.__show_boot_progress
                0x83c0b918        0x8 common/libcommon.o
                0x83c0b918                __show_boot_progress
                0x83c0b918                show_boot_progress
 .text.parse_line
                0x83c0b920       0xb8 common/libcommon.o
                0x83c0b920                parse_line
 .text.run_command
                0x83c0b9d8      0x438 common/libcommon.o
                0x83c0b9d8                run_command
 .text.do_run   0x83c0be10       0xcc common/libcommon.o
                0x83c0be10                do_run
 .text.delete_char
                0x83c0bedc      0x138 common/libcommon.o
 .text.cread_add_char
                0x83c0c014      0x13c common/libcommon.o
 .text.readline_into_buffer
                0x83c0c150      0x9e0 common/libcommon.o
                0x83c0c150                readline_into_buffer
 .text.readline
                0x83c0cb30       0x14 common/libcommon.o
                0x83c0cb30                readline
 .text.main_loop
                0x83c0cb44      0x298 common/libcommon.o
                0x83c0cb44                main_loop
 .text.MD5Transform
                0x83c0cddc      0xe9c common/libcommon.o
 .text.MD5Update
                0x83c0dc78      0x138 common/libcommon.o
                0x83c0dc78                MD5Update
 .text.MD5Final
                0x83c0ddb0      0x100 common/libcommon.o
                0x83c0ddb0                MD5Final
 .text.MD5Calc  0x83c0deb0       0x78 common/libcommon.o
                0x83c0deb0                MD5Calc
 .text.read_count
                0x83c0df28       0x74 common/libcommon.o
                0x83c0df28                read_count
 .text.get_key_press
                0x83c0df9c      0x210 common/libcommon.o
                0x83c0df9c                get_key_press
 .text.oplbootMenuShow
                0x83c0e1ac      0x148 common/libcommon.o
                0x83c0e1ac                oplbootMenuShow
 .text.oplbootInitial
                0x83c0e2f4       0x58 common/libcommon.o
                0x83c0e2f4                oplbootInitial
 .text.SetAppRestoreFlag
                0x83c0e34c       0x28 common/libcommon.o
                0x83c0e34c                SetAppRestoreFlag
 .text.oplbootSaveConfig
                0x83c0e374       0x14 common/libcommon.o
                0x83c0e374                oplbootSaveConfig
 .text.oplbootLoadSystem
                0x83c0e388      0x120 common/libcommon.o
                0x83c0e388                oplbootLoadSystem
 .text.T.80     0x83c0e4a8      0x138 common/libcommon.o
 .text.MenuReadline
                0x83c0e5e0      0x200 common/libcommon.o
                0x83c0e5e0                MenuReadline
 .text.oplbootParseInput
                0x83c0e7e0       0x5c common/libcommon.o
                0x83c0e7e0                oplbootParseInput
 .text.oplReadline
                0x83c0e83c      0x2b4 common/libcommon.o
                0x83c0e83c                oplReadline
 .text.oplbootNameSet
                0x83c0eaf0       0x3c common/libcommon.o
                0x83c0eaf0                oplbootNameSet
 .text.oplCommandLineInterface
                0x83c0eb2c      0x170 common/libcommon.o
                0x83c0eb2c                oplCommandLineInterface
 .text.PwReadline
                0x83c0ec9c      0x1f4 common/libcommon.o
                0x83c0ec9c                PwReadline
 .text.bootPwCheck
                0x83c0ee90      0x268 common/libcommon.o
                0x83c0ee90                bootPwCheck
 .text.menuPasswdmod
                0x83c0f0f8      0x174 common/libcommon.o
                0x83c0f0f8                menuPasswdmod
 .text.oplbootDataType
                0x83c0f26c       0xcc common/libcommon.o
                0x83c0f26c                oplbootDataType
 .text.oplbootMenuChange
                0x83c0f338      0x230 common/libcommon.o
                0x83c0f338                oplbootMenuChange
 .text.oplbootMainloop
                0x83c0f568       0x4c common/libcommon.o
                0x83c0f568                oplbootMainloop
 .text.stdio_get_list
                0x83c0f5b4        0xc common/libcommon.o
                0x83c0f5b4                stdio_get_list
 .text.stdio_clone
                0x83c0f5c0       0x68 common/libcommon.o
                0x83c0f5c0                stdio_clone
 .text.stdio_register
                0x83c0f628       0x54 common/libcommon.o
                0x83c0f628                stdio_register
 .text.stdio_init
                0x83c0f67c       0xa0 common/libcommon.o
                0x83c0f67c                stdio_init
 .text.stdio_get_by_name
                0x83c0f71c       0x78 common/libcommon.o
                0x83c0f71c                stdio_get_by_name
 .text.GregorianDay
                0x83c0f794      0x148 drivers/rtc/librtc.o
                0x83c0f794                GregorianDay
 .text.to_tm    0x83c0f8dc       0xf8 drivers/rtc/librtc.o
                0x83c0f8dc                to_tm
 .text.crc32_no_comp
                0x83c0f9d4      0x17c lib/libgeneric.o
                0x83c0f9d4                crc32_no_comp
 .text.crc32    0x83c0fb50       0x20 lib/libgeneric.o
                0x83c0fb50                crc32
 .text.crc32_wd
                0x83c0fb70        0x8 lib/libgeneric.o
                0x83c0fb70                crc32_wd
 .text.print_size
                0x83c0fb78      0x1c0 lib/libgeneric.o
                0x83c0fb78                print_size
 .text.print_buffer
                0x83c0fd38      0x1f8 lib/libgeneric.o
                0x83c0fd38                print_buffer
 .text.hdestroy_r
                0x83c0ff30       0xa8 lib/libgeneric.o
                0x83c0ff30                hdestroy_r
 .text.cmpkey   0x83c0ffd8       0x18 lib/libgeneric.o
 .text.hcreate_r
                0x83c0fff0       0xc4 lib/libgeneric.o
                0x83c0fff0                hcreate_r
 .text.hexport_r
                0x83c100b4      0x324 lib/libgeneric.o
                0x83c100b4                hexport_r
 .text.hsearch_r
                0x83c103d8      0x2e8 lib/libgeneric.o
                0x83c103d8                hsearch_r
 .text.hdelete_r
                0x83c106c0       0xa0 lib/libgeneric.o
                0x83c106c0                hdelete_r
 .text.himport_r
                0x83c10760      0x2b8 lib/libgeneric.o
                0x83c10760                himport_r
 .text.string_to_ip
                0x83c10a18       0xa0 lib/libgeneric.o
                0x83c10a18                string_to_ip
 .text.qsort    0x83c10ab8      0x194 lib/libgeneric.o
                0x83c10ab8                qsort
 .text.__div64_32
                0x83c10c4c      0x15c lib/libgeneric.o
                0x83c10c4c                __div64_32
 .text.strcpy   0x83c10da8       0x24 lib/libgeneric.o
                0x83c10da8                strcpy
 .text.strncpy  0x83c10dcc       0x2c lib/libgeneric.o
                0x83c10dcc                strncpy
 .text.strcat   0x83c10df8       0x34 lib/libgeneric.o
                0x83c10df8                strcat
 .text.strcmp   0x83c10e2c       0x30 lib/libgeneric.o
                0x83c10e2c                strcmp
 .text.strncmp  0x83c10e5c       0x44 lib/libgeneric.o
                0x83c10e5c                strncmp
 .text.strchr   0x83c10ea0       0x38 lib/libgeneric.o
                0x83c10ea0                strchr
 .text.strlen   0x83c10ed8       0x1c lib/libgeneric.o
                0x83c10ed8                strlen
 .text.strnlen  0x83c10ef4       0x28 lib/libgeneric.o
                0x83c10ef4                strnlen
 .text.strtok   0x83c10f1c       0xcc lib/libgeneric.o
                0x83c10f1c                strtok
 .text.memset   0x83c10fe8       0x78 lib/libgeneric.o
                0x83c10fe8                memset
 .text.memcpy   0x83c11060       0x84 lib/libgeneric.o
                0x83c11060                memcpy
 .text.memmove  0x83c110e4       0x68 lib/libgeneric.o
                0x83c110e4                memmove
 .text.memcmp   0x83c1114c       0x38 lib/libgeneric.o
                0x83c1114c                memcmp
 .text.strdup   0x83c11184       0x64 lib/libgeneric.o
                0x83c11184                strdup
 .text.udelay   0x83c111e8       0x5c lib/libgeneric.o
                0x83c111e8                udelay
 .text.mdelay   0x83c11244       0x34 lib/libgeneric.o
                0x83c11244                mdelay
 .text.simple_strtoul
                0x83c11278       0xd0 lib/libgeneric.o
                0x83c11278                simple_strtoul
 .text.simple_strtol
                0x83c11348       0x3c lib/libgeneric.o
                0x83c11348                simple_strtol
 .text.put_dec_trunc
                0x83c11384      0x134 lib/libgeneric.o
 .text.simple_itoa
                0x83c114b8       0x48 lib/libgeneric.o
                0x83c114b8                simple_itoa
 .text.string   0x83c11500       0xc4 lib/libgeneric.o
 .text.put_dec  0x83c115c4      0x1c8 lib/libgeneric.o
 .text.number   0x83c1178c      0x2cc lib/libgeneric.o
 .text.vsprintf
                0x83c11a58      0x778 lib/libgeneric.o
                0x83c11a58                vsprintf
 .text.sprintf  0x83c121d0       0x2c lib/libgeneric.o
                0x83c121d0                sprintf
 .text.strict_strtoul
                0x83c121fc       0x98 lib/libgeneric.o
                0x83c121fc                strict_strtoul
 .text.LzmaDec_WriteRem
                0x83c12294       0xc0 lib/lzma/liblzma.o
 .text.LzmaDec_DecodeReal2
                0x83c12354      0xfc0 lib/lzma/liblzma.o
 .text.LzmaDec_TryDummy
                0x83c13314      0x76c lib/lzma/liblzma.o
 .text.LzmaDec_FreeProbs
                0x83c13a80       0x38 lib/lzma/liblzma.o
                0x83c13a80                LzmaDec_FreeProbs
 .text.LzmaProps_Decode
                0x83c13ab8       0xa8 lib/lzma/liblzma.o
                0x83c13ab8                LzmaProps_Decode
 .text.LzmaDec_AllocateProbs2
                0x83c13b60       0x90 lib/lzma/liblzma.o
 .text.LzmaDec_AllocateProbs
                0x83c13bf0       0x90 lib/lzma/liblzma.o
                0x83c13bf0                LzmaDec_AllocateProbs
 .text.LzmaDec_DecodeToDic
                0x83c13c80      0x3dc lib/lzma/liblzma.o
                0x83c13c80                LzmaDec_DecodeToDic
 .text.LzmaDecode
                0x83c1405c      0x134 lib/lzma/liblzma.o
                0x83c1405c                LzmaDecode
 .text.lzmaBuffToBuffDecompress
                0x83c14190      0x110 lib/lzma/liblzma.o
                0x83c14190                lzmaBuffToBuffDecompress
 .text.SzFree   0x83c142a0        0xc lib/lzma/liblzma.o
 .text.SzAlloc  0x83c142ac        0xc lib/lzma/liblzma.o
 .text.BootpRequest
                0x83c142b8      0x264 net/libnet.o
                0x83c142b8                BootpRequest
 .text.BootpHandler
                0x83c1451c      0x404 net/libnet.o
 .text.BootpTimeout
                0x83c14920       0x4c net/libnet.o
 .text.__def_eth_init
                0x83c1496c        0x8 net/libnet.o
                0x83c1496c                board_eth_init
 .text.eth_get_dev
                0x83c14974       0x10 net/libnet.o
                0x83c14974                eth_get_dev
 .text.eth_get_dev_index
                0x83c14984       0x4c net/libnet.o
                0x83c14984                eth_get_dev_index
 .text.eth_halt
                0x83c149d0       0x44 net/libnet.o
                0x83c149d0                eth_halt
 .text.eth_send
                0x83c14a14       0x2c net/libnet.o
                0x83c14a14                eth_send
 .text.eth_rx   0x83c14a40       0x24 net/libnet.o
                0x83c14a40                eth_rx
 .text.eth_get_name
                0x83c14a64       0x20 net/libnet.o
                0x83c14a64                eth_get_name
 .text.eth_current_changed
                0x83c14a84       0x80 net/libnet.o
 .text.eth_set_current
                0x83c14b04       0xd4 net/libnet.o
                0x83c14b04                eth_set_current
 .text.eth_try_another
                0x83c14bd8       0x90 net/libnet.o
                0x83c14bd8                eth_try_another
 .text.eth_register
                0x83c14c68       0x78 net/libnet.o
                0x83c14c68                eth_register
 .text.eth_parse_enetaddr
                0x83c14ce0       0x98 net/libnet.o
                0x83c14ce0                eth_parse_enetaddr
 .text.eth_getenv_enetaddr
                0x83c14d78       0x70 net/libnet.o
                0x83c14d78                eth_getenv_enetaddr
 .text.eth_getenv_enetaddr_by_index
                0x83c14de8       0x60 net/libnet.o
                0x83c14de8                eth_getenv_enetaddr_by_index
 .text.eth_init
                0x83c14e48      0x104 net/libnet.o
                0x83c14e48                eth_init
 .text.eth_write_hwaddr
                0x83c14f4c      0x198 net/libnet.o
                0x83c14f4c                eth_write_hwaddr
 .text.eth_initialize
                0x83c150e4      0x208 net/libnet.o
                0x83c150e4                eth_initialize
 .text.startAgainTimeout
                0x83c152ec       0x10 net/libnet.o
 .text.startAgainHandler
                0x83c152fc        0x8 net/libnet.o
 .text.NetSetHandler
                0x83c15304        0xc net/libnet.o
                0x83c15304                NetSetHandler
 .text.PingHandler
                0x83c15310       0x20 net/libnet.o
 .text.NetCksumOk
                0x83c15330       0x40 net/libnet.o
                0x83c15330                NetCksumOk
 .text.NetEthHdrSize
                0x83c15370       0x30 net/libnet.o
                0x83c15370                NetEthHdrSize
 .text.copy_filename
                0x83c153a0       0x4c net/libnet.o
                0x83c153a0                copy_filename
 .text.string_to_VLAN
                0x83c153ec       0x48 net/libnet.o
                0x83c153ec                string_to_VLAN
 .text.getenv_VLAN
                0x83c15434       0x20 net/libnet.o
                0x83c15434                getenv_VLAN
 .text.ip_to_string
                0x83c15454       0x48 net/libnet.o
                0x83c15454                ip_to_string
 .text.print_IPaddr
                0x83c1549c       0x30 net/libnet.o
                0x83c1549c                print_IPaddr
 .text.NetSetIP
                0x83c154cc      0x118 net/libnet.o
                0x83c154cc                NetSetIP
 .text.NetSetEther
                0x83c155e4       0x94 net/libnet.o
                0x83c155e4                NetSetEther
 .text.NetReceive
                0x83c15678      0x504 net/libnet.o
                0x83c15678                NetReceive
 .text.NetSendPacket
                0x83c15b7c        0x8 net/libnet.o
                0x83c15b7c                NetSendPacket
 .text.NetSetTimeout
                0x83c15b84       0x4c net/libnet.o
                0x83c15b84                NetSetTimeout
 .text.PingTimeout
                0x83c15bd0       0x28 net/libnet.o
 .text.NetStartAgain
                0x83c15bf8      0x130 net/libnet.o
                0x83c15bf8                NetStartAgain
 .text.ArpRequest
                0x83c15d28      0x13c net/libnet.o
                0x83c15d28                ArpRequest
 .text.PingSend
                0x83c15e64      0x1cc net/libnet.o
                0x83c15e64                PingSend
 .text.NetSendUDPPacket
                0x83c16030      0x190 net/libnet.o
                0x83c16030                NetSendUDPPacket
 .text.ArpTimeoutCheck
                0x83c161c0       0x94 net/libnet.o
                0x83c161c0                ArpTimeoutCheck
 .text.net_auto_load
                0x83c16254       0x50 net/libnet.o
                0x83c16254                net_auto_load
 .text.getenv_IPaddr
                0x83c162a4       0x20 net/libnet.o
 .text.NetLoop  0x83c162c4      0x514 net/libnet.o
                0x83c162c4                NetLoop
 .text.TftpSend
                0x83c167d8      0x1e4 net/libnet.o
 .text.TftpStart
                0x83c169bc      0x334 net/libnet.o
                0x83c169bc                TftpStart
 .text.TftpTimeout
                0x83c16cf0       0x94 net/libnet.o
 .text.TftpHandler
                0x83c16d84      0x394 net/libnet.o
 *fill*         0x83c17118        0x8 00
 .text          0x83c17120      0x4d0 board/Realtek/luna/libluna.o
                0x83c17120                memctls_is_DDR
                0x83c1715c                memctls_is_DDR2
                0x83c17198                memctls_is_DDR3
                0x83c17250                dsp_burst_read_write
                0x83c172a0                memctls_trig_dram_reinit
                0x83c17380                _sys_adj_mem_clk
                0x83c1744c                sys_adj_mem_clk
                0x83c174b0                get_cpu_cycle_per_ms
 .text.memctlc_dram_size
                0x83c175f0       0x54 board/Realtek/luna/libluna.o
                0x83c175f0                memctlc_dram_size
 .text.memctlc_is_DDR
                0x83c17644       0x1c board/Realtek/luna/libluna.o
                0x83c17644                memctlc_is_DDR
 .text.memctlc_is_DDR3
                0x83c17660       0x24 board/Realtek/luna/libluna.o
                0x83c17660                memctlc_is_DDR3
 .text.memctlc_is_DDR2
                0x83c17684       0x20 board/Realtek/luna/libluna.o
                0x83c17684                memctlc_is_DDR2
 .text._DTR_wtr_frq_mhz
                0x83c176a4       0x3c board/Realtek/luna/libluna.o
                0x83c176a4                _DTR_wtr_frq_mhz
 .text._DTR_rtp_frq_mhz
                0x83c176e0       0x3c board/Realtek/luna/libluna.o
                0x83c176e0                _DTR_rtp_frq_mhz
 .text._DTR_rrd_frq_mhz
                0x83c1771c       0x3c board/Realtek/luna/libluna.o
                0x83c1771c                _DTR_rrd_frq_mhz
 .text._DTR_rcd_frq_mhz
                0x83c17758       0x3c board/Realtek/luna/libluna.o
                0x83c17758                _DTR_rcd_frq_mhz
 .text._DTR_ras_frq_mhz
                0x83c17794       0x44 board/Realtek/luna/libluna.o
                0x83c17794                _DTR_ras_frq_mhz
 .text._DTR_wr_frq_mhz
                0x83c177d8       0x3c board/Realtek/luna/libluna.o
                0x83c177d8                _DTR_wr_frq_mhz
 .text._DTR_DDR2_MRS_setting
                0x83c17814      0x100 board/Realtek/luna/libluna.o
                0x83c17814                _DTR_DDR2_MRS_setting
 .text._DTR_DDR1_MRS_setting
                0x83c17914       0x7c board/Realtek/luna/libluna.o
                0x83c17914                _DTR_DDR1_MRS_setting
 .text.memctlc_check_90phase_range
                0x83c17990      0x160 board/Realtek/luna/libluna.o
                0x83c17990                memctlc_check_90phase_range
 .text.memctlc_check_DQS_range
                0x83c17af0      0x1c8 board/Realtek/luna/libluna.o
                0x83c17af0                memctlc_check_DQS_range
 .text._DCR_get_colcnt
                0x83c17cb8       0x54 board/Realtek/luna/libluna.o
                0x83c17cb8                _DCR_get_colcnt
 .text._DCR_get_buswidth
                0x83c17d0c       0x64 board/Realtek/luna/libluna.o
                0x83c17d0c                _DCR_get_buswidth
 .text.memctlc_check_DCR
                0x83c17d70      0x170 board/Realtek/luna/libluna.o
                0x83c17d70                memctlc_check_DCR
 .text._DTR_suggestion
                0x83c17ee0      0x3d8 board/Realtek/luna/libluna.o
                0x83c17ee0                _DTR_suggestion
 .text._DTR_refresh_freq_mhz
                0x83c182b8       0x9c board/Realtek/luna/libluna.o
                0x83c182b8                _DTR_refresh_freq_mhz
 .text.memctlc_check_DTR_DDR
                0x83c18354      0x5fc board/Realtek/luna/libluna.o
                0x83c18354                memctlc_check_DTR_DDR
 .text.memctlc_check_DTR_DDR2
                0x83c18950      0x8b0 board/Realtek/luna/libluna.o
                0x83c18950                memctlc_check_DTR_DDR2
 .text.memctlc_check_DTR_DDR3
                0x83c19200      0xac8 board/Realtek/luna/libluna.o
                0x83c19200                memctlc_check_DTR_DDR3
 .text.memctlc_check_DTR
                0x83c19cc8       0x88 board/Realtek/luna/libluna.o
                0x83c19cc8                memctlc_check_DTR
 .text.memctlc_check_ZQ
                0x83c19d50       0x90 board/Realtek/luna/libluna.o
                0x83c19d50                memctlc_check_ZQ
 .text.enable_DRAM_prefech
                0x83c19de0       0x70 board/Realtek/luna/libluna.o
                0x83c19de0                enable_DRAM_prefech
 .text.cache_flush_adjacent_toggle_line128
                0x83c19e50      0x2cc board/Realtek/luna/libluna.o
                0x83c19e50                cache_flush_adjacent_toggle_line128
 .text.cache_flush_dispersed_toggle_word
                0x83c1a11c      0x340 board/Realtek/luna/libluna.o
                0x83c1a11c                cache_flush_dispersed_toggle_word
 .text.cache_flush_adjacent_toggle_word
                0x83c1a45c      0x1bc board/Realtek/luna/libluna.o
                0x83c1a45c                cache_flush_adjacent_toggle_word
 .text.cache_flush_adj_addr
                0x83c1a618      0x180 board/Realtek/luna/libluna.o
                0x83c1a618                cache_flush_adj_addr
 .text.unaligned_test
                0x83c1a798      0x610 board/Realtek/luna/libluna.o
                0x83c1a798                unaligned_test
 .text.dram_byte_access
                0x83c1ada8      0x1e4 board/Realtek/luna/libluna.o
                0x83c1ada8                dram_byte_access
 .text.dram_half_word_access
                0x83c1af8c      0x1cc board/Realtek/luna/libluna.o
                0x83c1af8c                dram_half_word_access
 .text.dram_com_addr_rot
                0x83c1b158      0x240 board/Realtek/luna/libluna.o
                0x83c1b158                dram_com_addr_rot
 .text.dram_addr_rot
                0x83c1b398      0x23c board/Realtek/luna/libluna.o
                0x83c1b398                dram_addr_rot
 .text.dram_walking_of_0
                0x83c1b5d4      0x1bc board/Realtek/luna/libluna.o
                0x83c1b5d4                dram_walking_of_0
 .text.dram_walking_of_1
                0x83c1b790      0x1bc board/Realtek/luna/libluna.o
                0x83c1b790                dram_walking_of_1
 .text.dram_normal_patterns
                0x83c1b94c      0x1bc board/Realtek/luna/libluna.o
                0x83c1b94c                dram_normal_patterns
 .text.ddr_cmd_parsing
                0x83c1bb08      0x3f0 board/Realtek/luna/libluna.o
                0x83c1bb08                ddr_cmd_parsing
 .text.cache_flush_dispersed
                0x83c1bef8      0x448 board/Realtek/luna/libluna.o
                0x83c1bef8                cache_flush_dispersed
 .text.cache_flush_adjacent
                0x83c1c340      0x2c8 board/Realtek/luna/libluna.o
                0x83c1c340                cache_flush_adjacent
 .text.cache_flush_test
                0x83c1c608      0x460 board/Realtek/luna/libluna.o
                0x83c1c608                cache_flush_test
 .text.memcpy_test
                0x83c1ca68      0x1cc board/Realtek/luna/libluna.o
                0x83c1ca68                memcpy_test
 .text._dram_test
                0x83c1cc34      0x130 board/Realtek/luna/libluna.o
                0x83c1cc34                _dram_test
 .text.dram_test
                0x83c1cd64      0x35c board/Realtek/luna/libluna.o
                0x83c1cd64                dram_test
 .text.checkboard
                0x83c1d0c0      0x268 board/Realtek/luna/libluna.o
                0x83c1d0c0                checkboard
 .text.initdram
                0x83c1d328       0x10 board/Realtek/luna/libluna.o
                0x83c1d328                initdram
 .text.board_DSP_freq_hz
                0x83c1d338       0x38 board/Realtek/luna/libluna.o
                0x83c1d338                board_DSP_freq_hz
 .text.board_CPU_freq_hz
                0x83c1d370       0x38 board/Realtek/luna/libluna.o
                0x83c1d370                board_CPU_freq_hz
 .text.board_LX_freq_hz
                0x83c1d3a8       0x38 board/Realtek/luna/libluna.o
                0x83c1d3a8                board_LX_freq_hz
 .text.show_DRAM_phy_parameters
                0x83c1d3e0       0xe0 board/Realtek/luna/libluna.o
                0x83c1d3e0                show_DRAM_phy_parameters
 .text.chk_dram_cfg
                0x83c1d4c0      0x254 board/Realtek/luna/libluna.o
                0x83c1d4c0                chk_dram_cfg
 .text.do_reset_all
                0x83c1d714       0x40 board/Realtek/luna/libluna.o
                0x83c1d714                do_reset_all
 .text.do_dram_test
                0x83c1d754       0x1c board/Realtek/luna/libluna.o
                0x83c1d754                do_dram_test
 .text.do_dram_dig
                0x83c1d770       0x44 board/Realtek/luna/libluna.o
                0x83c1d770                do_dram_dig
                0x83c1d7b4                . = ALIGN (0x4)

.rodata         0x83c1d7c0     0x8234
 *(SORT(.rodata*))
 .rodata        0x83c1d7c0      0x1a0 common/libcommon.o
 .rodata        0x83c1d960       0x20 net/libnet.o
 .rodata.C.28.3334
                0x83c1d980       0x30 drivers/rtc/librtc.o
 .rodata.C.33.3490
                0x83c1d9b0        0x8 common/libcommon.o
 .rodata.CSWTCH.204
                0x83c1d9b8        0xc board/Realtek/luna/libluna.o
 .rodata.CSWTCH.47
                0x83c1d9c4       0x58 common/libcommon.o
 .rodata.K.3344
                0x83c1da1c      0x100 common/libcommon.o
 .rodata.NetLoop
                0x83c1db1c       0x34 net/libnet.o
 .rodata.TftpSend
                0x83c1db50       0x1c net/libnet.o
 .rodata._DTR_DDR2_MRS_setting
                0x83c1db6c       0x2c board/Realtek/luna/libluna.o
 .rodata.__FUNCTION__.3659
                0x83c1db98       0x18 board/Realtek/luna/libluna.o
 .rodata.__FUNCTION__.3702
                0x83c1dbb0       0x14 board/Realtek/luna/libluna.o
 .rodata.__FUNCTION__.3743
                0x83c1dbc4       0x14 board/Realtek/luna/libluna.o
 .rodata.__FUNCTION__.3785
                0x83c1dbd8       0x10 board/Realtek/luna/libluna.o
 .rodata.__FUNCTION__.3835
                0x83c1dbe8       0x14 board/Realtek/luna/libluna.o
 .rodata.__FUNCTION__.3886
                0x83c1dbfc       0x18 board/Realtek/luna/libluna.o
 .rodata.__FUNCTION__.3931
                0x83c1dc14       0x14 board/Realtek/luna/libluna.o
 .rodata.__FUNCTION__.3980
                0x83c1dc28        0xc board/Realtek/luna/libluna.o
 .rodata.__FUNCTION__.4044
                0x83c1dc34       0x10 board/Realtek/luna/libluna.o
 .rodata.__FUNCTION__.4639
                0x83c1dc44       0x14 board/Realtek/luna/libluna.o
 .rodata.__func__.3438
                0x83c1dc58        0xc arch/otto/cpu/rlx5281/luna/libluna.o
 .rodata.__func__.3490
                0x83c1dc64       0x10 arch/otto/cpu/rlx5281/luna/libluna.o
 .rodata.__func__.3619
                0x83c1dc74       0x10 common/libcommon.o
 .rodata.__func__.3644
                0x83c1dc84        0xc common/libcommon.o
 .rodata.__func__.3700
                0x83c1dc90        0x8 common/libcommon.o
 .rodata.__func__.4335
                0x83c1dc98       0x10 common/libcommon.o
 .rodata.__func__.4415
                0x83c1dca8       0x10 common/libcommon.o
 .rodata._ctype
                0x83c1dcb8      0x100 lib/libgeneric.o
                0x83c1dcb8                _ctype
 .rodata.bootPwCheck
                0x83c1ddb8       0x30 common/libcommon.o
 .rodata.boot_os
                0x83c1dde8       0x4c common/libcommon.o
 .rodata.crc16tab
                0x83c1de34      0x200 common/libcommon.o
 .rodata.crc_table
                0x83c1e034      0x400 lib/libgeneric.o
 .rodata.default_environment
                0x83c1e434      0x12c common/libcommon.o
                0x83c1e434                default_environment
 .rodata.des_SPtrans
                0x83c1e560      0x800 common/libcommon.o
 .rodata.des_skb
                0x83c1ed60      0x800 common/libcommon.o
 .rodata.digits.3644
                0x83c1f560       0x10 lib/libgeneric.o
 .rodata.dram_patterns
                0x83c1f570       0x50 board/Realtek/luna/libluna.o
                0x83c1f570                dram_patterns
 .rodata.erase_seq
                0x83c1f5c0        0x4 common/libcommon.o
 .rodata.failed
                0x83c1f5c4        0x4 arch/otto/lib/libotto.o
 .rodata.get_key_press
                0x83c1f5c8       0x80 common/libcommon.o
 .rodata.hex_asc
                0x83c1f648       0x14 lib/libgeneric.o
                0x83c1f648                hex_asc
 .rodata.kLiteralNextStates
                0x83c1f65c       0x18 lib/lzma/liblzma.o
 .rodata.line_toggle_pattern
                0x83c1f674       0x20 board/Realtek/luna/libluna.o
                0x83c1f674                line_toggle_pattern
 .rodata.names.3627
                0x83c1f694        0x8 lib/libgeneric.o
 .rodata.odd_parity
                0x83c1f69c      0x100 common/libcommon.o
 .rodata.readline_into_buffer
                0x83c1f79c       0x20 common/libcommon.o
 .rodata.shifts2.3592
                0x83c1f7bc       0x40 common/libcommon.o
 .rodata.str1.4
                0x83c1f7fc       0x36 arch/otto/cpu/rlx5281/librlx5281.o
                                 0x40 (size before relaxing)
 *fill*         0x83c1f832        0x2 00
 .rodata.str1.4
                0x83c1f834       0x95 arch/otto/cpu/rlx5281/luna/libluna.o
                                 0x98 (size before relaxing)
 *fill*         0x83c1f8c9        0x3 00
 .rodata.str1.4
                0x83c1f8cc      0x3ea arch/otto/lib/libotto.o
                                0x3fc (size before relaxing)
 *fill*         0x83c1fcb6        0x2 00
 .rodata.str1.4
                0x83c1fcb8     0x33a6 common/libcommon.o
                               0x3878 (size before relaxing)
 *fill*         0x83c2305e        0x2 00
 .rodata.str1.4
                0x83c23060       0xdb lib/libgeneric.o
                                 0xf0 (size before relaxing)
 *fill*         0x83c2313b        0x1 00
 .rodata.str1.4
                0x83c2313c      0x6b9 net/libnet.o
                                0x740 (size before relaxing)
 *fill*         0x83c237f5        0x3 00
 .rodata.str1.4
                0x83c237f8     0x1f74 board/Realtek/luna/libluna.o
                               0x2024 (size before relaxing)
 .rodata.tab_seq
                0x83c2576c        0xc common/libcommon.o
 .rodata.toggle_pattern
                0x83c25778       0x30 board/Realtek/luna/libluna.o
                0x83c25778                toggle_pattern
 .rodata.uimage_arch
                0x83c257a8       0xf0 common/libcommon.o
 .rodata.uimage_comp
                0x83c25898       0x48 common/libcommon.o
 .rodata.uimage_os
                0x83c258e0       0x54 common/libcommon.o
 .rodata.uimage_type
                0x83c25934       0xc0 common/libcommon.o

.rel.dyn        0x83c259f4       0x10
 .rel.dyn       0x83c259f4       0x10 arch/otto/lib/libotto.o
                0x83c25a04                . = ALIGN (0x4)

.data           0x83c25a04      0x960
 *(.data*)
 .data.regbase  0x83c25a04        0x4 arch/otto/cpu/rlx5281/luna/libluna.o
                0x83c25a04                regbase
 .data.init_sequence
                0x83c25a08       0x1c arch/otto/lib/libotto.o
                0x83c25a08                init_sequence
 .data.enable_message
                0x83c25a24        0x4 arch/otto/lib/libotto.o
 .data.g_szKeyData
                0x83c25a28        0xc common/libcommon.o
                0x83c25a28                g_szKeyData
 .data.weak_keys
                0x83c25a34       0x80 common/libcommon.o
 .data.cmd_bootm_sub
                0x83c25ab4       0x90 common/libcommon.o
 .data.dp_last_length
                0x83c25b44        0x4 common/libcommon.o
 .data.load_addr
                0x83c25b48        0x4 common/libcommon.o
                0x83c25b48                load_addr
 .data.cmd_env_sub
                0x83c25b4c       0xc0 common/libcommon.o
 .data.env_id   0x83c25c0c        0x4 common/libcommon.o
 .data.trim_threshold
                0x83c25c10        0x4 common/libcommon.o
 .data.av_      0x83c25c14      0x408 common/libcommon.o
 .data.sbrk_base
                0x83c2601c        0x4 common/libcommon.o
 .data.env_name_spec
                0x83c26020        0x4 common/libcommon.o
                0x83c26020                env_name_spec
 .data.hist_cur
                0x83c26024        0x4 common/libcommon.o
 .data.PADDING  0x83c26028       0x40 common/libcommon.o
 .data.erase_seq
                0x83c26068        0x4 common/libcommon.o
 .data.tab_seq  0x83c2606c        0xc common/libcommon.o
 .data.menuMain
                0x83c26078       0xe0 common/libcommon.o
 .data.netUpdateMenu
                0x83c26158       0x70 common/libcommon.o
 .data.stdio_names
                0x83c261c8        0xc common/libcommon.o
                0x83c261c8                stdio_names
 .data.month_days
                0x83c261d4       0x30 drivers/rtc/librtc.o
 .data.NetBcastAddr
                0x83c26204        0x8 net/libnet.o
                0x83c26204                NetBcastAddr
 .data.NetOurVLAN
                0x83c2620c        0x2 net/libnet.o
                0x83c2620c                NetOurVLAN
 .data.NetOurNativeVLAN
                0x83c2620e        0x2 net/libnet.o
                0x83c2620e                NetOurNativeVLAN
 .data.TftpRRQTimeoutCountMax
                0x83c26210        0x4 net/libnet.o
                0x83c26210                TftpRRQTimeoutCountMax
 .data.TftpBlkSizeOption
                0x83c26214        0x2 net/libnet.o
 *fill*         0x83c26216        0x2 00
 .data.TftpTimeoutMSecs
                0x83c26218        0x4 net/libnet.o
 .data.TftpTimeoutCountMax
                0x83c2621c        0x4 net/libnet.o
 .data.TftpBlkSize
                0x83c26220        0x2 net/libnet.o
 *fill*         0x83c26222        0x2 00
 .data.DQS_RANGE
                0x83c26224       0xa0 board/Realtek/luna/libluna.o
                0x83c26224                DQS_RANGE
 .data.W90_RANGE
                0x83c262c4       0xa0 board/Realtek/luna/libluna.o
                0x83c262c4                W90_RANGE
                0x83c26364                . = .
                0x83c2e360                _gp = (ALIGN (0x10) + 0x7ff0)

.got            0x83c26364        0x0
                0x83c26364                __got_start = .
 *(.got)
                0x83c26364                __got_end = .
                0x83c26364                . = ALIGN (0x4)

.sdata
 *(.sdata*)
                0x83c26364                . = ALIGN (0x4)

.soft_patch     0x83c26364       0x2c
                0x83c26364                LS_sw_patch_start = .
 *(.soft_patch.0)
 *(.soft_patch.1)
 .soft_patch.1  0x83c26364        0x4 arch/otto/lib/libotto.o
                0x83c26364                __swp_swp_flash_init
 *(.soft_patch.2)
 *(.soft_patch.3)
 .soft_patch.3  0x83c26368        0x4 arch/otto/lib/libotto.o
                0x83c26368                __swp_swp_env
 *(.soft_patch.4)
 *(.soft_patch.5)
 .soft_patch.5  0x83c2636c        0x4 arch/otto/lib/libotto.o
                0x83c2636c                __swp_swp_uart
 *(.soft_patch.6)
 *(.soft_patch.7)
 .soft_patch.7  0x83c26370        0x4 arch/otto/lib/libotto.o
                0x83c26370                __swp_swp_pci
 *(.soft_patch.8)
 *(.soft_patch.9)
 .soft_patch.9  0x83c26374        0x4 arch/otto/lib/libotto.o
                0x83c26374                __swp_swp_studio
 *(.soft_patch.10)
 *(.soft_patch.11)
 .soft_patch.11
                0x83c26378        0x4 arch/otto/lib/libotto.o
                0x83c26378                __swp_swp_console_r
 *(.soft_patch.12)
 *(.soft_patch.13)
 .soft_patch.13
                0x83c2637c        0x4 arch/otto/lib/libotto.o
                0x83c2637c                __swp_swp_env_set
 *(.soft_patch.14)
 *(.soft_patch.15)
 .soft_patch.15
                0x83c26380        0x4 arch/otto/lib/libotto.o
                0x83c26380                __swp_swp_spi
 *(.soft_patch.16)
 *(.soft_patch.17)
 .soft_patch.17
                0x83c26384        0x4 arch/otto/lib/libotto.o
                0x83c26384                __swp_swp_misc
 *(.soft_patch.18)
 *(.soft_patch.19)
 .soft_patch.19
                0x83c26388        0x4 arch/otto/lib/libotto.o
                0x83c26388                __swp_swp_post
 *(.soft_patch.20)
 *(.soft_patch.21)
 .soft_patch.21
                0x83c2638c        0x4 arch/otto/lib/libotto.o
                0x83c2638c                __swp_swp_eth
 *(.soft_patch.22)
 *(.soft_patch.23)
                0x83c26390                LS_bootm_stack = .
 *(.soft_patch.99)
                0x83c26390                LS_sw_patch_end = .
                0x83c26390                . = ALIGN (0x4)

.u_boot_cmd     0x83c26390      0x330
                0x83c26390                __u_boot_cmd_start = .
 *(.u_boot_cmd)
 .u_boot_cmd    0x83c26390       0x18 arch/otto/lib/libotto.o
                0x83c26390                __u_boot_cmd_sleep
 .u_boot_cmd    0x83c263a8      0x2d0 common/libcommon.o
                0x83c263a8                __u_boot_cmd_go
                0x83c263c0                __u_boot_cmd_reset
                0x83c263d8                __u_boot_cmd_bootm
                0x83c263f0                __u_boot_cmd_debug
                0x83c26408                __u_boot_cmd_help
                0x83c26420                __u_boot_cmd_question_mark
                0x83c26438                __u_boot_cmd_manufacture
                0x83c26450                __u_boot_cmd_md
                0x83c26468                __u_boot_cmd_mm
                0x83c26480                __u_boot_cmd_nm
                0x83c26498                __u_boot_cmd_mw
                0x83c264b0                __u_boot_cmd_cp
                0x83c264c8                __u_boot_cmd_cmp
                0x83c264e0                __u_boot_cmd_crc32
                0x83c264f8                __u_boot_cmd_base
                0x83c26510                __u_boot_cmd_mtest
                0x83c26528                __u_boot_cmd_bootp
                0x83c26540                __u_boot_cmd_tftpboot
                0x83c26558                __u_boot_cmd_ping
                0x83c26570                __u_boot_cmd_saveenv
                0x83c26588                __u_boot_cmd_env
                0x83c265a0                __u_boot_cmd_printenv
                0x83c265b8                __u_boot_cmd_setenv
                0x83c265d0                __u_boot_cmd_run
                0x83c265e8                __u_boot_cmd_restore
                0x83c26600                __u_boot_cmd_sf
                0x83c26618                __u_boot_cmd_uuboot
                0x83c26630                __u_boot_cmd_uuapp
                0x83c26648                __u_boot_cmd_uuimage
                0x83c26660                __u_boot_cmd_update
 .u_boot_cmd    0x83c26678       0x48 board/Realtek/luna/libluna.o
                0x83c26678                __u_boot_cmd_mdram_dig
                0x83c26690                __u_boot_cmd_mdram_test
                0x83c266a8                __u_boot_cmd_reset_all
                0x83c266c0                __u_boot_cmd_end = .
                0x83c266c0                . = ALIGN (0x4)
                0x83c266c0                uboot_end_data = .
                0x83c266c0                . = ALIGN (0x4)

.sbss
 *(.sbss*)
                0x83c266c0                . = ALIGN (0x4)

.bss            0x83c266c0     0x5d20
 *(.bss*)
 .bss.txBDtail  0x83c266c0        0x4 arch/otto/cpu/rlx5281/luna/libluna.o
                0x83c266c0                txBDtail
 .bss.rxBDtail  0x83c266c4        0x4 arch/otto/cpu/rlx5281/luna/libluna.o
                0x83c266c4                rxBDtail
 .bss.Lan_Initialed
                0x83c266c8        0x4 arch/otto/cpu/rlx5281/luna/libluna.o
                0x83c266c8                Lan_Initialed
 .bss.gpio_state_orig_val
                0x83c266cc        0x4 arch/otto/lib/libotto.o
                0x83c266cc                gpio_state_orig_val
 .bss.linux_argc
                0x83c266d0        0x4 arch/otto/lib/libotto.o
 .bss.linux_argv
                0x83c266d4        0x4 arch/otto/lib/libotto.o
 .bss.linux_env
                0x83c266d8        0x4 arch/otto/lib/libotto.o
 .bss.linux_env_p
                0x83c266dc        0x4 arch/otto/lib/libotto.o
 .bss.linux_env_idx
                0x83c266e0        0x4 arch/otto/lib/libotto.o
 .bss._accumulate_time_ms
                0x83c266e4        0x4 arch/otto/lib/libotto.o
 .bss.otto_slave
                0x83c266e8        0x8 arch/otto/lib/libotto.o
 .bss.otto_sf   0x83c266f0       0x20 arch/otto/lib/libotto.o
 .bss.des_check_key
                0x83c26710        0x4 common/libcommon.o
                0x83c26710                des_check_key
 .bss.g_stPwdKey
                0x83c26714       0x80 common/libcommon.o
 .bss.debug_flag
                0x83c26794        0x4 common/libcommon.o
                0x83c26794                debug_flag
 .bss.base_address
                0x83c26798        0x4 common/libcommon.o
 .bss.dp_last_addr
                0x83c2679c        0x4 common/libcommon.o
 .bss.dp_last_size
                0x83c267a0        0x4 common/libcommon.o
 .bss.mm_last_addr
                0x83c267a4        0x4 common/libcommon.o
 .bss.mm_last_size
                0x83c267a8        0x4 common/libcommon.o
 .bss.tftp_file_size
                0x83c267ac        0x4 common/libcommon.o
                0x83c267ac                tftp_file_size
 .bss.flash     0x83c267b0        0x4 common/libcommon.o
 .bss.ctrlc_was_pressed
                0x83c267b4        0x4 common/libcommon.o
 .bss.ctrlc_disabled
                0x83c267b8        0x4 common/libcommon.o
 .bss.mem_malloc_start
                0x83c267bc        0x4 common/libcommon.o
                0x83c267bc                mem_malloc_start
 .bss.mem_malloc_end
                0x83c267c0        0x4 common/libcommon.o
                0x83c267c0                mem_malloc_end
 .bss.mem_malloc_brk
                0x83c267c4        0x4 common/libcommon.o
                0x83c267c4                mem_malloc_brk
 .bss.top_pad   0x83c267c8        0x4 common/libcommon.o
 .bss.current_mallinfo
                0x83c267cc       0x28 common/libcommon.o
 .bss.max_sbrked_mem
                0x83c267f4        0x4 common/libcommon.o
 .bss.max_total_mem
                0x83c267f8        0x4 common/libcommon.o
 .bss.env_htab  0x83c267fc        0xc common/libcommon.o
                0x83c267fc                env_htab
 .bss.env_flash
                0x83c26808        0x4 common/libcommon.o
 .bss.flash_addr
                0x83c2680c        0x4 common/libcommon.o
 .bss.hist_num  0x83c26810        0x4 common/libcommon.o
                0x83c26810                hist_num
 .bss.initted.3991
                0x83c26814        0x4 common/libcommon.o
 .bss.hist_max  0x83c26818        0x4 common/libcommon.o
 .bss.hist_add_idx
                0x83c2681c        0x4 common/libcommon.o
 .bss.lastcommand.3673
                0x83c26820      0x200 common/libcommon.o
 .bss.pNow      0x83c26a20        0x4 common/libcommon.o
 .bss.oplbootConsoleBuffer
                0x83c26a24      0x200 common/libcommon.o
 .bss.stdio_devices
                0x83c26c24        0xc common/libcommon.o
                0x83c26c24                stdio_devices
 .bss.devs      0x83c26c30       0x3c common/libcommon.o
 .bss.errno     0x83c26c6c        0x4 lib/libgeneric.o
                0x83c26c6c                errno
 .bss.local.4088
                0x83c26c70       0x18 lib/libgeneric.o
 .bss.env_changed_id.4274
                0x83c26c88        0x4 net/libnet.o
 .bss.act.4273  0x83c26c8c        0x4 net/libnet.o
 .bss.first_failed.4253
                0x83c26c90        0x4 net/libnet.o
 .bss.eth_devices
                0x83c26c94        0x4 net/libnet.o
 .bss.eth_current
                0x83c26c98        0x4 net/libnet.o
 .bss.NetOurNISDomain
                0x83c26c9c       0x20 net/libnet.o
                0x83c26c9c                NetOurNISDomain
 .bss.NetOurHostName
                0x83c26cbc       0x20 net/libnet.o
                0x83c26cbc                NetOurHostName
 .bss.NetOurRootPath
                0x83c26cdc       0x40 net/libnet.o
                0x83c26cdc                NetOurRootPath
 .bss.mac.3653  0x83c26d1c        0x8 net/libnet.o
 .bss.env_changed_id.3447
                0x83c26d24        0x4 net/libnet.o
 .bss.NetRestarted
                0x83c26d28        0x4 net/libnet.o
 .bss.NetDevExists
                0x83c26d2c        0x4 net/libnet.o
 .bss.packetHandler
                0x83c26d30        0x4 net/libnet.o
 .bss.timeHandler
                0x83c26d34        0x4 net/libnet.o
 .bss.timeStart
                0x83c26d38        0x4 net/libnet.o
 .bss.timeDelta
                0x83c26d3c        0x4 net/libnet.o
 .bss.NetTryCount
                0x83c26d40        0x4 net/libnet.o
 .bss.PingSeqNo
                0x83c26d44        0x2 net/libnet.o
 *fill*         0x83c26d46        0x2 00
 .bss.TftpRemoteIP
                0x83c26d48        0x4 net/libnet.o
 .bss.TftpRemotePort
                0x83c26d4c        0x4 net/libnet.o
 .bss.TftpOurPort
                0x83c26d50        0x4 net/libnet.o
 .bss.TftpTimeoutCount
                0x83c26d54        0x4 net/libnet.o
 .bss.TftpBlock
                0x83c26d58        0x4 net/libnet.o
 .bss.TftpLastBlock
                0x83c26d5c        0x4 net/libnet.o
 .bss.TftpBlockWrap
                0x83c26d60        0x4 net/libnet.o
 .bss.TftpBlockWrapOffset
                0x83c26d64        0x4 net/libnet.o
 .bss.TftpState
                0x83c26d68        0x4 net/libnet.o
 .bss.default_filename
                0x83c26d6c       0x10 net/libnet.o
 .bss.tftp_filename
                0x83c26d7c       0x80 net/libnet.o
 .bss.g_reset_flag
                0x83c26dfc        0x4 board/Realtek/luna/libluna.o
 .bss.g_err_handle_block_mode
                0x83c26e00        0x4 board/Realtek/luna/libluna.o
 .bss.$19.4171  0x83c26e04        0x4 board/Realtek/luna/libluna.o
 .bss.$18.4170  0x83c26e08        0x4 board/Realtek/luna/libluna.o
 .bss.$17.4169  0x83c26e0c        0x4 board/Realtek/luna/libluna.o
 COMMON         0x83c26e10      0x588 arch/otto/cpu/rlx5281/luna/libluna.o
                0x83c26e10                pTxBDPtr
                0x83c26e14                pRxBDPtr
                0x83c26e18                descriptor_tx
                0x83c27198                descriptor_rx
 COMMON         0x83c27398        0x4 arch/otto/lib/libotto.o
                0x83c27398                monitor_flash_len
 COMMON         0x83c2739c     0x2afc common/libcommon.o
                0x83c2739c                console_buffer
                0x83c275a0                hist_list
                0x83c275f0                hist_lines
                0x83c29e04                save_addr
                0x83c29e08                images
                0x83c29e94                save_size
 COMMON         0x83c29e98        0x4 lib/libgeneric.o
                0x83c29e98                ___strtok
 COMMON         0x83c29e9c     0x2544 net/libnet.o
                0x83c29e9c                NetArpWaitTry
                0x83c29ea0                NetArpWaitPacketMAC
                0x83c29ea4                NetOurEther
                0x83c29eac                NetOurIP
                0x83c29eb0                NetPingIP
                0x83c29eb4                NetServerIP
                0x83c29eb8                NetArpWaitTxPacketSize
                0x83c29ebc                NetArpWaitReplyIP
                0x83c29ec0                NetArpWaitTxPacket
                0x83c29ec4                NetRxPackets
                0x83c29ed4                NetArpWaitPacketIP
                0x83c29ed8                NetState
                0x83c29edc                BootpTry
                0x83c29ee0                BootFile
                0x83c29f60                NetServerEther
                0x83c29f68                NetOurSubnetMask
                0x83c29f6c                NetBootFileSize
                0x83c29f70                NetIPID
                0x83c29f74                NetRxPacket
                0x83c29f78                BootpID
                0x83c29f7c                NetOurGatewayIP
                0x83c29f80                NetEtherNullAddr
                0x83c29f88                NetRestartWrap
                0x83c29f8c                NetArpWaitPacketBuf
                0x83c2a5ac                NetTxPacket
                0x83c2a5b0                NetBootFileXferSize
                0x83c2a5b4                NetOurDNSIP
                0x83c2a5b8                NetRxPacketLen
                0x83c2a5bc                PktBuf
                0x83c2c3dc                NetArpWaitTimerStart
                0x83c2c3e0                uboot_end = .
Address of section .text set to 0x83c00000
LOAD arch/otto/cpu/rlx5281/start.o
START GROUP
LOAD api/libapi.o
LOAD arch/otto/cpu/rlx5281/librlx5281.o
LOAD arch/otto/cpu/rlx5281/luna/libluna.o
LOAD arch/otto/lib/libotto.o
LOAD common/libcommon.o
LOAD disk/libdisk.o
LOAD drivers/bios_emulator/libatibiosemu.o
LOAD drivers/block/libblock.o
LOAD drivers/dma/libdma.o
LOAD drivers/fpga/libfpga.o
LOAD drivers/gpio/libgpio.o
LOAD drivers/hwmon/libhwmon.o
LOAD drivers/i2c/libi2c.o
LOAD drivers/input/libinput.o
LOAD drivers/misc/libmisc.o
LOAD drivers/mmc/libmmc.o
LOAD drivers/mtd/libmtd.o
LOAD drivers/mtd/nand/libnand.o
LOAD drivers/mtd/onenand/libonenand.o
LOAD drivers/mtd/spi/libspi_flash.o
LOAD drivers/mtd/ubi/libubi.o
LOAD drivers/net/libnet.o
LOAD drivers/net/phy/libphy.o
LOAD drivers/pci/libpci.o
LOAD drivers/pcmcia/libpcmcia.o
LOAD drivers/power/libpower.o
LOAD drivers/rtc/librtc.o
LOAD drivers/serial/libserial.o
LOAD drivers/spi/libspi.o
LOAD drivers/twserial/libtws.o
LOAD drivers/usb/eth/libusb_eth.o
LOAD drivers/usb/gadget/libusb_gadget.o
LOAD drivers/usb/host/libusb_host.o
LOAD drivers/usb/musb/libusb_musb.o
LOAD drivers/usb/phy/libusb_phy.o
LOAD drivers/usb/ulpi/libusb_ulpi.o
LOAD drivers/video/libvideo.o
LOAD drivers/watchdog/libwatchdog.o
LOAD fs/cramfs/libcramfs.o
LOAD fs/ext2/libext2fs.o
LOAD fs/fat/libfat.o
LOAD fs/fdos/libfdos.o
LOAD fs/jffs2/libjffs2.o
LOAD fs/reiserfs/libreiserfs.o
LOAD fs/ubifs/libubifs.o
LOAD fs/yaffs2/libyaffs2.o
LOAD lib/libfdt/libfdt.o
LOAD lib/libgeneric.o
LOAD lib/lzma/liblzma.o
LOAD lib/lzo/liblzo.o
LOAD lib/zlib/libz.o
LOAD net/libnet.o
LOAD post/libpost.o
LOAD board/Realtek/luna/libluna.o
END GROUP
OUTPUT(u-boot elf32-tradbigmips)

.pdr            0x00000000        0x0
 .pdr           0x00000000        0x0 arch/otto/cpu/rlx5281/start.o
 .pdr           0x00000000        0x0 drivers/pcmcia/libpcmcia.o

.comment        0x00000000       0x22
 .comment       0x00000000       0x22 arch/otto/cpu/rlx5281/librlx5281.o
                                 0x46 (size before relaxing)
 .comment       0x00000000       0xaf arch/otto/cpu/rlx5281/luna/libluna.o
 .comment       0x00000000      0x118 arch/otto/lib/libotto.o
 .comment       0x00000000      0x41a common/libcommon.o
 .comment       0x00000000       0x23 disk/libdisk.o
 .comment       0x00000000       0x46 drivers/pcmcia/libpcmcia.o
 .comment       0x00000000       0x23 drivers/rtc/librtc.o
 .comment       0x00000000      0x20d lib/libgeneric.o
 .comment       0x00000000       0x46 lib/lzma/liblzma.o
 .comment       0x00000000       0x23 lib/zlib/libz.o
 .comment       0x00000000       0x8c net/libnet.o
 .comment       0x00000000       0xf5 board/Realtek/luna/libluna.o

.gnu.attributes
                0x00000000       0x10
 .gnu.attributes
                0x00000000       0x10 arch/otto/cpu/rlx5281/librlx5281.o
 .gnu.attributes
                0x00000010       0x10 arch/otto/cpu/rlx5281/luna/libluna.o
 .gnu.attributes
                0x00000020       0x10 arch/otto/lib/libotto.o
 .gnu.attributes
                0x00000030       0x10 common/libcommon.o
 .gnu.attributes
                0x00000040       0x10 disk/libdisk.o
 .gnu.attributes
                0x00000050       0x10 drivers/pcmcia/libpcmcia.o
 .gnu.attributes
                0x00000060       0x10 drivers/rtc/librtc.o
 .gnu.attributes
                0x00000070       0x10 lib/libgeneric.o
 .gnu.attributes
                0x00000080       0x10 lib/lzma/liblzma.o
 .gnu.attributes
                0x00000090       0x10 lib/zlib/libz.o
 .gnu.attributes
                0x000000a0       0x10 net/libnet.o
 .gnu.attributes
                0x000000b0       0x10 board/Realtek/luna/libluna.o

.mdebug.abi32   0x00000000        0x0
 .mdebug.abi32  0x00000000        0x0 arch/otto/cpu/rlx5281/librlx5281.o
 .mdebug.abi32  0x00000000        0x0 arch/otto/cpu/rlx5281/luna/libluna.o
 .mdebug.abi32  0x00000000        0x0 arch/otto/lib/libotto.o
 .mdebug.abi32  0x00000000        0x0 common/libcommon.o
 .mdebug.abi32  0x00000000        0x0 disk/libdisk.o
 .mdebug.abi32  0x00000000        0x0 drivers/pcmcia/libpcmcia.o
 .mdebug.abi32  0x00000000        0x0 drivers/rtc/librtc.o
 .mdebug.abi32  0x00000000        0x0 lib/libgeneric.o
 .mdebug.abi32  0x00000000        0x0 lib/lzma/liblzma.o
 .mdebug.abi32  0x00000000        0x0 lib/zlib/libz.o
 .mdebug.abi32  0x00000000        0x0 net/libnet.o
 .mdebug.abi32  0x00000000        0x0 board/Realtek/luna/libluna.o

.debug_line     0x00000000     0xcd07
 .debug_line    0x00000000       0xc0 arch/otto/cpu/rlx5281/start.o
 .debug_line    0x000000c0      0x318 arch/otto/cpu/rlx5281/librlx5281.o
 .debug_line    0x000003d8      0x767 arch/otto/cpu/rlx5281/luna/libluna.o
 .debug_line    0x00000b3f      0xec1 arch/otto/lib/libotto.o
 .debug_line    0x00001a00     0x4c7f common/libcommon.o
 .debug_line    0x0000667f       0xf8 disk/libdisk.o
 .debug_line    0x00006777       0x94 drivers/pcmcia/libpcmcia.o
 .debug_line    0x0000680b       0xf6 drivers/rtc/librtc.o
 .debug_line    0x00006901     0x177c lib/libgeneric.o
 .debug_line    0x0000807d      0x7a7 lib/lzma/liblzma.o
 .debug_line    0x00008824      0x7c9 lib/zlib/libz.o
 .debug_line    0x00008fed     0x1133 net/libnet.o
 .debug_line    0x0000a120     0x2be7 board/Realtek/luna/libluna.o

.debug_info     0x00000000    0x268e0
 .debug_info    0x00000000       0x8d arch/otto/cpu/rlx5281/start.o
 .debug_info    0x0000008d      0x42b arch/otto/cpu/rlx5281/librlx5281.o
 .debug_info    0x000004b8      0xd1e arch/otto/cpu/rlx5281/luna/libluna.o
 .debug_info    0x000011d6     0x5075 arch/otto/lib/libotto.o
 .debug_info    0x0000624b     0xf4d4 common/libcommon.o
 .debug_info    0x0001571f      0x26d disk/libdisk.o
 .debug_info    0x0001598c       0xfe drivers/pcmcia/libpcmcia.o
 .debug_info    0x00015a8a      0x259 drivers/rtc/librtc.o
 .debug_info    0x00015ce3     0x2db3 lib/libgeneric.o
 .debug_info    0x00018a96     0x156f lib/lzma/liblzma.o
 .debug_info    0x0001a005      0xfef lib/zlib/libz.o
 .debug_info    0x0001aff4     0x311f net/libnet.o
 .debug_info    0x0001e113     0x87cd board/Realtek/luna/libluna.o

.debug_abbrev   0x00000000     0x86f0
 .debug_abbrev  0x00000000       0x14 arch/otto/cpu/rlx5281/start.o
 .debug_abbrev  0x00000014      0x1d5 arch/otto/cpu/rlx5281/librlx5281.o
 .debug_abbrev  0x000001e9      0x4a0 arch/otto/cpu/rlx5281/luna/libluna.o
 .debug_abbrev  0x00000689      0xebd arch/otto/lib/libotto.o
 .debug_abbrev  0x00001546     0x3a55 common/libcommon.o
 .debug_abbrev  0x00004f9b       0xdf disk/libdisk.o
 .debug_abbrev  0x0000507a       0x7e drivers/pcmcia/libpcmcia.o
 .debug_abbrev  0x000050f8      0x129 drivers/rtc/librtc.o
 .debug_abbrev  0x00005221     0x10ef lib/libgeneric.o
 .debug_abbrev  0x00006310      0x48d lib/lzma/liblzma.o
 .debug_abbrev  0x0000679d      0x30c lib/zlib/libz.o
 .debug_abbrev  0x00006aa9      0xcbf net/libnet.o
 .debug_abbrev  0x00007768      0xf88 board/Realtek/luna/libluna.o

.debug_aranges  0x00000000     0x1968
 .debug_aranges
                0x00000000       0x20 arch/otto/cpu/rlx5281/start.o
 .debug_aranges
                0x00000020       0x98 arch/otto/cpu/rlx5281/librlx5281.o
 .debug_aranges
                0x000000b8      0x140 arch/otto/cpu/rlx5281/luna/libluna.o
 .debug_aranges
                0x000001f8      0x230 arch/otto/lib/libotto.o
 .debug_aranges
                0x00000428      0x940 common/libcommon.o
 .debug_aranges
                0x00000d68       0x20 disk/libdisk.o
 .debug_aranges
                0x00000d88       0x30 drivers/rtc/librtc.o
 .debug_aranges
                0x00000db8      0x330 lib/libgeneric.o
 .debug_aranges
                0x000010e8       0xb8 lib/lzma/liblzma.o
 .debug_aranges
                0x000011a0       0x68 lib/zlib/libz.o
 .debug_aranges
                0x00001208      0x210 net/libnet.o
 .debug_aranges
                0x00001418      0x550 board/Realtek/luna/libluna.o

.debug_pubnames
                0x00000000     0x353c
 .debug_pubnames
                0x00000000       0xd2 arch/otto/cpu/rlx5281/librlx5281.o
 .debug_pubnames
                0x000000d2      0x188 arch/otto/cpu/rlx5281/luna/libluna.o
 .debug_pubnames
                0x0000025a      0x4d9 arch/otto/lib/libotto.o
 .debug_pubnames
                0x00000733     0x12c2 common/libcommon.o
 .debug_pubnames
                0x000019f5       0x1e disk/libdisk.o
 .debug_pubnames
                0x00001a13       0x38 drivers/rtc/librtc.o
 .debug_pubnames
                0x00001a4b      0x44d lib/libgeneric.o
 .debug_pubnames
                0x00001e98      0x118 lib/lzma/liblzma.o
 .debug_pubnames
                0x00001fb0       0xb4 lib/zlib/libz.o
 .debug_pubnames
                0x00002064      0x605 net/libnet.o
 .debug_pubnames
                0x00002669      0xed3 board/Realtek/luna/libluna.o

.debug_frame    0x00000000     0x42a0
 .debug_frame   0x00000000       0xe0 arch/otto/cpu/rlx5281/librlx5281.o
 .debug_frame   0x000000e0      0x1e0 arch/otto/cpu/rlx5281/luna/libluna.o
 .debug_frame   0x000002c0      0x514 arch/otto/lib/libotto.o
 .debug_frame   0x000007d4     0x1a24 common/libcommon.o
 .debug_frame   0x000021f8       0x20 disk/libdisk.o
 .debug_frame   0x00002218       0x44 drivers/rtc/librtc.o
 .debug_frame   0x0000225c      0x720 lib/libgeneric.o
 .debug_frame   0x0000297c      0x220 lib/lzma/liblzma.o
 .debug_frame   0x00002b9c      0x130 lib/zlib/libz.o
 .debug_frame   0x00002ccc      0x624 net/libnet.o
 .debug_frame   0x000032f0      0xfb0 board/Realtek/luna/libluna.o

.debug_str      0x00000000     0x7236
 .debug_str     0x00000000      0x1a4 arch/otto/cpu/rlx5281/librlx5281.o
                                0x323 (size before relaxing)
 .debug_str     0x000001a4      0x4e9 arch/otto/cpu/rlx5281/luna/libluna.o
                                0x9c0 (size before relaxing)
 .debug_str     0x0000068d     0x11c9 arch/otto/lib/libotto.o
                               0x3ad1 (size before relaxing)
 .debug_str     0x00001856     0x26c1 common/libcommon.o
                               0x72f4 (size before relaxing)
 .debug_str     0x00003f17       0xe6 disk/libdisk.o
                                0x193 (size before relaxing)
 .debug_str     0x00003ffd       0x72 drivers/pcmcia/libpcmcia.o
                                0x203 (size before relaxing)
 .debug_str     0x0000406f       0x98 drivers/rtc/librtc.o
                                0x18d (size before relaxing)
 .debug_str     0x00004107      0x4a0 lib/libgeneric.o
                               0x1373 (size before relaxing)
 .debug_str     0x000045a7      0x545 lib/lzma/liblzma.o
                                0x87f (size before relaxing)
 .debug_str     0x00004aec      0x3c1 lib/zlib/libz.o
                                0x592 (size before relaxing)
 .debug_str     0x00004ead      0xbba net/libnet.o
                               0x155e (size before relaxing)
 .debug_str     0x00005a67     0x17cf board/Realtek/luna/libluna.o
                               0x46ac (size before relaxing)

.debug_loc      0x00000000    0x17801
 .debug_loc     0x00000000      0x13e arch/otto/cpu/rlx5281/librlx5281.o
 .debug_loc     0x0000013e      0x2e8 arch/otto/cpu/rlx5281/luna/libluna.o
 .debug_loc     0x00000426      0xff3 arch/otto/lib/libotto.o
 .debug_loc     0x00001419     0x975c common/libcommon.o
 .debug_loc     0x0000ab75      0x114 drivers/rtc/librtc.o
 .debug_loc     0x0000ac89     0x26fe lib/libgeneric.o
 .debug_loc     0x0000d387     0x1f32 lib/lzma/liblzma.o
 .debug_loc     0x0000f2b9     0x17ff lib/zlib/libz.o
 .debug_loc     0x00010ab8     0x1871 net/libnet.o
 .debug_loc     0x00012329     0x54d8 board/Realtek/luna/libluna.o

.debug_ranges   0x00000000     0x50f0
 .debug_ranges  0x00000000       0x68 arch/otto/cpu/rlx5281/librlx5281.o
 .debug_ranges  0x00000068       0xe8 arch/otto/cpu/rlx5281/luna/libluna.o
 .debug_ranges  0x00000150      0x3a0 arch/otto/lib/libotto.o
 .debug_ranges  0x000004f0     0x2778 common/libcommon.o
 .debug_ranges  0x00002c68       0x18 disk/libdisk.o
 .debug_ranges  0x00002c80       0x28 drivers/rtc/librtc.o
 .debug_ranges  0x00002ca8      0x530 lib/libgeneric.o
 .debug_ranges  0x000031d8      0x450 lib/lzma/liblzma.o
 .debug_ranges  0x00003628       0x60 lib/zlib/libz.o
 .debug_ranges  0x00003688      0x760 net/libnet.o
 .debug_ranges  0x00003de8     0x1308 board/Realtek/luna/libluna.o
