
Allocating common symbols
Common symbol       size              file

console_buffer      0x201             common/libcommon.o
NetArpWaitTry       0x4               net/libnet.o
NetArpWaitPacketMAC
                    0x4               net/libnet.o
hist_list           0x50              common/libcommon.o
hist_lines          0x2814            common/libcommon.o
NetOurEther         0x6               net/libnet.o
NetOurIP            0x4               net/libnet.o
NetPingIP           0x4               net/libnet.o
NetServerIP         0x4               net/libnet.o
monitor_flash_len   0x4               arch/otto/lib/libotto.o
save_addr           0x4               common/libcommon.o
___strtok           0x4               lib/libgeneric.o
NetArpWaitTxPacketSize
                    0x4               net/libnet.o
NetArpWaitReplyIP   0x4               net/libnet.o
NetArpWaitTxPacket  0x4               net/libnet.o
NetRxPackets        0x10              net/libnet.o
NetArpWaitPacketIP  0x4               net/libnet.o
NetState            0x4               net/libnet.o
BootpTry            0x4               net/libnet.o
BootFile            0x80              net/libnet.o
NetServerEther      0x6               net/libnet.o
pTxBDPtr            0x4               arch/otto/cpu/rlx5281/luna/libluna.o
pRxBDPtr            0x4               arch/otto/cpu/rlx5281/luna/libluna.o
NetOurSubnetMask    0x4               net/libnet.o
NetBootFileSize     0x2               net/libnet.o
descriptor_tx       0x380             arch/otto/cpu/rlx5281/luna/libluna.o
NetIPID             0x4               net/libnet.o
NetRxPacket         0x4               net/libnet.o
images              0x8c              common/libcommon.o
BootpID             0x4               net/libnet.o
NetOurGatewayIP     0x4               net/libnet.o
NetEtherNullAddr    0x6               net/libnet.o
NetRestartWrap      0x4               net/libnet.o
save_size           0x4               common/libcommon.o
descriptor_rx       0x200             arch/otto/cpu/rlx5281/luna/libluna.o
NetArpWaitPacketBuf
                    0x620             net/libnet.o
NetTxPacket         0x4               net/libnet.o
NetBootFileXferSize
                    0x4               net/libnet.o
NetOurDNSIP         0x4               net/libnet.o
NetRxPacketLen      0x4               net/libnet.o
PktBuf              0x1e20            net/libnet.o
NetArpWaitTimerStart
                    0x4               net/libnet.o

Discarded input sections

 .data          0x00000000        0x0 arch/otto/cpu/rlx5281/start.o
 .bss           0x00000000        0x0 arch/otto/cpu/rlx5281/start.o
 .reginfo       0x00000000       0x18 arch/otto/cpu/rlx5281/start.o
 .reginfo       0x00000000       0x18 arch/otto/cpu/rlx5281/librlx5281.o
 .text.write_one_tlb
                0x00000000       0x1c arch/otto/cpu/rlx5281/librlx5281.o
 .text.show_cpu_config
                0x00000000       0xc8 arch/otto/cpu/rlx5281/librlx5281.o
 .text.set_cpu_config
                0x00000000       0xa0 arch/otto/cpu/rlx5281/librlx5281.o
 .text.next_cpu_config
                0x00000000       0x50 arch/otto/cpu/rlx5281/librlx5281.o
 .data          0x00000000        0x0 arch/otto/cpu/rlx5281/librlx5281.o
 .bss           0x00000000        0x0 arch/otto/cpu/rlx5281/librlx5281.o
 .pdr           0x00000000      0x1c0 arch/otto/cpu/rlx5281/librlx5281.o
 .reginfo       0x00000000       0x18 arch/otto/cpu/rlx5281/luna/libluna.o
 .text          0x00000000      0x340 arch/otto/cpu/rlx5281/luna/libluna.o
 .text.rtl8676_get_busfreq
                0x00000000        0x8 arch/otto/cpu/rlx5281/luna/libluna.o
 .data          0x00000000        0x0 arch/otto/cpu/rlx5281/luna/libluna.o
 .bss           0x00000000        0x0 arch/otto/cpu/rlx5281/luna/libluna.o
 .bss.txBDhead  0x00000000        0x4 arch/otto/cpu/rlx5281/luna/libluna.o
 .pdr           0x00000000      0x460 arch/otto/cpu/rlx5281/luna/libluna.o
 .reginfo       0x00000000       0x18 arch/otto/lib/libotto.o
 .text          0x00000000        0x0 arch/otto/lib/libotto.o
 .text.boot_gpio_mode_set
                0x00000000       0x44 arch/otto/lib/libotto.o
 .text.boot_gpio_databit_set
                0x00000000       0x44 arch/otto/lib/libotto.o
 .text.__ashrdi3
                0x00000000       0x44 arch/otto/lib/libotto.o
 .text.serial_putc_raw
                0x00000000       0x1c arch/otto/lib/libotto.o
 .data          0x00000000        0x0 arch/otto/lib/libotto.o
 .data.mips_io_port_base
                0x00000000        0x4 arch/otto/lib/libotto.o
 .bss           0x00000000        0x0 arch/otto/lib/libotto.o
 .pdr           0x00000000      0x420 arch/otto/lib/libotto.o
 .reginfo       0x00000000       0x18 common/libcommon.o
 .text          0x00000000        0x0 common/libcommon.o
 .text.QuestionMarkToa
                0x00000000       0x14 common/libcommon.o
 .text.aToQuestionMark
                0x00000000       0x14 common/libcommon.o
 .text.BinToAsc
[...]
Memory Configuration

Name             Origin             Length             Attributes
*default*        0x00000000         0xffffffff

Linker script and memory map

                0x00000000                . = 0x0
                0x00000000                . = ALIGN (0x4)

.text           0x83c00000    0x1f384
 *(.text*)
 .text          0x83c00000      0x430 arch/otto/cpu/rlx5281/start.o
                0x83c00000                _start
 .text          0x83c00430       0xc0 arch/otto/cpu/rlx5281/librlx5281.o
                0x83c00430                mips_cache_reset
                0x83c00468                dcache_status
                0x83c00478                dcache_disable
                0x83c00490                rlx5281_cache_flush_dcache
                0x83c004c0                rlx5281_cache_invali_icache
 .text.set_exception_base
                0x83c004f0        0x8 arch/otto/cpu/rlx5281/librlx5281.o
                0x83c004f0                set_exception_base
 .text.do_reset
                0x83c004f8       0x30 arch/otto/cpu/rlx5281/librlx5281.o
                0x83c004f8                do_reset
 .text.flush_cache
                0x83c00528       0x1c arch/otto/cpu/rlx5281/librlx5281.o
                0x83c00528                flush_cache
 .text.enable_interrupts
                0x83c00544        0x8 arch/otto/cpu/rlx5281/librlx5281.o
                0x83c00544                enable_interrupts
 .text.disable_interrupts
                0x83c0054c        0x8 arch/otto/cpu/rlx5281/librlx5281.o
                0x83c0054c                disable_interrupts
 .text.cpu_eth_init
                0x83c00554       0xb8 arch/otto/cpu/rlx5281/luna/libluna.o
                0x83c00554                cpu_eth_init
 .text.rtl8676_write_hwaddr
                0x83c0060c       0x20 arch/otto/cpu/rlx5281/luna/libluna.o
 .text.rtl8676_halt
                0x83c0062c        0x8 arch/otto/cpu/rlx5281/luna/libluna.o
 .text.rtl8676_recv
                0x83c00634       0x3c arch/otto/cpu/rlx5281/luna/libluna.o
 .text.rtl8676_send
                0x83c00670       0x24 arch/otto/cpu/rlx5281/luna/libluna.o
 .text.rtl8676_init
                0x83c00694       0x20 arch/otto/cpu/rlx5281/luna/libluna.o
 .text.Lan_RXENABLE
                0x83c006b4        0x8 arch/otto/cpu/rlx5281/luna/libluna.o
                0x83c006b4                Lan_RXENABLE
 .text.Lan_RXDISABLE
                0x83c006bc        0x8 arch/otto/cpu/rlx5281/luna/libluna.o
                0x83c006bc                Lan_RXDISABLE
 .text.Lan_Stop
                0x83c006c4       0x58 arch/otto/cpu/rlx5281/luna/libluna.o
                0x83c006c4                Lan_Stop
 .text.Lan_Initialize
                0x83c0071c      0x214 arch/otto/cpu/rlx5281/luna/libluna.o
                0x83c0071c                Lan_Initialize
 .text.Lan_WriteMac
                0x83c00930       0x5c arch/otto/cpu/rlx5281/luna/libluna.o
                0x83c00930                Lan_WriteMac
 .text.isEthDbgLv
                0x83c0098c       0x3c arch/otto/cpu/rlx5281/luna/libluna.o
                0x83c0098c                isEthDbgLv
 .text.Lan_Transmit
                0x83c009c8      0x208 arch/otto/cpu/rlx5281/luna/libluna.o
                0x83c009c8                Lan_Transmit
 .text.Lan_Receive
                0x83c00bd0      0x200 arch/otto/cpu/rlx5281/luna/libluna.o
                0x83c00bd0                Lan_Receive
 .text.swCore_init
                0x83c00dd0      0x2f0 arch/otto/cpu/rlx5281/luna/libluna.o
                0x83c00dd0                swCore_init
 .text.__board_early_init_f
                0x83c010c0        0x8 arch/otto/lib/libotto.o
                0x83c010c0                __board_early_init_f
                0x83c010c0                board_early_init_f
 .text.boot_gpio_state_set
                0x83c010c8       0x68 arch/otto/lib/libotto.o
                0x83c010c8                boot_gpio_state_set
 .text.boot_gpio_value_set
                0x83c01130       0x98 arch/otto/lib/libotto.o
                0x83c01130                boot_gpio_value_set
 .text.hang     0x83c011c8       0x1c arch/otto/lib/libotto.o
                0x83c011c8                hang
 .text.init_func_ram
                0x83c011e4       0x74 arch/otto/lib/libotto.o
 .text.display_banner
                0x83c01258       0xbc arch/otto/lib/libotto.o
 .text.board_init_r
                0x83c01314      0x3fc arch/otto/lib/libotto.o
                0x83c01314                board_init_r
 .text.led_test
                0x83c01710      0x110 arch/otto/lib/libotto.o
                0x83c01710                led_test
 .text.board_init_f
                0x83c01820      0x158 arch/otto/lib/libotto.o
                0x83c01820                board_init_f
 .text.linux_env_set
                0x83c01978       0xf0 arch/otto/lib/libotto.o
 .text.do_bootm_linux
                0x83c01a68      0x354 arch/otto/lib/libotto.o
                0x83c01a68                do_bootm_linux
 .text.__ashldi3
                0x83c01dbc       0x44 arch/otto/lib/libotto.o
                0x83c01dbc                __ashldi3
 .text.__lshrdi3
                0x83c01e00       0x44 arch/otto/lib/libotto.o
                0x83c01e00                __lshrdi3
 .text.serial_putc
                0x83c01e44       0x50 arch/otto/lib/libotto.o
                0x83c01e44                serial_putc
 .text.serial_puts
                0x83c01e94       0x3c arch/otto/lib/libotto.o
                0x83c01e94                serial_puts
 .text.serial_getc
                0x83c01ed0       0x28 arch/otto/lib/libotto.o
                0x83c01ed0                serial_getc
 .text.serial_tstc
                0x83c01ef8       0x14 arch/otto/lib/libotto.o
                0x83c01ef8                serial_tstc
 .text.serial_setbrg
                0x83c01f0c       0x74 arch/otto/lib/libotto.o
                0x83c01f0c                serial_setbrg
 .text.serial_init
                0x83c01f80       0x2c arch/otto/lib/libotto.o
                0x83c01f80                serial_init
 .text.timer_init
                0x83c01fac       0x10 arch/otto/lib/libotto.o
                0x83c01fac                timer_init
 .text.get_timer
                0x83c01fbc       0x80 arch/otto/lib/libotto.o
                0x83c01fbc                get_timer
 .text.__udelay
                0x83c0203c       0x14 arch/otto/lib/libotto.o
                0x83c0203c                __udelay
 .text.do_sleep
                0x83c02050       0x80 arch/otto/lib/libotto.o
                0x83c02050                do_sleep
 .text.spi_flash_probe
                0x83c020d0       0x38 arch/otto/lib/libotto.o
                0x83c020d0                spi_flash_probe
 .text.spi_flash_free
                0x83c02108        0x8 arch/otto/lib/libotto.o
                0x83c02108                spi_flash_free
 .text.otto_spi_flash_read
                0x83c02110       0xe8 arch/otto/lib/libotto.o
                0x83c02110                otto_spi_flash_read
 .text.spi_flash_init
                0x83c021f8       0xb0 arch/otto/lib/libotto.o
                0x83c021f8                spi_flash_init
 .text.otto_spi_flash_erase
                0x83c022a8      0x14c arch/otto/lib/libotto.o
                0x83c022a8                otto_spi_flash_erase
 .text.otto_spi_flash_write
                0x83c023f4      0x2c8 arch/otto/lib/libotto.o
                0x83c023f4                otto_spi_flash_write
 .text.AscToBin
                0x83c026bc       0x94 common/libcommon.o
                0x83c026bc                AscToBin
 .text.des_encrypt
                0x83c02750      0x958 common/libcommon.o
                0x83c02750                des_encrypt
 .text.des_ecb_encrypt
                0x83c030a8       0xcc common/libcommon.o
                0x83c030a8                des_ecb_encrypt
 .text.IsStringN63Cipher
                0x83c03174       0x60 common/libcommon.o
                0x83c03174                IsStringN63Cipher
 .text.des_is_weak_key
                0x83c031d4       0x64 common/libcommon.o
                0x83c031d4                des_is_weak_key
 .text.des_set_key
                0x83c03238      0x384 common/libcommon.o
                0x83c03238                des_set_key
 .text.DecryptN63Password
                0x83c035bc      0x114 common/libcommon.o
                0x83c035bc                DecryptN63Password
 .text.do_go_exec
                0x83c036d0       0x14 common/libcommon.o
                0x83c036d0                do_go_exec
 .text.do_go    0x83c036e4       0xa0 common/libcommon.o
                0x83c036e4                do_go
 .text.__arch_preboot_os
                0x83c03784        0x8 common/libcommon.o
                0x83c03784                arch_preboot_os
                0x83c03784                __arch_preboot_os
 .text.do_bootm_rtems
                0x83c0378c       0x58 common/libcommon.o
 .text.do_bootm_netbsd
                0x83c037e4      0x19c common/libcommon.o
 .text.bootm_load_os
                0x83c03980      0x234 common/libcommon.o
 .text.bootm_start
                0x83c03bb4      0x3e8 common/libcommon.o
 .text.do_bootm_subcommand
                0x83c03f9c      0x20c common/libcommon.o
                0x83c03f9c                do_bootm_subcommand
 .text.do_bootm
                0x83c041a8      0x2f8 common/libcommon.o
                0x83c041a8                do_bootm
 .text.bootm_maybe_autostart
                0x83c044a0       0x8c common/libcommon.o
                0x83c044a0                bootm_maybe_autostart
 .text.do_debug
                0x83c0452c       0x7c common/libcommon.o
                0x83c0452c                do_debug
 .text.do_help  0x83c045a8       0x5c common/libcommon.o
                0x83c045a8                do_help
 .text.Check_MAC
                0x83c04604       0x90 common/libcommon.o
                0x83c04604                Check_MAC
 .text.getnext  0x83c04694       0x88 common/libcommon.o
                0x83c04694                getnext
 .text.str_to_mac
                0x83c0471c      0x16c common/libcommon.o
                0x83c0471c                str_to_mac
 .text.do_manufacture_set
                0x83c04888      0x1c0 common/libcommon.o
                0x83c04888                do_manufacture_set
 .text.do_mem_crc
                0x83c04a48       0xf0 common/libcommon.o
                0x83c04a48                do_mem_crc
 .text.do_mem_base
                0x83c04b38       0x4c common/libcommon.o
                0x83c04b38                do_mem_base
 .text.do_mem_mtest
                0x83c04b84      0x1f8 common/libcommon.o
                0x83c04b84                do_mem_mtest
 .text.do_mem_cp
                0x83c04d7c      0x13c common/libcommon.o
                0x83c04d7c                do_mem_cp
 .text.do_mem_cmp
                0x83c04eb8      0x1ec common/libcommon.o
                0x83c04eb8                do_mem_cmp
 .text.do_mem_mw
                0x83c050a4      0x124 common/libcommon.o
                0x83c050a4                do_mem_mw
 .text.mod_mem  0x83c051c8      0x1d0 common/libcommon.o
 .text.do_mem_nm
                0x83c05398       0x2c common/libcommon.o
                0x83c05398                do_mem_nm
 .text.do_mem_mm
                0x83c053c4       0x2c common/libcommon.o
                0x83c053c4                do_mem_mm
 .text.do_mem_md
                0x83c053f0      0x13c common/libcommon.o
                0x83c053f0                do_mem_md
 .text.do_ping  0x83c0552c       0xa0 common/libcommon.o
                0x83c0552c                do_ping
 .text.netboot_common
                0x83c055cc      0x2f4 common/libcommon.o
 .text.do_tftpb
                0x83c058c0       0x10 common/libcommon.o
                0x83c058c0                do_tftpb
 .text.do_bootp
                0x83c058d0       0x10 common/libcommon.o
                0x83c058d0                do_bootp
 .text.get_env_id
                0x83c058e0       0x10 common/libcommon.o
                0x83c058e0                get_env_id
 .text.do_env   0x83c058f0       0x8c common/libcommon.o
 .text.do_env_delete
                0x83c0597c       0x24 common/libcommon.o
 .text.do_env_import
                0x83c059a0      0x2a4 common/libcommon.o
 .text.do_env_default
                0x83c05c44       0x64 common/libcommon.o
 .text.envmatch
                0x83c05ca8       0x90 common/libcommon.o
                0x83c05ca8                envmatch
 .text.getenv_f
                0x83c05d38      0x110 common/libcommon.o
                0x83c05d38                getenv_f
 .text.do_env_save
                0x83c05e48       0x34 common/libcommon.o
                0x83c05e48                do_env_save
 .text.getenv   0x83c05e7c      0x120 common/libcommon.o
                0x83c05e7c                getenv
 .text.getenv_ulong
                0x83c05f9c       0x50 common/libcommon.o
                0x83c05f9c                getenv_ulong
 .text.env_print
                0x83c05fec       0xb0 common/libcommon.o
 .text.do_env_print
                0x83c0609c       0xc4 common/libcommon.o
                0x83c0609c                do_env_print
 .text._do_env_set
                0x83c06160      0x410 common/libcommon.o
                0x83c06160                _do_env_set
 .text.do_env_set
                0x83c06570       0x28 common/libcommon.o
                0x83c06570                do_env_set
 .text.setenv   0x83c06598       0x58 common/libcommon.o
                0x83c06598                setenv
 .text.do_env_export
                0x83c065f0      0x2e8 common/libcommon.o
 .text.setenv_ulong
                0x83c068d8       0x30 common/libcommon.o
                0x83c068d8                setenv_ulong
 .text.do_restore
                0x83c06908      0x284 common/libcommon.o
                0x83c06908                do_restore
 .text.do_spi_flash
                0x83c06b8c      0x5dc common/libcommon.o
 .text.fw_head_check
                0x83c07168       0xc4 common/libcommon.o
                0x83c07168                fw_head_check
 .text.promt_cancel
                0x83c0722c       0xc4 common/libcommon.o
                0x83c0722c                promt_cancel
 .text.do_uuimage
                0x83c072f0      0x254 common/libcommon.o
                0x83c072f0                do_uuimage
 .text.do_uuboot
                0x83c07544      0x258 common/libcommon.o
                0x83c07544                do_uuboot
 .text.do_uuapp
                0x83c0779c      0x340 common/libcommon.o
                0x83c0779c                do_uuapp
 .text.cmd_get_data_size
                0x83c07adc       0x7c common/libcommon.o
                0x83c07adc                cmd_get_data_size
 .text.cmd_usage
                0x83c07b58       0x78 common/libcommon.o
                0x83c07b58                cmd_usage
 .text.find_cmd_tbl
                0x83c07bd0       0xdc common/libcommon.o
                0x83c07bd0                find_cmd_tbl
 .text.find_cmd
                0x83c07cac       0x30 common/libcommon.o
                0x83c07cac                find_cmd
 .text._do_help
                0x83c07cdc      0x34c common/libcommon.o
                0x83c07cdc                _do_help
 .text.console_setfile
                0x83c08028       0xc4 common/libcommon.o
 .text.fgetc    0x83c080ec       0x34 common/libcommon.o
                0x83c080ec                fgetc
 .text.ftstc    0x83c08120       0x34 common/libcommon.o
                0x83c08120                ftstc
 .text.fputc    0x83c08154       0x3c common/libcommon.o
                0x83c08154                fputc
 .text.fputs    0x83c08190       0x38 common/libcommon.o
                0x83c08190                fputs
 .text.had_ctrlc
                0x83c081c8       0x10 common/libcommon.o
                0x83c081c8                had_ctrlc
 .text.clear_ctrlc
                0x83c081d8        0xc common/libcommon.o
                0x83c081d8                clear_ctrlc
 .text.console_init_r
                0x83c081e4       0xf0 common/libcommon.o
                0x83c081e4                console_init_r
 .text.search_device
                0x83c082d4       0x3c common/libcommon.o
                0x83c082d4                search_device
 .text.console_assign
                0x83c08310       0x60 common/libcommon.o
                0x83c08310                console_assign
 .text.fprintf  0x83c08370       0x5c common/libcommon.o
                0x83c08370                fprintf
 .text.puts     0x83c083cc       0x7c common/libcommon.o
                0x83c083cc                puts
 .text.vprintf  0x83c08448       0x40 common/libcommon.o
                0x83c08448                vprintf
 .text.printf   0x83c08488       0x54 common/libcommon.o
                0x83c08488                printf
 .text.putc     0x83c084dc       0x60 common/libcommon.o
                0x83c084dc                putc
 .text.console_init_f
                0x83c0853c       0x90 common/libcommon.o
                0x83c0853c                console_init_f
 .text.tstc     0x83c085cc       0x34 common/libcommon.o
                0x83c085cc                tstc
 .text.getc     0x83c08600       0x34 common/libcommon.o
                0x83c08600                getc
 .text.ctrlc    0x83c08634       0x68 common/libcommon.o
                0x83c08634                ctrlc
 .text.mem_malloc_init
                0x83c0869c       0x30 common/libcommon.o
                0x83c0869c                mem_malloc_init
 .text.sbrk     0x83c086cc       0x78 common/libcommon.o
                0x83c086cc                sbrk
 .text.malloc_trim
                0x83c08744       0xf8 common/libcommon.o
                0x83c08744                malloc_trim
 .text.free     0x83c0883c      0x258 common/libcommon.o
                0x83c0883c                free
 .text.malloc   0x83c08a94      0x6f4 common/libcommon.o
                0x83c08a94                malloc
 .text.calloc   0x83c09188       0xf0 common/libcommon.o
                0x83c09188                calloc
 .text.set_default_env
                0x83c09278       0xa8 common/libcommon.o
                0x83c09278                set_default_env
 .text.env_relocate
                0x83c09320       0x40 common/libcommon.o
                0x83c09320                env_relocate
 .text.env_import
                0x83c09360       0xe0 common/libcommon.o
                0x83c09360                env_import
 .text.env_get_char
                0x83c09440       0x6c common/libcommon.o
                0x83c09440                env_get_char
 .text.env_get_char_spec
                0x83c094ac       0x14 common/libcommon.o
                0x83c094ac                env_get_char_spec
 .text.restore_flash
                0x83c094c0       0x40 common/libcommon.o
                0x83c094c0                restore_flash
 .text.init_env
                0x83c09500       0xc0 common/libcommon.o
                0x83c09500                init_env
 .text.env_init
                0x83c095c0       0x20 common/libcommon.o
                0x83c095c0                env_init
 .text.env_relocate_spec
                0x83c095e0       0x14 common/libcommon.o
                0x83c095e0                env_relocate_spec
 .text.saveenv  0x83c095f4      0x298 common/libcommon.o
                0x83c095f4                saveenv
 .text.dummy    0x83c0988c        0x8 common/libcommon.o
 .text.get_version
                0x83c09894        0x8 common/libcommon.o
                0x83c09894                get_version
 .text.jumptable_init
                0x83c0989c      0x1c4 common/libcommon.o
                0x83c0989c                jumptable_init
 .text.image_multi_getimg
                0x83c09a60       0x88 common/libcommon.o
                0x83c09a60                image_multi_getimg
 .text.genimg_get_os_name
                0x83c09ae8       0x40 common/libcommon.o
                0x83c09ae8                genimg_get_os_name
 .text.genimg_get_type_name
                0x83c09b28       0x40 common/libcommon.o
                0x83c09b28                genimg_get_type_name
 .text.genimg_get_format
                0x83c09b68       0x18 common/libcommon.o
                0x83c09b68                genimg_get_format
 .text.genimg_get_image
                0x83c09b80        0x8 common/libcommon.o
                0x83c09b80                genimg_get_image
 .text.genimg_print_size
                0x83c09b88       0x40 common/libcommon.o
                0x83c09b88                genimg_print_size
 .text.memmove_wd
                0x83c09bc8       0x18 common/libcommon.o
                0x83c09bc8                memmove_wd
 .text.getenv_yesno
                0x83c09be0       0x34 common/libcommon.o
                0x83c09be0                getenv_yesno
 .text.image_print_contents
                0x83c09c14      0x2e4 common/libcommon.o
                0x83c09c14                image_print_contents
 .text.image_check_dcrc
                0x83c09ef8       0x40 common/libcommon.o
                0x83c09ef8                image_check_dcrc
 .text.image_check_hcrc
                0x83c09f38       0x5c common/libcommon.o
                0x83c09f38                image_check_hcrc
 .text.boot_get_ramdisk
                0x83c09f94      0x294 common/libcommon.o
                0x83c09f94                boot_get_ramdisk
 .text.xmodemGetc
                0x83c0a228       0x5c common/libcommon.o
                0x83c0a228                xmodemGetc
 .text.flushinput
                0x83c0a284       0x44 common/libcommon.o
 .text.Xdown    0x83c0a2c8      0x3bc common/libcommon.o
                0x83c0a2c8                Xdown
 .text.update   0x83c0a684      0x3f8 common/libcommon.o
                0x83c0a684                update
 .text.do_update
                0x83c0aa7c       0xc0 common/libcommon.o
                0x83c0aa7c                do_update
 .text.__show_boot_progress
                0x83c0ab3c        0x8 common/libcommon.o
                0x83c0ab3c                __show_boot_progress
                0x83c0ab3c                show_boot_progress
 .text.parse_line
                0x83c0ab44       0xb8 common/libcommon.o
                0x83c0ab44                parse_line
 .text.run_command
                0x83c0abfc      0x438 common/libcommon.o
                0x83c0abfc                run_command
 .text.do_run   0x83c0b034       0xcc common/libcommon.o
                0x83c0b034                do_run
 .text.delete_char
                0x83c0b100      0x138 common/libcommon.o
 .text.cread_add_char
                0x83c0b238      0x13c common/libcommon.o
 .text.readline_into_buffer
                0x83c0b374      0x9e0 common/libcommon.o
                0x83c0b374                readline_into_buffer
 .text.readline
                0x83c0bd54       0x14 common/libcommon.o
                0x83c0bd54                readline
 .text.main_loop
                0x83c0bd68      0x298 common/libcommon.o
                0x83c0bd68                main_loop
 .text.MD5Transform
                0x83c0c000      0xe9c common/libcommon.o
 .text.MD5Update
                0x83c0ce9c      0x138 common/libcommon.o
                0x83c0ce9c                MD5Update
 .text.MD5Final
                0x83c0cfd4      0x100 common/libcommon.o
                0x83c0cfd4                MD5Final
 .text.MD5Calc  0x83c0d0d4       0x78 common/libcommon.o
                0x83c0d0d4                MD5Calc
 .text.read_count
                0x83c0d14c       0x74 common/libcommon.o
                0x83c0d14c                read_count
 .text.get_key_press
                0x83c0d1c0      0x210 common/libcommon.o
                0x83c0d1c0                get_key_press
 .text.oplbootMenuShow
                0x83c0d3d0      0x148 common/libcommon.o
                0x83c0d3d0                oplbootMenuShow
 .text.oplbootInitial
                0x83c0d518       0x58 common/libcommon.o
                0x83c0d518                oplbootInitial
 .text.SetAppRestoreFlag
                0x83c0d570       0x28 common/libcommon.o
                0x83c0d570                SetAppRestoreFlag
 .text.oplbootSaveConfig
                0x83c0d598       0x14 common/libcommon.o
                0x83c0d598                oplbootSaveConfig
 .text.oplbootLoadSystem
                0x83c0d5ac      0x120 common/libcommon.o
                0x83c0d5ac                oplbootLoadSystem
 .text.T.80     0x83c0d6cc      0x138 common/libcommon.o
 .text.MenuReadline
                0x83c0d804      0x200 common/libcommon.o
                0x83c0d804                MenuReadline
 .text.oplbootParseInput
                0x83c0da04       0x5c common/libcommon.o
                0x83c0da04                oplbootParseInput
 .text.oplReadline
                0x83c0da60      0x2b4 common/libcommon.o
                0x83c0da60                oplReadline
 .text.oplbootNameSet
                0x83c0dd14       0x3c common/libcommon.o
                0x83c0dd14                oplbootNameSet
 .text.oplCommandLineInterface
                0x83c0dd50      0x170 common/libcommon.o
                0x83c0dd50                oplCommandLineInterface
 .text.PwReadline
                0x83c0dec0      0x1d0 common/libcommon.o
                0x83c0dec0                PwReadline
 .text.bootPwCheck
                0x83c0e090      0x268 common/libcommon.o
                0x83c0e090                bootPwCheck
 .text.menuPasswdmod
                0x83c0e2f8      0x174 common/libcommon.o
                0x83c0e2f8                menuPasswdmod
 .text.oplbootDataType
                0x83c0e46c       0xcc common/libcommon.o
                0x83c0e46c                oplbootDataType
 .text.oplbootMenuChange
                0x83c0e538      0x230 common/libcommon.o
                0x83c0e538                oplbootMenuChange
 .text.oplbootMainloop
                0x83c0e768       0x4c common/libcommon.o
                0x83c0e768                oplbootMainloop
 .text.stdio_get_list
                0x83c0e7b4        0xc common/libcommon.o
                0x83c0e7b4                stdio_get_list
 .text.stdio_clone
                0x83c0e7c0       0x68 common/libcommon.o
                0x83c0e7c0                stdio_clone
 .text.stdio_register
                0x83c0e828       0x54 common/libcommon.o
                0x83c0e828                stdio_register
 .text.stdio_init
                0x83c0e87c       0xa0 common/libcommon.o
                0x83c0e87c                stdio_init
 .text.stdio_get_by_name
                0x83c0e91c       0x78 common/libcommon.o
                0x83c0e91c                stdio_get_by_name
 .text.GregorianDay
                0x83c0e994      0x148 drivers/rtc/librtc.o
                0x83c0e994                GregorianDay
 .text.to_tm    0x83c0eadc       0xf8 drivers/rtc/librtc.o
                0x83c0eadc                to_tm
 .text.crc32_no_comp
                0x83c0ebd4      0x17c lib/libgeneric.o
                0x83c0ebd4                crc32_no_comp
 .text.crc32    0x83c0ed50       0x20 lib/libgeneric.o
                0x83c0ed50                crc32
 .text.crc32_wd
                0x83c0ed70        0x8 lib/libgeneric.o
                0x83c0ed70                crc32_wd
 .text.print_size
                0x83c0ed78      0x1c0 lib/libgeneric.o
                0x83c0ed78                print_size
 .text.print_buffer
                0x83c0ef38      0x1f8 lib/libgeneric.o
                0x83c0ef38                print_buffer
 .text.zunzip   0x83c0f130      0x154 lib/libgeneric.o
                0x83c0f130                zunzip
 .text.gunzip   0x83c0f284       0xd0 lib/libgeneric.o
                0x83c0f284                gunzip
 .text.zfree    0x83c0f354        0xc lib/libgeneric.o
                0x83c0f354                zfree
 .text.zalloc   0x83c0f360       0x1c lib/libgeneric.o
                0x83c0f360                zalloc
 .text.hdestroy_r
                0x83c0f37c       0xa8 lib/libgeneric.o
                0x83c0f37c                hdestroy_r
 .text.cmpkey   0x83c0f424       0x18 lib/libgeneric.o
 .text.hcreate_r
                0x83c0f43c       0xc4 lib/libgeneric.o
                0x83c0f43c                hcreate_r
 .text.hexport_r
                0x83c0f500      0x324 lib/libgeneric.o
                0x83c0f500                hexport_r
 .text.hsearch_r
                0x83c0f824      0x2e8 lib/libgeneric.o
                0x83c0f824                hsearch_r
 .text.hdelete_r
                0x83c0fb0c       0xa0 lib/libgeneric.o
                0x83c0fb0c                hdelete_r
 .text.himport_r
                0x83c0fbac      0x2b8 lib/libgeneric.o
                0x83c0fbac                himport_r
 .text.string_to_ip
                0x83c0fe64       0xa0 lib/libgeneric.o
                0x83c0fe64                string_to_ip
 .text.qsort    0x83c0ff04      0x194 lib/libgeneric.o
                0x83c0ff04                qsort
 .text.__div64_32
                0x83c10098      0x15c lib/libgeneric.o
                0x83c10098                __div64_32
 .text.strcpy   0x83c101f4       0x24 lib/libgeneric.o
                0x83c101f4                strcpy
 .text.strncpy  0x83c10218       0x2c lib/libgeneric.o
                0x83c10218                strncpy
 .text.strcat   0x83c10244       0x34 lib/libgeneric.o
                0x83c10244                strcat
 .text.strcmp   0x83c10278       0x30 lib/libgeneric.o
                0x83c10278                strcmp
 .text.strncmp  0x83c102a8       0x44 lib/libgeneric.o
                0x83c102a8                strncmp
 .text.strchr   0x83c102ec       0x38 lib/libgeneric.o
                0x83c102ec                strchr
 .text.strlen   0x83c10324       0x1c lib/libgeneric.o
                0x83c10324                strlen
 .text.strnlen  0x83c10340       0x28 lib/libgeneric.o
                0x83c10340                strnlen
 .text.strtok   0x83c10368       0xcc lib/libgeneric.o
                0x83c10368                strtok
 .text.memset   0x83c10434       0x78 lib/libgeneric.o
                0x83c10434                memset
 .text.memcpy   0x83c104ac       0x84 lib/libgeneric.o
                0x83c104ac                memcpy
 .text.memmove  0x83c10530       0x68 lib/libgeneric.o
                0x83c10530                memmove
 .text.memcmp   0x83c10598       0x38 lib/libgeneric.o
                0x83c10598                memcmp
 .text.strstr   0x83c105d0       0x88 lib/libgeneric.o
                0x83c105d0                strstr
 .text.strdup   0x83c10658       0x64 lib/libgeneric.o
                0x83c10658                strdup
 .text.udelay   0x83c106bc       0x5c lib/libgeneric.o
                0x83c106bc                udelay
 .text.mdelay   0x83c10718       0x34 lib/libgeneric.o
                0x83c10718                mdelay
 .text.simple_strtoul
                0x83c1074c       0xd0 lib/libgeneric.o
                0x83c1074c                simple_strtoul
 .text.simple_strtol
                0x83c1081c       0x3c lib/libgeneric.o
                0x83c1081c                simple_strtol
 .text.put_dec_trunc
                0x83c10858      0x134 lib/libgeneric.o
 .text.simple_itoa
                0x83c1098c       0x48 lib/libgeneric.o
                0x83c1098c                simple_itoa
 .text.string   0x83c109d4       0xc4 lib/libgeneric.o
 .text.put_dec  0x83c10a98      0x1c8 lib/libgeneric.o
 .text.number   0x83c10c60      0x2cc lib/libgeneric.o
 .text.vsprintf
                0x83c10f2c      0x778 lib/libgeneric.o
                0x83c10f2c                vsprintf
 .text.sprintf  0x83c116a4       0x2c lib/libgeneric.o
                0x83c116a4                sprintf
 .text.strict_strtoul
                0x83c116d0       0x98 lib/libgeneric.o
                0x83c116d0                strict_strtoul
 .text.LzmaDec_WriteRem
                0x83c11768       0xc0 lib/lzma/liblzma.o
 .text.LzmaDec_DecodeReal2
                0x83c11828      0xfc0 lib/lzma/liblzma.o
 .text.LzmaDec_TryDummy
                0x83c127e8      0x76c lib/lzma/liblzma.o
 .text.LzmaDec_FreeProbs
                0x83c12f54       0x38 lib/lzma/liblzma.o
                0x83c12f54                LzmaDec_FreeProbs
 .text.LzmaProps_Decode
                0x83c12f8c       0xa8 lib/lzma/liblzma.o
                0x83c12f8c                LzmaProps_Decode
 .text.LzmaDec_AllocateProbs2
                0x83c13034       0x90 lib/lzma/liblzma.o
 .text.LzmaDec_AllocateProbs
                0x83c130c4       0x90 lib/lzma/liblzma.o
                0x83c130c4                LzmaDec_AllocateProbs
 .text.LzmaDec_DecodeToDic
                0x83c13154      0x3dc lib/lzma/liblzma.o
                0x83c13154                LzmaDec_DecodeToDic
 .text.LzmaDecode
                0x83c13530      0x134 lib/lzma/liblzma.o
                0x83c13530                LzmaDecode
 .text.lzmaBuffToBuffDecompress
                0x83c13664      0x110 lib/lzma/liblzma.o
                0x83c13664                lzmaBuffToBuffDecompress
 .text.SzFree   0x83c13774        0xc lib/lzma/liblzma.o
 .text.SzAlloc  0x83c13780        0xc lib/lzma/liblzma.o
 .text.inflate_fast
                0x83c1378c      0x5b4 lib/zlib/libz.o
                0x83c1378c                inflate_fast
 .text.inflate_table
                0x83c13d40      0x50c lib/zlib/libz.o
                0x83c13d40                inflate_table
 .text.inflateReset
                0x83c1424c       0x78 lib/zlib/libz.o
                0x83c1424c                inflateReset
 .text.inflateInit2_
                0x83c142c4      0x120 lib/zlib/libz.o
                0x83c142c4                inflateInit2_
 .text.inflateEnd
                0x83c143e4       0x78 lib/zlib/libz.o
                0x83c143e4                inflateEnd
 .text.adler32  0x83c1445c      0x300 lib/zlib/libz.o
                0x83c1445c                adler32
 .text.zcfree   0x83c1475c        0xc lib/zlib/libz.o
                0x83c1475c                zcfree
 .text.zcalloc  0x83c14768       0x10 lib/zlib/libz.o
                0x83c14768                zcalloc
 .text.inflate  0x83c14778     0x1718 lib/zlib/libz.o
                0x83c14778                inflate
 .text.BootpRequest
                0x83c15e90      0x264 net/libnet.o
                0x83c15e90                BootpRequest
 .text.BootpHandler
                0x83c160f4      0x404 net/libnet.o
 .text.BootpTimeout
                0x83c164f8       0x4c net/libnet.o
 .text.__def_eth_init
                0x83c16544        0x8 net/libnet.o
                0x83c16544                board_eth_init
 .text.eth_get_dev
                0x83c1654c       0x10 net/libnet.o
                0x83c1654c                eth_get_dev
 .text.eth_get_dev_index
                0x83c1655c       0x4c net/libnet.o
                0x83c1655c                eth_get_dev_index
 .text.eth_halt
                0x83c165a8       0x44 net/libnet.o
                0x83c165a8                eth_halt
 .text.eth_send
                0x83c165ec       0x2c net/libnet.o
                0x83c165ec                eth_send
 .text.eth_rx   0x83c16618       0x24 net/libnet.o
                0x83c16618                eth_rx
 .text.eth_get_name
                0x83c1663c       0x20 net/libnet.o
                0x83c1663c                eth_get_name
 .text.eth_current_changed
                0x83c1665c       0x80 net/libnet.o
 .text.eth_set_current
                0x83c166dc       0xd4 net/libnet.o
                0x83c166dc                eth_set_current
 .text.eth_try_another
                0x83c167b0       0x90 net/libnet.o
                0x83c167b0                eth_try_another
 .text.eth_register
                0x83c16840       0x78 net/libnet.o
                0x83c16840                eth_register
 .text.eth_parse_enetaddr
                0x83c168b8       0x98 net/libnet.o
                0x83c168b8                eth_parse_enetaddr
 .text.eth_getenv_enetaddr
                0x83c16950       0x70 net/libnet.o
                0x83c16950                eth_getenv_enetaddr
 .text.eth_getenv_enetaddr_by_index
                0x83c169c0       0x60 net/libnet.o
                0x83c169c0                eth_getenv_enetaddr_by_index
 .text.eth_init
                0x83c16a20      0x104 net/libnet.o
                0x83c16a20                eth_init
 .text.eth_write_hwaddr
                0x83c16b24      0x198 net/libnet.o
                0x83c16b24                eth_write_hwaddr
 .text.eth_initialize
                0x83c16cbc      0x208 net/libnet.o
                0x83c16cbc                eth_initialize
 .text.startAgainTimeout
                0x83c16ec4       0x10 net/libnet.o
 .text.startAgainHandler
                0x83c16ed4        0x8 net/libnet.o
 .text.NetSetHandler
                0x83c16edc        0xc net/libnet.o
                0x83c16edc                NetSetHandler
 .text.PingHandler
                0x83c16ee8       0x20 net/libnet.o
 .text.NetCksumOk
                0x83c16f08       0x40 net/libnet.o
                0x83c16f08                NetCksumOk
 .text.NetEthHdrSize
                0x83c16f48       0x30 net/libnet.o
                0x83c16f48                NetEthHdrSize
 .text.copy_filename
                0x83c16f78       0x4c net/libnet.o
                0x83c16f78                copy_filename
 .text.string_to_VLAN
                0x83c16fc4       0x48 net/libnet.o
                0x83c16fc4                string_to_VLAN
 .text.getenv_VLAN
                0x83c1700c       0x20 net/libnet.o
                0x83c1700c                getenv_VLAN
 .text.ip_to_string
                0x83c1702c       0x48 net/libnet.o
                0x83c1702c                ip_to_string
 .text.print_IPaddr
                0x83c17074       0x30 net/libnet.o
                0x83c17074                print_IPaddr
 .text.NetSetIP
                0x83c170a4      0x118 net/libnet.o
                0x83c170a4                NetSetIP
 .text.NetSetEther
                0x83c171bc       0x94 net/libnet.o
                0x83c171bc                NetSetEther
 .text.NetReceive
                0x83c17250      0x504 net/libnet.o
                0x83c17250                NetReceive
 .text.NetSendPacket
                0x83c17754        0x8 net/libnet.o
                0x83c17754                NetSendPacket
 .text.NetSetTimeout
                0x83c1775c       0x4c net/libnet.o
                0x83c1775c                NetSetTimeout
 .text.PingTimeout
                0x83c177a8       0x28 net/libnet.o
 .text.NetStartAgain
                0x83c177d0      0x130 net/libnet.o
                0x83c177d0                NetStartAgain
 .text.ArpRequest
                0x83c17900      0x13c net/libnet.o
                0x83c17900                ArpRequest
 .text.PingSend
                0x83c17a3c      0x1cc net/libnet.o
                0x83c17a3c                PingSend
 .text.NetSendUDPPacket
                0x83c17c08      0x190 net/libnet.o
                0x83c17c08                NetSendUDPPacket
 .text.ArpTimeoutCheck
                0x83c17d98       0x94 net/libnet.o
                0x83c17d98                ArpTimeoutCheck
 .text.net_auto_load
                0x83c17e2c       0x50 net/libnet.o
                0x83c17e2c                net_auto_load
 .text.getenv_IPaddr
                0x83c17e7c       0x20 net/libnet.o
 .text.NetLoop  0x83c17e9c      0x514 net/libnet.o
                0x83c17e9c                NetLoop
 .text.TftpSend
                0x83c183b0      0x1e4 net/libnet.o
 .text.TftpStart
                0x83c18594      0x334 net/libnet.o
                0x83c18594                TftpStart
 .text.TftpTimeout
                0x83c188c8       0x94 net/libnet.o
 .text.TftpHandler
                0x83c1895c      0x394 net/libnet.o
 .text          0x83c18cf0      0x4d0 board/Realtek/luna/libluna.o
                0x83c18cf0                memctls_is_DDR
                0x83c18d2c                memctls_is_DDR2
                0x83c18d68                memctls_is_DDR3
                0x83c18e20                dsp_burst_read_write
                0x83c18e70                memctls_trig_dram_reinit
                0x83c18f50                _sys_adj_mem_clk
                0x83c1901c                sys_adj_mem_clk
                0x83c19080                get_cpu_cycle_per_ms
 .text.memctlc_dram_size
                0x83c191c0       0x54 board/Realtek/luna/libluna.o
                0x83c191c0                memctlc_dram_size
 .text.memctlc_is_DDR
                0x83c19214       0x1c board/Realtek/luna/libluna.o
                0x83c19214                memctlc_is_DDR
 .text.memctlc_is_DDR3
                0x83c19230       0x24 board/Realtek/luna/libluna.o
                0x83c19230                memctlc_is_DDR3
 .text.memctlc_is_DDR2
                0x83c19254       0x20 board/Realtek/luna/libluna.o
                0x83c19254                memctlc_is_DDR2
 .text._DTR_wtr_frq_mhz
                0x83c19274       0x3c board/Realtek/luna/libluna.o
                0x83c19274                _DTR_wtr_frq_mhz
 .text._DTR_rtp_frq_mhz
                0x83c192b0       0x3c board/Realtek/luna/libluna.o
                0x83c192b0                _DTR_rtp_frq_mhz
 .text._DTR_rrd_frq_mhz
                0x83c192ec       0x3c board/Realtek/luna/libluna.o
                0x83c192ec                _DTR_rrd_frq_mhz
 .text._DTR_rcd_frq_mhz
                0x83c19328       0x3c board/Realtek/luna/libluna.o
                0x83c19328                _DTR_rcd_frq_mhz
 .text._DTR_ras_frq_mhz
                0x83c19364       0x44 board/Realtek/luna/libluna.o
                0x83c19364                _DTR_ras_frq_mhz
 .text._DTR_wr_frq_mhz
                0x83c193a8       0x3c board/Realtek/luna/libluna.o
                0x83c193a8                _DTR_wr_frq_mhz
 .text._DTR_DDR2_MRS_setting
                0x83c193e4      0x100 board/Realtek/luna/libluna.o
                0x83c193e4                _DTR_DDR2_MRS_setting
 .text._DTR_DDR1_MRS_setting
                0x83c194e4       0x7c board/Realtek/luna/libluna.o
                0x83c194e4                _DTR_DDR1_MRS_setting
 .text.memctlc_check_90phase_range
                0x83c19560      0x160 board/Realtek/luna/libluna.o
                0x83c19560                memctlc_check_90phase_range
 .text.memctlc_check_DQS_range
                0x83c196c0      0x1c8 board/Realtek/luna/libluna.o
                0x83c196c0                memctlc_check_DQS_range
 .text._DCR_get_colcnt
                0x83c19888       0x54 board/Realtek/luna/libluna.o
                0x83c19888                _DCR_get_colcnt
 .text._DCR_get_buswidth
                0x83c198dc       0x64 board/Realtek/luna/libluna.o
                0x83c198dc                _DCR_get_buswidth
 .text.memctlc_check_DCR
                0x83c19940      0x170 board/Realtek/luna/libluna.o
                0x83c19940                memctlc_check_DCR
 .text._DTR_suggestion
                0x83c19ab0      0x3d8 board/Realtek/luna/libluna.o
                0x83c19ab0                _DTR_suggestion
 .text._DTR_refresh_freq_mhz
                0x83c19e88       0x9c board/Realtek/luna/libluna.o
                0x83c19e88                _DTR_refresh_freq_mhz
 .text.memctlc_check_DTR_DDR
                0x83c19f24      0x5fc board/Realtek/luna/libluna.o
                0x83c19f24                memctlc_check_DTR_DDR
 .text.memctlc_check_DTR_DDR2
                0x83c1a520      0x8b0 board/Realtek/luna/libluna.o
                0x83c1a520                memctlc_check_DTR_DDR2
 .text.memctlc_check_DTR_DDR3
                0x83c1add0      0xac8 board/Realtek/luna/libluna.o
                0x83c1add0                memctlc_check_DTR_DDR3
 .text.memctlc_check_DTR
                0x83c1b898       0x88 board/Realtek/luna/libluna.o
                0x83c1b898                memctlc_check_DTR
 .text.memctlc_check_ZQ
                0x83c1b920       0x90 board/Realtek/luna/libluna.o
                0x83c1b920                memctlc_check_ZQ
 .text.enable_DRAM_prefech
                0x83c1b9b0       0x70 board/Realtek/luna/libluna.o
                0x83c1b9b0                enable_DRAM_prefech
 .text.cache_flush_adjacent_toggle_line128
                0x83c1ba20      0x2cc board/Realtek/luna/libluna.o
                0x83c1ba20                cache_flush_adjacent_toggle_line128
 .text.cache_flush_dispersed_toggle_word
                0x83c1bcec      0x340 board/Realtek/luna/libluna.o
                0x83c1bcec                cache_flush_dispersed_toggle_word
 .text.cache_flush_adjacent_toggle_word
                0x83c1c02c      0x1bc board/Realtek/luna/libluna.o
                0x83c1c02c                cache_flush_adjacent_toggle_word
 .text.cache_flush_adj_addr
                0x83c1c1e8      0x180 board/Realtek/luna/libluna.o
                0x83c1c1e8                cache_flush_adj_addr
 .text.unaligned_test
                0x83c1c368      0x610 board/Realtek/luna/libluna.o
                0x83c1c368                unaligned_test
 .text.dram_byte_access
                0x83c1c978      0x1e4 board/Realtek/luna/libluna.o
                0x83c1c978                dram_byte_access
 .text.dram_half_word_access
                0x83c1cb5c      0x1cc board/Realtek/luna/libluna.o
                0x83c1cb5c                dram_half_word_access
 .text.dram_com_addr_rot
                0x83c1cd28      0x240 board/Realtek/luna/libluna.o
                0x83c1cd28                dram_com_addr_rot
 .text.dram_addr_rot
                0x83c1cf68      0x23c board/Realtek/luna/libluna.o
                0x83c1cf68                dram_addr_rot
 .text.dram_walking_of_0
                0x83c1d1a4      0x1bc board/Realtek/luna/libluna.o
                0x83c1d1a4                dram_walking_of_0
 .text.dram_walking_of_1
                0x83c1d360      0x1bc board/Realtek/luna/libluna.o
                0x83c1d360                dram_walking_of_1
 .text.dram_normal_patterns
                0x83c1d51c      0x1bc board/Realtek/luna/libluna.o
                0x83c1d51c                dram_normal_patterns
 .text.ddr_cmd_parsing
                0x83c1d6d8      0x3f0 board/Realtek/luna/libluna.o
                0x83c1d6d8                ddr_cmd_parsing
 .text.cache_flush_dispersed
                0x83c1dac8      0x448 board/Realtek/luna/libluna.o
                0x83c1dac8                cache_flush_dispersed
 .text.cache_flush_adjacent
                0x83c1df10      0x2c8 board/Realtek/luna/libluna.o
                0x83c1df10                cache_flush_adjacent
 .text.cache_flush_test
                0x83c1e1d8      0x460 board/Realtek/luna/libluna.o
                0x83c1e1d8                cache_flush_test
 .text.memcpy_test
                0x83c1e638      0x1cc board/Realtek/luna/libluna.o
                0x83c1e638                memcpy_test
 .text._dram_test
                0x83c1e804      0x130 board/Realtek/luna/libluna.o
                0x83c1e804                _dram_test
 .text.dram_test
                0x83c1e934      0x35c board/Realtek/luna/libluna.o
                0x83c1e934                dram_test
 .text.checkboard
                0x83c1ec90      0x268 board/Realtek/luna/libluna.o
                0x83c1ec90                checkboard
 .text.initdram
                0x83c1eef8       0x10 board/Realtek/luna/libluna.o
                0x83c1eef8                initdram
 .text.board_DSP_freq_hz
                0x83c1ef08       0x38 board/Realtek/luna/libluna.o
                0x83c1ef08                board_DSP_freq_hz
 .text.board_CPU_freq_hz
                0x83c1ef40       0x38 board/Realtek/luna/libluna.o
                0x83c1ef40                board_CPU_freq_hz
 .text.board_LX_freq_hz
                0x83c1ef78       0x38 board/Realtek/luna/libluna.o
                0x83c1ef78                board_LX_freq_hz
 .text.show_DRAM_phy_parameters
                0x83c1efb0       0xe0 board/Realtek/luna/libluna.o
                0x83c1efb0                show_DRAM_phy_parameters
 .text.chk_dram_cfg
                0x83c1f090      0x254 board/Realtek/luna/libluna.o
                0x83c1f090                chk_dram_cfg
 .text.do_reset_all
                0x83c1f2e4       0x40 board/Realtek/luna/libluna.o
                0x83c1f2e4                do_reset_all
 .text.do_dram_test
                0x83c1f324       0x1c board/Realtek/luna/libluna.o
                0x83c1f324                do_dram_test
 .text.do_dram_dig
                0x83c1f340       0x44 board/Realtek/luna/libluna.o
                0x83c1f340                do_dram_dig
                0x83c1f384                . = ALIGN (0x4)

.rodata         0x83c1f390     0x8e0c
 *(SORT(.rodata*))
 .rodata        0x83c1f390      0x1a0 common/libcommon.o
 .rodata        0x83c1f530       0x20 net/libnet.o
 .rodata.C.28.3334
                0x83c1f550       0x30 drivers/rtc/librtc.o
 .rodata.CSWTCH.204
                0x83c1f580        0xc board/Realtek/luna/libluna.o
 .rodata.CSWTCH.47
                0x83c1f58c       0x58 common/libcommon.o
 .rodata.NetLoop
                0x83c1f5e4       0x34 net/libnet.o
 .rodata.TftpSend
                0x83c1f618       0x1c net/libnet.o
 .rodata._DTR_DDR2_MRS_setting
                0x83c1f634       0x2c board/Realtek/luna/libluna.o
 .rodata.__FUNCTION__.3659
                0x83c1f660       0x18 board/Realtek/luna/libluna.o
 .rodata.__FUNCTION__.3702
                0x83c1f678       0x14 board/Realtek/luna/libluna.o
 .rodata.__FUNCTION__.3743
                0x83c1f68c       0x14 board/Realtek/luna/libluna.o
 .rodata.__FUNCTION__.3785
                0x83c1f6a0       0x10 board/Realtek/luna/libluna.o
 .rodata.__FUNCTION__.3835
                0x83c1f6b0       0x14 board/Realtek/luna/libluna.o
 .rodata.__FUNCTION__.3886
                0x83c1f6c4       0x18 board/Realtek/luna/libluna.o
 .rodata.__FUNCTION__.3931
                0x83c1f6dc       0x14 board/Realtek/luna/libluna.o
 .rodata.__FUNCTION__.3980
                0x83c1f6f0        0xc board/Realtek/luna/libluna.o
 .rodata.__FUNCTION__.4044
                0x83c1f6fc       0x10 board/Realtek/luna/libluna.o
 .rodata.__FUNCTION__.4639
                0x83c1f70c       0x14 board/Realtek/luna/libluna.o
 .rodata.__func__.3436
                0x83c1f720        0xc arch/otto/cpu/rlx5281/luna/libluna.o
 .rodata.__func__.3488
                0x83c1f72c       0x10 arch/otto/cpu/rlx5281/luna/libluna.o
 .rodata.__func__.3619
                0x83c1f73c       0x10 common/libcommon.o
 .rodata.__func__.3644
                0x83c1f74c        0xc common/libcommon.o
 .rodata.__func__.3700
                0x83c1f758        0x8 common/libcommon.o
 .rodata.__func__.4338
                0x83c1f760       0x10 common/libcommon.o
 .rodata.__func__.4418
                0x83c1f770       0x10 common/libcommon.o
 .rodata._ctype
                0x83c1f780      0x100 lib/libgeneric.o
                0x83c1f780                _ctype
 .rodata.bootPwCheck
                0x83c1f880       0x30 common/libcommon.o
 .rodata.boot_os
                0x83c1f8b0       0x4c common/libcommon.o
 .rodata.crc16tab
                0x83c1f8fc      0x200 common/libcommon.o
 .rodata.crc_table
                0x83c1fafc      0x400 lib/libgeneric.o
 .rodata.dbase.3893
                0x83c1fefc       0x40 lib/zlib/libz.o
 .rodata.default_environment
                0x83c1ff3c      0x13c common/libcommon.o
                0x83c1ff3c                default_environment
 .rodata.des_SPtrans
                0x83c20078      0x800 common/libcommon.o
 .rodata.des_skb
                0x83c20878      0x800 common/libcommon.o
 .rodata.dext.3894
                0x83c21078       0x40 lib/zlib/libz.o
 .rodata.digits.3644
                0x83c210b8       0x10 lib/libgeneric.o
 .rodata.distfix
                0x83c210c8       0x80 lib/zlib/libz.o
 .rodata.dram_patterns
                0x83c21148       0x50 board/Realtek/luna/libluna.o
                0x83c21148                dram_patterns
 .rodata.erase_seq
                0x83c21198        0x4 common/libcommon.o
 .rodata.failed
                0x83c2119c        0x4 arch/otto/lib/libotto.o
 .rodata.get_key_press
                0x83c211a0       0x80 common/libcommon.o
 .rodata.hex_asc
                0x83c21220       0x14 lib/libgeneric.o
                0x83c21220                hex_asc
 .rodata.inflate
                0x83c21234       0x74 lib/zlib/libz.o
 .rodata.kLiteralNextStates
                0x83c212a8       0x18 lib/lzma/liblzma.o
 .rodata.lbase.3891
                0x83c212c0       0x40 lib/zlib/libz.o
 .rodata.lenfix
                0x83c21300      0x800 lib/zlib/libz.o
 .rodata.lext.3892
                0x83c21b00       0x40 lib/zlib/libz.o
 .rodata.line_toggle_pattern
                0x83c21b40       0x20 board/Realtek/luna/libluna.o
                0x83c21b40                line_toggle_pattern
 .rodata.names.3627
                0x83c21b60        0x8 lib/libgeneric.o
 .rodata.odd_parity
                0x83c21b68      0x100 common/libcommon.o
 .rodata.order.4195
                0x83c21c68       0x28 lib/zlib/libz.o
 .rodata.readline_into_buffer
                0x83c21c90       0x20 common/libcommon.o
 .rodata.shifts2.3592
                0x83c21cb0       0x40 common/libcommon.o
 .rodata.str1.4
                0x83c21cf0       0x3a arch/otto/cpu/rlx5281/librlx5281.o
                                 0x44 (size before relaxing)
 *fill*         0x83c21d2a        0x2 00
 .rodata.str1.4
                0x83c21d2c       0x95 arch/otto/cpu/rlx5281/luna/libluna.o
                                 0x98 (size before relaxing)
 *fill*         0x83c21dc1        0x3 00
 .rodata.str1.4
                0x83c21dc4      0x3ea arch/otto/lib/libotto.o
                                0x3fc (size before relaxing)
 *fill*         0x83c221ae        0x2 00
 .rodata.str1.4
                0x83c221b0     0x3382 common/libcommon.o
                               0x3834 (size before relaxing)
 *fill*         0x83c25532        0x2 00
 .rodata.str1.4
                0x83c25534      0x16b lib/libgeneric.o
                                0x180 (size before relaxing)
 *fill*         0x83c2569f        0x1 00
 .rodata.str1.4
                0x83c256a0      0x23d lib/zlib/libz.o
                                0x244 (size before relaxing)
 *fill*         0x83c258dd        0x3 00
 .rodata.str1.4
                0x83c258e0      0x6b9 net/libnet.o
                                0x740 (size before relaxing)
 *fill*         0x83c25f99        0x3 00
 .rodata.str1.4
                0x83c25f9c     0x1f78 board/Realtek/luna/libluna.o
                               0x2028 (size before relaxing)
 .rodata.tab_seq
                0x83c27f14        0xc common/libcommon.o
 .rodata.toggle_pattern
                0x83c27f20       0x30 board/Realtek/luna/libluna.o
                0x83c27f20                toggle_pattern
 .rodata.uimage_arch
                0x83c27f50       0xf0 common/libcommon.o
 .rodata.uimage_comp
                0x83c28040       0x48 common/libcommon.o
 .rodata.uimage_os
                0x83c28088       0x54 common/libcommon.o
 .rodata.uimage_type
                0x83c280dc       0xc0 common/libcommon.o

.rel.dyn        0x83c2819c       0x10
 .rel.dyn       0x83c2819c       0x10 arch/otto/lib/libotto.o
                0x83c281ac                . = ALIGN (0x4)

.data           0x83c281ac      0x95c
 *(.data*)
 .data.regbase  0x83c281ac        0x4 arch/otto/cpu/rlx5281/luna/libluna.o
                0x83c281ac                regbase
 .data.init_sequence
                0x83c281b0       0x1c arch/otto/lib/libotto.o
                0x83c281b0                init_sequence
 .data.g_szKeyData
                0x83c281cc        0xc common/libcommon.o
                0x83c281cc                g_szKeyData
 .data.weak_keys
                0x83c281d8       0x80 common/libcommon.o
 .data.cmd_bootm_sub
                0x83c28258       0x90 common/libcommon.o
 .data.dp_last_length
                0x83c282e8        0x4 common/libcommon.o
 .data.load_addr
                0x83c282ec        0x4 common/libcommon.o
                0x83c282ec                load_addr
 .data.cmd_env_sub
                0x83c282f0       0xc0 common/libcommon.o
 .data.env_id   0x83c283b0        0x4 common/libcommon.o
 .data.trim_threshold
                0x83c283b4        0x4 common/libcommon.o
 .data.av_      0x83c283b8      0x408 common/libcommon.o
 .data.sbrk_base
                0x83c287c0        0x4 common/libcommon.o
 .data.env_name_spec
                0x83c287c4        0x4 common/libcommon.o
                0x83c287c4                env_name_spec
 .data.hist_cur
                0x83c287c8        0x4 common/libcommon.o
 .data.PADDING  0x83c287cc       0x40 common/libcommon.o
 .data.erase_seq
                0x83c2880c        0x4 common/libcommon.o
 .data.tab_seq  0x83c28810        0xc common/libcommon.o
 .data.menuMain
                0x83c2881c       0xe0 common/libcommon.o
 .data.netUpdateMenu
                0x83c288fc       0x70 common/libcommon.o
 .data.stdio_names
                0x83c2896c        0xc common/libcommon.o
                0x83c2896c                stdio_names
 .data.month_days
                0x83c28978       0x30 drivers/rtc/librtc.o
 .data.NetBcastAddr
                0x83c289a8        0x8 net/libnet.o
                0x83c289a8                NetBcastAddr
 .data.NetOurVLAN
                0x83c289b0        0x2 net/libnet.o
                0x83c289b0                NetOurVLAN
 .data.NetOurNativeVLAN
                0x83c289b2        0x2 net/libnet.o
                0x83c289b2                NetOurNativeVLAN
 .data.TftpRRQTimeoutCountMax
                0x83c289b4        0x4 net/libnet.o
                0x83c289b4                TftpRRQTimeoutCountMax
 .data.TftpBlkSizeOption
                0x83c289b8        0x2 net/libnet.o
 *fill*         0x83c289ba        0x2 00
 .data.TftpTimeoutMSecs
                0x83c289bc        0x4 net/libnet.o
 .data.TftpTimeoutCountMax
                0x83c289c0        0x4 net/libnet.o
 .data.TftpBlkSize
                0x83c289c4        0x2 net/libnet.o
 *fill*         0x83c289c6        0x2 00
 .data.DQS_RANGE
                0x83c289c8       0xa0 board/Realtek/luna/libluna.o
                0x83c289c8                DQS_RANGE
 .data.W90_RANGE
                0x83c28a68       0xa0 board/Realtek/luna/libluna.o
                0x83c28a68                W90_RANGE
                0x83c28b08                . = .
                0x83c30b00                _gp = (ALIGN (0x10) + 0x7ff0)

.got            0x83c28b08        0x0
                0x83c28b08                __got_start = .
 *(.got)
                0x83c28b08                __got_end = .
                0x83c28b08                . = ALIGN (0x4)

.sdata
 *(.sdata*)
                0x83c28b08                . = ALIGN (0x4)

.u_boot_cmd     0x83c28b08      0x330
                0x83c28b08                __u_boot_cmd_start = .
 *(.u_boot_cmd)
 .u_boot_cmd    0x83c28b08       0x18 arch/otto/lib/libotto.o
                0x83c28b08                __u_boot_cmd_sleep
 .u_boot_cmd    0x83c28b20      0x2d0 common/libcommon.o
                0x83c28b20                __u_boot_cmd_go
                0x83c28b38                __u_boot_cmd_reset
                0x83c28b50                __u_boot_cmd_bootm
                0x83c28b68                __u_boot_cmd_debug
                0x83c28b80                __u_boot_cmd_help
                0x83c28b98                __u_boot_cmd_question_mark
                0x83c28bb0                __u_boot_cmd_manufacture
                0x83c28bc8                __u_boot_cmd_md
                0x83c28be0                __u_boot_cmd_mm
                0x83c28bf8                __u_boot_cmd_nm
                0x83c28c10                __u_boot_cmd_mw
                0x83c28c28                __u_boot_cmd_cp
                0x83c28c40                __u_boot_cmd_cmp
                0x83c28c58                __u_boot_cmd_crc32
                0x83c28c70                __u_boot_cmd_base
                0x83c28c88                __u_boot_cmd_mtest
                0x83c28ca0                __u_boot_cmd_bootp
                0x83c28cb8                __u_boot_cmd_tftpboot
                0x83c28cd0                __u_boot_cmd_ping
                0x83c28ce8                __u_boot_cmd_saveenv
                0x83c28d00                __u_boot_cmd_env
                0x83c28d18                __u_boot_cmd_printenv
                0x83c28d30                __u_boot_cmd_setenv
                0x83c28d48                __u_boot_cmd_run
                0x83c28d60                __u_boot_cmd_restore
                0x83c28d78                __u_boot_cmd_sf
                0x83c28d90                __u_boot_cmd_uuboot
                0x83c28da8                __u_boot_cmd_uuapp
                0x83c28dc0                __u_boot_cmd_uuimage
                0x83c28dd8                __u_boot_cmd_update
 .u_boot_cmd    0x83c28df0       0x48 board/Realtek/luna/libluna.o
                0x83c28df0                __u_boot_cmd_mdram_dig
                0x83c28e08                __u_boot_cmd_mdram_test
                0x83c28e20                __u_boot_cmd_reset_all
                0x83c28e38                __u_boot_cmd_end = .
                0x83c28e38                . = ALIGN (0x4)
                0x83c28e38                uboot_end_data = .
                0x83c28e38                . = ALIGN (0x4)

.sbss
 *(.sbss*)
                0x83c28e38                . = ALIGN (0x4)

.bss            0x83c28e38     0x5d20
 *(.bss*)
 .bss.txBDtail  0x83c28e38        0x4 arch/otto/cpu/rlx5281/luna/libluna.o
                0x83c28e38                txBDtail
 .bss.rxBDtail  0x83c28e3c        0x4 arch/otto/cpu/rlx5281/luna/libluna.o
                0x83c28e3c                rxBDtail
 .bss.Lan_Initialed
                0x83c28e40        0x4 arch/otto/cpu/rlx5281/luna/libluna.o
                0x83c28e40                Lan_Initialed
 .bss.gpio_state_orig_val
                0x83c28e44        0x4 arch/otto/lib/libotto.o
                0x83c28e44                gpio_state_orig_val
 .bss.linux_argc
                0x83c28e48        0x4 arch/otto/lib/libotto.o
 .bss.linux_argv
                0x83c28e4c        0x4 arch/otto/lib/libotto.o
 .bss.linux_env
                0x83c28e50        0x4 arch/otto/lib/libotto.o
 .bss.linux_env_p
                0x83c28e54        0x4 arch/otto/lib/libotto.o
 .bss.linux_env_idx
                0x83c28e58        0x4 arch/otto/lib/libotto.o
 .bss._accumulate_time_ms
                0x83c28e5c        0x4 arch/otto/lib/libotto.o
 .bss.otto_slave
                0x83c28e60        0x8 arch/otto/lib/libotto.o
 .bss.otto_sf   0x83c28e68       0x20 arch/otto/lib/libotto.o
 .bss.des_check_key
                0x83c28e88        0x4 common/libcommon.o
                0x83c28e88                des_check_key
 .bss.g_stPwdKey
                0x83c28e8c       0x80 common/libcommon.o
 .bss.debug_flag
                0x83c28f0c        0x4 common/libcommon.o
                0x83c28f0c                debug_flag
 .bss.base_address
                0x83c28f10        0x4 common/libcommon.o
 .bss.dp_last_addr
                0x83c28f14        0x4 common/libcommon.o
 .bss.dp_last_size
                0x83c28f18        0x4 common/libcommon.o
 .bss.mm_last_addr
                0x83c28f1c        0x4 common/libcommon.o
 .bss.mm_last_size
                0x83c28f20        0x4 common/libcommon.o
 .bss.tftp_file_size
                0x83c28f24        0x4 common/libcommon.o
                0x83c28f24                tftp_file_size
 .bss.flash     0x83c28f28        0x4 common/libcommon.o
 .bss.ctrlc_was_pressed
                0x83c28f2c        0x4 common/libcommon.o
 .bss.ctrlc_disabled
                0x83c28f30        0x4 common/libcommon.o
 .bss.mem_malloc_start
                0x83c28f34        0x4 common/libcommon.o
                0x83c28f34                mem_malloc_start
 .bss.mem_malloc_end
                0x83c28f38        0x4 common/libcommon.o
                0x83c28f38                mem_malloc_end
 .bss.mem_malloc_brk
                0x83c28f3c        0x4 common/libcommon.o
                0x83c28f3c                mem_malloc_brk
 .bss.top_pad   0x83c28f40        0x4 common/libcommon.o
 .bss.current_mallinfo
                0x83c28f44       0x28 common/libcommon.o
 .bss.max_sbrked_mem
                0x83c28f6c        0x4 common/libcommon.o
 .bss.max_total_mem
                0x83c28f70        0x4 common/libcommon.o
 .bss.env_htab  0x83c28f74        0xc common/libcommon.o
                0x83c28f74                env_htab
 .bss.env_flash
                0x83c28f80        0x4 common/libcommon.o
 .bss.flash_addr
                0x83c28f84        0x4 common/libcommon.o
 .bss.hist_num  0x83c28f88        0x4 common/libcommon.o
                0x83c28f88                hist_num
 .bss.initted.3991
                0x83c28f8c        0x4 common/libcommon.o
 .bss.hist_max  0x83c28f90        0x4 common/libcommon.o
 .bss.hist_add_idx
                0x83c28f94        0x4 common/libcommon.o
 .bss.lastcommand.3673
                0x83c28f98      0x200 common/libcommon.o
 .bss.pNow      0x83c29198        0x4 common/libcommon.o
 .bss.oplbootConsoleBuffer
                0x83c2919c      0x200 common/libcommon.o
 .bss.stdio_devices
                0x83c2939c        0xc common/libcommon.o
                0x83c2939c                stdio_devices
 .bss.devs      0x83c293a8       0x3c common/libcommon.o
 .bss.errno     0x83c293e4        0x4 lib/libgeneric.o
                0x83c293e4                errno
 .bss.local.4088
                0x83c293e8       0x18 lib/libgeneric.o
 .bss.env_changed_id.4274
                0x83c29400        0x4 net/libnet.o
 .bss.act.4273  0x83c29404        0x4 net/libnet.o
 .bss.first_failed.4253
                0x83c29408        0x4 net/libnet.o
 .bss.eth_devices
                0x83c2940c        0x4 net/libnet.o
 .bss.eth_current
                0x83c29410        0x4 net/libnet.o
 .bss.NetOurNISDomain
                0x83c29414       0x20 net/libnet.o
                0x83c29414                NetOurNISDomain
 .bss.NetOurHostName
                0x83c29434       0x20 net/libnet.o
                0x83c29434                NetOurHostName
 .bss.NetOurRootPath
                0x83c29454       0x40 net/libnet.o
                0x83c29454                NetOurRootPath
 .bss.mac.3653  0x83c29494        0x8 net/libnet.o
 .bss.env_changed_id.3447
                0x83c2949c        0x4 net/libnet.o
 .bss.NetRestarted
                0x83c294a0        0x4 net/libnet.o
 .bss.NetDevExists
                0x83c294a4        0x4 net/libnet.o
 .bss.packetHandler
                0x83c294a8        0x4 net/libnet.o
 .bss.timeHandler
                0x83c294ac        0x4 net/libnet.o
 .bss.timeStart
                0x83c294b0        0x4 net/libnet.o
 .bss.timeDelta
                0x83c294b4        0x4 net/libnet.o
 .bss.NetTryCount
                0x83c294b8        0x4 net/libnet.o
 .bss.PingSeqNo
                0x83c294bc        0x2 net/libnet.o
 *fill*         0x83c294be        0x2 00
 .bss.TftpRemoteIP
                0x83c294c0        0x4 net/libnet.o
 .bss.TftpRemotePort
                0x83c294c4        0x4 net/libnet.o
 .bss.TftpOurPort
                0x83c294c8        0x4 net/libnet.o
 .bss.TftpTimeoutCount
                0x83c294cc        0x4 net/libnet.o
 .bss.TftpBlock
                0x83c294d0        0x4 net/libnet.o
 .bss.TftpLastBlock
                0x83c294d4        0x4 net/libnet.o
 .bss.TftpBlockWrap
                0x83c294d8        0x4 net/libnet.o
 .bss.TftpBlockWrapOffset
                0x83c294dc        0x4 net/libnet.o
 .bss.TftpState
                0x83c294e0        0x4 net/libnet.o
 .bss.default_filename
                0x83c294e4       0x10 net/libnet.o
 .bss.tftp_filename
                0x83c294f4       0x80 net/libnet.o
 .bss.g_reset_flag
                0x83c29574        0x4 board/Realtek/luna/libluna.o
 .bss.g_err_handle_block_mode
                0x83c29578        0x4 board/Realtek/luna/libluna.o
 .bss.$19.4171  0x83c2957c        0x4 board/Realtek/luna/libluna.o
 .bss.$18.4170  0x83c29580        0x4 board/Realtek/luna/libluna.o
 .bss.$17.4169  0x83c29584        0x4 board/Realtek/luna/libluna.o
 COMMON         0x83c29588      0x588 arch/otto/cpu/rlx5281/luna/libluna.o
                0x83c29588                pTxBDPtr
                0x83c2958c                pRxBDPtr
                0x83c29590                descriptor_tx
                0x83c29910                descriptor_rx
 COMMON         0x83c29b10        0x4 arch/otto/lib/libotto.o
                0x83c29b10                monitor_flash_len
 COMMON         0x83c29b14     0x2afc common/libcommon.o
                0x83c29b14                console_buffer
                0x83c29d18                hist_list
                0x83c29d68                hist_lines
                0x83c2c57c                save_addr
                0x83c2c580                images
                0x83c2c60c                save_size
 COMMON         0x83c2c610        0x4 lib/libgeneric.o
                0x83c2c610                ___strtok
 COMMON         0x83c2c614     0x2544 net/libnet.o
                0x83c2c614                NetArpWaitTry
                0x83c2c618                NetArpWaitPacketMAC
                0x83c2c61c                NetOurEther
                0x83c2c624                NetOurIP
                0x83c2c628                NetPingIP
                0x83c2c62c                NetServerIP
                0x83c2c630                NetArpWaitTxPacketSize
                0x83c2c634                NetArpWaitReplyIP
                0x83c2c638                NetArpWaitTxPacket
                0x83c2c63c                NetRxPackets
                0x83c2c64c                NetArpWaitPacketIP
                0x83c2c650                NetState
                0x83c2c654                BootpTry
                0x83c2c658                BootFile
                0x83c2c6d8                NetServerEther
                0x83c2c6e0                NetOurSubnetMask
                0x83c2c6e4                NetBootFileSize
                0x83c2c6e8                NetIPID
                0x83c2c6ec                NetRxPacket
                0x83c2c6f0                BootpID
                0x83c2c6f4                NetOurGatewayIP
                0x83c2c6f8                NetEtherNullAddr
                0x83c2c700                NetRestartWrap
                0x83c2c704                NetArpWaitPacketBuf
                0x83c2cd24                NetTxPacket
                0x83c2cd28                NetBootFileXferSize
                0x83c2cd2c                NetOurDNSIP
                0x83c2cd30                NetRxPacketLen
                0x83c2cd34                PktBuf
                0x83c2eb54                NetArpWaitTimerStart
                0x83c2eb58                uboot_end = .
Address of section .text set to 0x83c00000
LOAD arch/otto/cpu/rlx5281/start.o
START GROUP
LOAD api/libapi.o
LOAD arch/otto/cpu/rlx5281/librlx5281.o
LOAD arch/otto/cpu/rlx5281/luna/libluna.o
LOAD arch/otto/lib/libotto.o
LOAD common/libcommon.o
LOAD disk/libdisk.o
LOAD drivers/bios_emulator/libatibiosemu.o
LOAD drivers/block/libblock.o
LOAD drivers/dma/libdma.o
LOAD drivers/fpga/libfpga.o
LOAD drivers/gpio/libgpio.o
LOAD drivers/hwmon/libhwmon.o
LOAD drivers/i2c/libi2c.o
LOAD drivers/input/libinput.o
LOAD drivers/misc/libmisc.o
LOAD drivers/mmc/libmmc.o
LOAD drivers/mtd/libmtd.o
LOAD drivers/mtd/nand/libnand.o
LOAD drivers/mtd/onenand/libonenand.o
LOAD drivers/mtd/spi/libspi_flash.o
LOAD drivers/mtd/ubi/libubi.o
LOAD drivers/net/libnet.o
LOAD drivers/net/phy/libphy.o
LOAD drivers/pci/libpci.o
LOAD drivers/pcmcia/libpcmcia.o
LOAD drivers/power/libpower.o
LOAD drivers/rtc/librtc.o
LOAD drivers/serial/libserial.o
LOAD drivers/spi/libspi.o
LOAD drivers/twserial/libtws.o
LOAD drivers/usb/eth/libusb_eth.o
LOAD drivers/usb/gadget/libusb_gadget.o
LOAD drivers/usb/host/libusb_host.o
LOAD drivers/usb/musb/libusb_musb.o
LOAD drivers/usb/phy/libusb_phy.o
LOAD drivers/usb/ulpi/libusb_ulpi.o
LOAD drivers/video/libvideo.o
LOAD drivers/watchdog/libwatchdog.o
LOAD fs/cramfs/libcramfs.o
LOAD fs/ext2/libext2fs.o
LOAD fs/fat/libfat.o
LOAD fs/fdos/libfdos.o
LOAD fs/jffs2/libjffs2.o
LOAD fs/reiserfs/libreiserfs.o
LOAD fs/ubifs/libubifs.o
LOAD fs/yaffs2/libyaffs2.o
LOAD lib/libfdt/libfdt.o
LOAD lib/libgeneric.o
LOAD lib/lzma/liblzma.o
LOAD lib/lzo/liblzo.o
LOAD lib/zlib/libz.o
LOAD net/libnet.o
LOAD post/libpost.o
LOAD board/Realtek/luna/libluna.o
END GROUP
OUTPUT(u-boot elf32-tradbigmips)

.pdr            0x00000000        0x0
 .pdr           0x00000000        0x0 arch/otto/cpu/rlx5281/start.o
 .pdr           0x00000000        0x0 drivers/pcmcia/libpcmcia.o

.comment        0x00000000       0x22
 .comment       0x00000000       0x22 arch/otto/cpu/rlx5281/librlx5281.o
                                 0x46 (size before relaxing)
 .comment       0x00000000       0xaf arch/otto/cpu/rlx5281/luna/libluna.o
 .comment       0x00000000      0x118 arch/otto/lib/libotto.o
 .comment       0x00000000      0x41a common/libcommon.o
 .comment       0x00000000       0x23 disk/libdisk.o
 .comment       0x00000000       0x46 drivers/pcmcia/libpcmcia.o
 .comment       0x00000000       0x23 drivers/rtc/librtc.o
 .comment       0x00000000      0x230 lib/libgeneric.o
 .comment       0x00000000       0x46 lib/lzma/liblzma.o
 .comment       0x00000000       0x23 lib/zlib/libz.o
 .comment       0x00000000       0x8c net/libnet.o
 .comment       0x00000000       0xf5 board/Realtek/luna/libluna.o

.gnu.attributes
                0x00000000       0x10
 .gnu.attributes
                0x00000000       0x10 arch/otto/cpu/rlx5281/librlx5281.o
 .gnu.attributes
                0x00000010       0x10 arch/otto/cpu/rlx5281/luna/libluna.o
 .gnu.attributes
                0x00000020       0x10 arch/otto/lib/libotto.o
 .gnu.attributes
                0x00000030       0x10 common/libcommon.o
 .gnu.attributes
                0x00000040       0x10 disk/libdisk.o
 .gnu.attributes
                0x00000050       0x10 drivers/pcmcia/libpcmcia.o
 .gnu.attributes
                0x00000060       0x10 drivers/rtc/librtc.o
 .gnu.attributes
                0x00000070       0x10 lib/libgeneric.o
 .gnu.attributes
                0x00000080       0x10 lib/lzma/liblzma.o
 .gnu.attributes
                0x00000090       0x10 lib/zlib/libz.o
 .gnu.attributes
                0x000000a0       0x10 net/libnet.o
 .gnu.attributes
                0x000000b0       0x10 board/Realtek/luna/libluna.o

.mdebug.abi32   0x00000000        0x0
 .mdebug.abi32  0x00000000        0x0 arch/otto/cpu/rlx5281/librlx5281.o
 .mdebug.abi32  0x00000000        0x0 arch/otto/cpu/rlx5281/luna/libluna.o
 .mdebug.abi32  0x00000000        0x0 arch/otto/lib/libotto.o
 .mdebug.abi32  0x00000000        0x0 common/libcommon.o
 .mdebug.abi32  0x00000000        0x0 disk/libdisk.o
 .mdebug.abi32  0x00000000        0x0 drivers/pcmcia/libpcmcia.o
 .mdebug.abi32  0x00000000        0x0 drivers/rtc/librtc.o
 .mdebug.abi32  0x00000000        0x0 lib/libgeneric.o
 .mdebug.abi32  0x00000000        0x0 lib/lzma/liblzma.o
 .mdebug.abi32  0x00000000        0x0 lib/zlib/libz.o
 .mdebug.abi32  0x00000000        0x0 net/libnet.o
 .mdebug.abi32  0x00000000        0x0 board/Realtek/luna/libluna.o

.debug_line     0x00000000     0xcacd
 .debug_line    0x00000000       0xc0 arch/otto/cpu/rlx5281/start.o
 .debug_line    0x000000c0      0x31a arch/otto/cpu/rlx5281/librlx5281.o
 .debug_line    0x000003da      0x767 arch/otto/cpu/rlx5281/luna/libluna.o
 .debug_line    0x00000b41      0xdc5 arch/otto/lib/libotto.o
 .debug_line    0x00001906     0x4a2c common/libcommon.o
 .debug_line    0x00006332       0xf8 disk/libdisk.o
 .debug_line    0x0000642a       0x94 drivers/pcmcia/libpcmcia.o
 .debug_line    0x000064be       0xf6 drivers/rtc/librtc.o
 .debug_line    0x000065b4     0x188f lib/libgeneric.o
 .debug_line    0x00007e43      0x7a7 lib/lzma/liblzma.o
 .debug_line    0x000085ea      0x7c9 lib/zlib/libz.o
 .debug_line    0x00008db3     0x1133 net/libnet.o
 .debug_line    0x00009ee6     0x2be7 board/Realtek/luna/libluna.o

.debug_info     0x00000000    0x263a0
 .debug_info    0x00000000       0x8d arch/otto/cpu/rlx5281/start.o
 .debug_info    0x0000008d      0x416 arch/otto/cpu/rlx5281/librlx5281.o
 .debug_info    0x000004a3      0xd1e arch/otto/cpu/rlx5281/luna/libluna.o
 .debug_info    0x000011c1     0x4d85 arch/otto/lib/libotto.o
 .debug_info    0x00005f46     0xeeca common/libcommon.o
 .debug_info    0x00014e10      0x26d disk/libdisk.o
 .debug_info    0x0001507d       0xfe drivers/pcmcia/libpcmcia.o
 .debug_info    0x0001517b      0x259 drivers/rtc/librtc.o
 .debug_info    0x000153d4     0x31aa lib/libgeneric.o
 .debug_info    0x0001857e     0x156f lib/lzma/liblzma.o
 .debug_info    0x00019aed      0xfef lib/zlib/libz.o
 .debug_info    0x0001aadc     0x311f net/libnet.o
 .debug_info    0x0001dbfb     0x87a5 board/Realtek/luna/libluna.o

.debug_abbrev   0x00000000     0x8648
 .debug_abbrev  0x00000000       0x14 arch/otto/cpu/rlx5281/start.o
 .debug_abbrev  0x00000014      0x1d6 arch/otto/cpu/rlx5281/librlx5281.o
 .debug_abbrev  0x000001ea      0x4a0 arch/otto/cpu/rlx5281/luna/libluna.o
 .debug_abbrev  0x0000068a      0xe75 arch/otto/lib/libotto.o
 .debug_abbrev  0x000014ff     0x38bd common/libcommon.o
 .debug_abbrev  0x00004dbc       0xdf disk/libdisk.o
 .debug_abbrev  0x00004e9b       0x7e drivers/pcmcia/libpcmcia.o
 .debug_abbrev  0x00004f19      0x129 drivers/rtc/librtc.o
 .debug_abbrev  0x00005042     0x1226 lib/libgeneric.o
 .debug_abbrev  0x00006268      0x48d lib/lzma/liblzma.o
 .debug_abbrev  0x000066f5      0x30c lib/zlib/libz.o
 .debug_abbrev  0x00006a01      0xcbf net/libnet.o
 .debug_abbrev  0x000076c0      0xf88 board/Realtek/luna/libluna.o

.debug_aranges  0x00000000     0x1910
 .debug_aranges
                0x00000000       0x20 arch/otto/cpu/rlx5281/start.o
 .debug_aranges
                0x00000020       0x98 arch/otto/cpu/rlx5281/librlx5281.o
 .debug_aranges
                0x000000b8      0x140 arch/otto/cpu/rlx5281/luna/libluna.o
 .debug_aranges
                0x000001f8      0x1c8 arch/otto/lib/libotto.o
 .debug_aranges
                0x000003c0      0x918 common/libcommon.o
 .debug_aranges
                0x00000cd8       0x20 disk/libdisk.o
 .debug_aranges
                0x00000cf8       0x30 drivers/rtc/librtc.o
 .debug_aranges
                0x00000d28      0x368 lib/libgeneric.o
 .debug_aranges
                0x00001090       0xb8 lib/lzma/liblzma.o
 .debug_aranges
                0x00001148       0x68 lib/zlib/libz.o
 .debug_aranges
                0x000011b0      0x210 net/libnet.o
 .debug_aranges
                0x000013c0      0x550 board/Realtek/luna/libluna.o

.debug_pubnames
                0x00000000     0x33c3
 .debug_pubnames
                0x00000000       0xd2 arch/otto/cpu/rlx5281/librlx5281.o
 .debug_pubnames
                0x000000d2      0x188 arch/otto/cpu/rlx5281/luna/libluna.o
 .debug_pubnames
                0x0000025a      0x332 arch/otto/lib/libotto.o
 .debug_pubnames
                0x0000058c     0x12b3 common/libcommon.o
 .debug_pubnames
                0x0000183f       0x1e disk/libdisk.o
 .debug_pubnames
                0x0000185d       0x38 drivers/rtc/librtc.o
 .debug_pubnames
                0x00001895      0x48a lib/libgeneric.o
 .debug_pubnames
                0x00001d1f      0x118 lib/lzma/liblzma.o
 .debug_pubnames
                0x00001e37       0xb4 lib/zlib/libz.o
 .debug_pubnames
                0x00001eeb      0x605 net/libnet.o
 .debug_pubnames
                0x000024f0      0xed3 board/Realtek/luna/libluna.o

.debug_frame    0x00000000     0x4130
 .debug_frame   0x00000000       0xe0 arch/otto/cpu/rlx5281/librlx5281.o
 .debug_frame   0x000000e0      0x1e0 arch/otto/cpu/rlx5281/luna/libluna.o
 .debug_frame   0x000002c0      0x3ec arch/otto/lib/libotto.o
 .debug_frame   0x000006ac     0x1964 common/libcommon.o
 .debug_frame   0x00002010       0x20 disk/libdisk.o
 .debug_frame   0x00002030       0x44 drivers/rtc/librtc.o
 .debug_frame   0x00002074      0x798 lib/libgeneric.o
 .debug_frame   0x0000280c      0x220 lib/lzma/liblzma.o
 .debug_frame   0x00002a2c      0x130 lib/zlib/libz.o
 .debug_frame   0x00002b5c      0x624 net/libnet.o
 .debug_frame   0x00003180      0xfb0 board/Realtek/luna/libluna.o

.debug_str      0x00000000     0x7088
 .debug_str     0x00000000      0x1a4 arch/otto/cpu/rlx5281/librlx5281.o
                                0x323 (size before relaxing)
 .debug_str     0x000001a4      0x4e9 arch/otto/cpu/rlx5281/luna/libluna.o
                                0x9c0 (size before relaxing)
 .debug_str     0x0000068d     0x109b arch/otto/lib/libotto.o
                               0x3903 (size before relaxing)
 .debug_str     0x00001728     0x260f common/libcommon.o
                               0x71aa (size before relaxing)
 .debug_str     0x00003d37       0xe6 disk/libdisk.o
                                0x193 (size before relaxing)
 .debug_str     0x00003e1d       0x72 drivers/pcmcia/libpcmcia.o
                                0x203 (size before relaxing)
 .debug_str     0x00003e8f       0x98 drivers/rtc/librtc.o
                                0x18d (size before relaxing)
 .debug_str     0x00003f27      0x584 lib/libgeneric.o
                               0x156f (size before relaxing)
 .debug_str     0x000044ab      0x545 lib/lzma/liblzma.o
                                0x87f (size before relaxing)
 .debug_str     0x000049f0      0x314 lib/zlib/libz.o
                                0x592 (size before relaxing)
 .debug_str     0x00004d04      0xbb5 net/libnet.o
                               0x155e (size before relaxing)
 .debug_str     0x000058b9     0x17cf board/Realtek/luna/libluna.o
                               0x469c (size before relaxing)

.debug_loc      0x00000000    0x17630
 .debug_loc     0x00000000      0x13e arch/otto/cpu/rlx5281/librlx5281.o
 .debug_loc     0x0000013e      0x2e8 arch/otto/cpu/rlx5281/luna/libluna.o
 .debug_loc     0x00000426      0xe61 arch/otto/lib/libotto.o
 .debug_loc     0x00001287     0x9492 common/libcommon.o
 .debug_loc     0x0000a719      0x114 drivers/rtc/librtc.o
 .debug_loc     0x0000a82d     0x2989 lib/libgeneric.o
 .debug_loc     0x0000d1b6     0x1f32 lib/lzma/liblzma.o
 .debug_loc     0x0000f0e8     0x17ff lib/zlib/libz.o
 .debug_loc     0x000108e7     0x1871 net/libnet.o
 .debug_loc     0x00012158     0x54d8 board/Realtek/luna/libluna.o

.debug_ranges   0x00000000     0x4f58
 .debug_ranges  0x00000000       0x68 arch/otto/cpu/rlx5281/librlx5281.o
 .debug_ranges  0x00000068       0xe8 arch/otto/cpu/rlx5281/luna/libluna.o
 .debug_ranges  0x00000150      0x360 arch/otto/lib/libotto.o
 .debug_ranges  0x000004b0     0x25f0 common/libcommon.o
 .debug_ranges  0x00002aa0       0x18 disk/libdisk.o
 .debug_ranges  0x00002ab8       0x28 drivers/rtc/librtc.o
 .debug_ranges  0x00002ae0      0x560 lib/libgeneric.o
 .debug_ranges  0x00003040      0x450 lib/lzma/liblzma.o
 .debug_ranges  0x00003490       0x60 lib/zlib/libz.o
 .debug_ranges  0x000034f0      0x760 net/libnet.o
 .debug_ranges  0x00003c50     0x1308 board/Realtek/luna/libluna.o
